#
# There is insufficient memory for the Java Runtime Environment to continue.
# Native memory allocation (mmap) failed to map 484442112 bytes for G1 virtual space
# Possible reasons:
#   The system is out of physical RAM or swap space
#   The process is running with CompressedOops enabled, and the Java Heap may be blocking the growth of the native heap
# Possible solutions:
#   Reduce memory load on the system
#   Increase physical memory or swap space
#   Check if swap backing store is full
#   Decrease Java heap size (-Xmx/-Xms)
#   Decrease number of Java threads
#   Decrease Java thread stack sizes (-Xss)
#   Set larger code cache with -XX:ReservedCodeCacheSize=
#   JVM is running with Zero Based Compressed Oops mode in which the Java heap is
#     placed in the first 32GB address space. The Java Heap base address is the
#     maximum limit for the native heap growth. Please use -XX:HeapBaseMinAddress
#     to set the Java Heap base and to place the Java Heap above 32GB virtual address.
# This output file may be truncated or incomplete.
#
#  Out of Memory Error (os_windows.cpp:3603), pid=13760, tid=14720
#
# JRE version: Java(TM) SE Runtime Environment (21.0.7+8) (build 21.0.7+8-LTS-245)
# Java VM: Java HotSpot(TM) 64-Bit Server VM (21.0.7+8-LTS-245, mixed mode, sharing, tiered, compressed oops, compressed class ptrs, g1 gc, windows-amd64)
# No core dump will be written. Minidumps are not enabled by default on client versions of Windows
#

---------------  S U M M A R Y ------------

Command Line: --add-opens=java.base/java.lang=ALL-UNNAMED --add-opens=java.base/java.lang.invoke=ALL-UNNAMED --add-opens=java.base/java.util=ALL-UNNAMED --add-opens=java.prefs/java.util.prefs=ALL-UNNAMED --add-exports=jdk.compiler/com.sun.tools.javac.api=ALL-UNNAMED --add-exports=jdk.compiler/com.sun.tools.javac.util=ALL-UNNAMED --add-opens=java.base/java.util=ALL-UNNAMED --add-opens=java.prefs/java.util.prefs=ALL-UNNAMED --add-opens=java.base/java.nio.charset=ALL-UNNAMED --add-opens=java.base/java.net=ALL-UNNAMED --add-opens=java.base/java.util.concurrent.atomic=ALL-UNNAMED --add-opens=java.xml/javax.xml.namespace=ALL-UNNAMED -XX:+HeapDumpOnOutOfMemoryError -Xmx4096m -Dfile.encoding=UTF-8 -Duser.country=CO -Duser.language=es -Duser.variant -javaagent:C:\Users\Mosca\.gradle\wrapper\dists\gradle-8.13-bin\5xuhj0ry160q40clulazy9h7d\gradle-8.13\lib\agents\gradle-instrumentation-agent-8.13.jar org.gradle.launcher.daemon.bootstrap.GradleDaemon 8.13

Host: Intel(R) Core(TM) i3-6006U CPU @ 2.00GHz, 4 cores, 3G,  Windows 10 , 64 bit Build 19041 (10.0.19041.5915)
Time: Sun Jul 27 17:23:58 2025 Hora est. Pacífico, Sudamérica elapsed time: 791.063395 seconds (0d 0h 13m 11s)

---------------  T H R E A D  ---------------

Current thread (0x000001f47e6f82e0):  VMThread "VM Thread"          [id=14720, stack(0x0000008035700000,0x0000008035800000) (1024K)]

Stack: [0x0000008035700000,0x0000008035800000]
Native frames: (J=compiled Java code, j=interpreted, Vv=VM code, C=native code)
V  [jvm.dll+0x6cae19]
V  [jvm.dll+0x855741]
V  [jvm.dll+0x857c6e]
V  [jvm.dll+0x858343]
V  [jvm.dll+0x27e0b6]
V  [jvm.dll+0x6c7595]
V  [jvm.dll+0x6bc0fa]
V  [jvm.dll+0x353eaa]
V  [jvm.dll+0x35bb26]
V  [jvm.dll+0x3ae52e]
V  [jvm.dll+0x3ae7d8]
V  [jvm.dll+0x3281bc]
V  [jvm.dll+0x328247]
V  [jvm.dll+0x36cbcc]
V  [jvm.dll+0x36b41e]
V  [jvm.dll+0x327981]
V  [jvm.dll+0x36ab3a]
V  [jvm.dll+0x85e110]
V  [jvm.dll+0x85f494]
V  [jvm.dll+0x85f9d0]
V  [jvm.dll+0x85fc73]
V  [jvm.dll+0x7ffa1b]
V  [jvm.dll+0x6c94fd]
C  [ucrtbase.dll+0x21bb2]
C  [KERNEL32.DLL+0x17374]
C  [ntdll.dll+0x4cc91]

VM_Operation (0x0000008039cfcee0): G1CollectForAllocation, mode: safepoint, requested by thread 0x000001f45c7b8e60


---------------  P R O C E S S  ---------------

Threads class SMR info:
_java_thread_list=0x000001f4627b3dd0, length=98, elements={
0x000001f472f11770, 0x000001f47e710500, 0x000001f47e711c60, 0x000001f47e716b40,
0x000001f47e7185a0, 0x000001f47e718ff0, 0x000001f47e719a40, 0x000001f47e71a7c0,
0x000001f47e71c4e0, 0x000001f47e7ce7a0, 0x000001f47eab5650, 0x000001f47e9c3830,
0x000001f458e573d0, 0x000001f4591365f0, 0x000001f458f37ce0, 0x000001f458f78ba0,
0x000001f458f798f0, 0x000001f4582a8bf0, 0x000001f4580ccdb0, 0x000001f4580cdad0,
0x000001f4580ca650, 0x000001f4580cace0, 0x000001f4580cc090, 0x000001f4580cb370,
0x000001f4580cba00, 0x000001f4580cc720, 0x000001f459782430, 0x000001f4597858b0,
0x000001f459783e70, 0x000001f459781080, 0x000001f459782ac0, 0x000001f4597886a0,
0x000001f4597872f0, 0x000001f459784500, 0x000001f459781da0, 0x000001f4597865d0,
0x000001f4597837e0, 0x000001f459786c60, 0x000001f459787980, 0x000001f459dad790,
0x000001f459daca70, 0x000001f459dafef0, 0x000001f459da8f60, 0x000001f459dabd50,
0x000001f459dab030, 0x000001f459db0580, 0x000001f459dac3e0, 0x000001f45acf80f0,
0x000001f45acfaee0, 0x000001f45acfbc00, 0x000001f45acfc290, 0x000001f45acf6020,
0x000001f45acfcfb0, 0x000001f45acf66b0, 0x000001f459dade20, 0x000001f45c7b6d90,
0x000001f45c7bbc50, 0x000001f45c7b87d0, 0x000001f45c7b6070, 0x000001f45c7bb5c0,
0x000001f45c7baf30, 0x000001f45c7bc2e0, 0x000001f45c7ba210, 0x000001f45c7bc970,
0x000001f45c7bd000, 0x000001f45c7b8e60, 0x000001f45c7b8140, 0x000001f45c7b94f0,
0x000001f45acf8780, 0x000001f45acfd640, 0x000001f45acf7a60, 0x000001f4622fb450,
0x000001f4622f5f00, 0x000001f4622f7940, 0x000001f4622f4b50, 0x000001f4622f9380,
0x000001f4622f51e0, 0x000001f4622fbae0, 0x000001f4622f6590, 0x000001f4622fadc0,
0x000001f4622f8660, 0x000001f4622fa0a0, 0x000001f4622fa730, 0x000001f4622fc170,
0x000001f4622f5870, 0x000001f4622f72b0, 0x000001f4622f6c20, 0x000001f4622f7fd0,
0x000001f4622f8cf0, 0x000001f45dbc7e60, 0x000001f45dbc5700, 0x000001f45da07740,
0x000001f45da070b0, 0x000001f45da035a0, 0x000001f45da042c0, 0x000001f45da07dd0,
0x000001f45da08460, 0x000001f45da06390
}

Java Threads: ( => current thread )
  0x000001f472f11770 JavaThread "main"                              [_thread_blocked, id=7772, stack(0x0000008035000000,0x0000008035100000) (1024K)]
  0x000001f47e710500 JavaThread "Reference Handler"          daemon [_thread_blocked, id=2876, stack(0x0000008035800000,0x0000008035900000) (1024K)]
  0x000001f47e711c60 JavaThread "Finalizer"                  daemon [_thread_blocked, id=1568, stack(0x0000008035900000,0x0000008035a00000) (1024K)]
  0x000001f47e716b40 JavaThread "Signal Dispatcher"          daemon [_thread_blocked, id=13184, stack(0x0000008035a00000,0x0000008035b00000) (1024K)]
  0x000001f47e7185a0 JavaThread "Attach Listener"            daemon [_thread_blocked, id=1612, stack(0x0000008035b00000,0x0000008035c00000) (1024K)]
  0x000001f47e718ff0 JavaThread "Service Thread"             daemon [_thread_blocked, id=13380, stack(0x0000008035c00000,0x0000008035d00000) (1024K)]
  0x000001f47e719a40 JavaThread "Monitor Deflation Thread"   daemon [_thread_blocked, id=14980, stack(0x0000008035d00000,0x0000008035e00000) (1024K)]
  0x000001f47e71a7c0 JavaThread "C2 CompilerThread0"         daemon [_thread_blocked, id=13660, stack(0x0000008035e00000,0x0000008035f00000) (1024K)]
  0x000001f47e71c4e0 JavaThread "C1 CompilerThread0"         daemon [_thread_blocked, id=14240, stack(0x0000008035f00000,0x0000008036000000) (1024K)]
  0x000001f47e7ce7a0 JavaThread "Common-Cleaner"             daemon [_thread_blocked, id=12820, stack(0x0000008036000000,0x0000008036100000) (1024K)]
  0x000001f47eab5650 JavaThread "Notification Thread"        daemon [_thread_blocked, id=16228, stack(0x0000008036100000,0x0000008036200000) (1024K)]
  0x000001f47e9c3830 JavaThread "Daemon health stats"               [_thread_blocked, id=16316, stack(0x0000008036500000,0x0000008036600000) (1024K)]
  0x000001f458e573d0 JavaThread "Incoming local TCP Connector on port 62050"        [_thread_in_native, id=6360, stack(0x0000008036600000,0x0000008036700000) (1024K)]
  0x000001f4591365f0 JavaThread "Daemon periodic checks"            [_thread_blocked, id=14112, stack(0x0000008036700000,0x0000008036800000) (1024K)]
  0x000001f458f37ce0 JavaThread "Daemon"                            [_thread_blocked, id=3464, stack(0x0000008036800000,0x0000008036900000) (1024K)]
  0x000001f458f78ba0 JavaThread "Handler for socket connection from /127.0.0.1:62050 to /127.0.0.1:62051"        [_thread_in_native, id=2668, stack(0x0000008036900000,0x0000008036a00000) (1024K)]
  0x000001f458f798f0 JavaThread "Cancel handler"                    [_thread_blocked, id=7268, stack(0x0000008036a00000,0x0000008036b00000) (1024K)]
  0x000001f4582a8bf0 JavaThread "Daemon worker"                     [_thread_blocked, id=12140, stack(0x0000008036b00000,0x0000008036c00000) (1024K)]
  0x000001f4580ccdb0 JavaThread "Asynchronous log dispatcher for DefaultDaemonConnection: socket connection from /127.0.0.1:62050 to /127.0.0.1:62051"        [_thread_blocked, id=7912, stack(0x0000008036c00000,0x0000008036d00000) (1024K)]
  0x000001f4580cdad0 JavaThread "Stdin handler"                     [_thread_blocked, id=14232, stack(0x0000008036d00000,0x0000008036e00000) (1024K)]
  0x000001f4580ca650 JavaThread "Daemon client event forwarder"        [_thread_blocked, id=12888, stack(0x0000008036e00000,0x0000008036f00000) (1024K)]
  0x000001f4580cace0 JavaThread "Cache worker for journal cache (C:\Users\Mosca\.gradle\caches\journal-1)"        [_thread_blocked, id=13492, stack(0x0000008036f00000,0x0000008037000000) (1024K)]
  0x000001f4580cc090 JavaThread "File lock request listener"        [_thread_in_native, id=12492, stack(0x0000008037000000,0x0000008037100000) (1024K)]
  0x000001f4580cb370 JavaThread "Cache worker for file hash cache (C:\Users\Mosca\.gradle\caches\8.13\fileHashes)"        [_thread_blocked, id=5944, stack(0x0000008037100000,0x0000008037200000) (1024K)]
  0x000001f4580cba00 JavaThread "Cache worker for file hash cache (C:\Users\Mosca\Documents\androidestudio\RestauranteAPP\.gradle\8.13\fileHashes)"        [_thread_blocked, id=9752, stack(0x0000008037200000,0x0000008037300000) (1024K)]
  0x000001f4580cc720 JavaThread "Cache worker for Build Output Cleanup Cache (C:\Users\Mosca\Documents\androidestudio\RestauranteAPP\.gradle\buildOutputCleanup)"        [_thread_blocked, id=12912, stack(0x0000008037300000,0x0000008037400000) (1024K)]
  0x000001f459782430 JavaThread "File watcher server"        daemon [_thread_blocked, id=6276, stack(0x0000008037400000,0x0000008037500000) (1024K)]
  0x000001f4597858b0 JavaThread "File watcher consumer"      daemon [_thread_blocked, id=13548, stack(0x0000008037500000,0x0000008037600000) (1024K)]
  0x000001f459783e70 JavaThread "Cache worker for checksums cache (C:\Users\Mosca\Documents\androidestudio\RestauranteAPP\.gradle\8.13\checksums)"        [_thread_blocked, id=13444, stack(0x0000008037600000,0x0000008037700000) (1024K)]
  0x000001f459781080 JavaThread "Cache worker for file content cache (C:\Users\Mosca\.gradle\caches\8.13\fileContent)"        [_thread_blocked, id=14156, stack(0x0000008037700000,0x0000008037800000) (1024K)]
  0x000001f459782ac0 JavaThread "Cache worker for cache directory md-supplier (C:\Users\Mosca\.gradle\caches\8.13\md-supplier)"        [_thread_blocked, id=11460, stack(0x0000008037800000,0x0000008037900000) (1024K)]
  0x000001f4597886a0 JavaThread "Cache worker for cache directory md-rule (C:\Users\Mosca\.gradle\caches\8.13\md-rule)"        [_thread_blocked, id=8684, stack(0x0000008037900000,0x0000008037a00000) (1024K)]
  0x000001f4597872f0 JavaThread "jar transforms"                    [_thread_blocked, id=8468, stack(0x0000008034e00000,0x0000008034f00000) (1024K)]
  0x000001f459784500 JavaThread "Unconstrained build operations"        [_thread_blocked, id=9996, stack(0x0000008034f00000,0x0000008035000000) (1024K)]
  0x000001f459781da0 JavaThread "Unconstrained build operations Thread 2"        [_thread_blocked, id=4812, stack(0x0000008037a00000,0x0000008037b00000) (1024K)]
  0x000001f4597865d0 JavaThread "Unconstrained build operations Thread 3"        [_thread_blocked, id=14776, stack(0x0000008037b00000,0x0000008037c00000) (1024K)]
  0x000001f4597837e0 JavaThread "Unconstrained build operations Thread 4"        [_thread_blocked, id=11664, stack(0x0000008037c00000,0x0000008037d00000) (1024K)]
  0x000001f459786c60 JavaThread "Unconstrained build operations Thread 5"        [_thread_blocked, id=10148, stack(0x0000008037d00000,0x0000008037e00000) (1024K)]
  0x000001f459787980 JavaThread "Unconstrained build operations Thread 6"        [_thread_blocked, id=10948, stack(0x0000008037e00000,0x0000008037f00000) (1024K)]
  0x000001f459dad790 JavaThread "Unconstrained build operations Thread 7"        [_thread_blocked, id=3476, stack(0x0000008037f00000,0x0000008038000000) (1024K)]
  0x000001f459daca70 JavaThread "Unconstrained build operations Thread 8"        [_thread_blocked, id=3412, stack(0x0000008038000000,0x0000008038100000) (1024K)]
  0x000001f459dafef0 JavaThread "Unconstrained build operations Thread 9"        [_thread_blocked, id=13700, stack(0x0000008038100000,0x0000008038200000) (1024K)]
  0x000001f459da8f60 JavaThread "jar transforms Thread 2"           [_thread_blocked, id=12956, stack(0x0000008038200000,0x0000008038300000) (1024K)]
  0x000001f459dabd50 JavaThread "jar transforms Thread 3"           [_thread_blocked, id=13940, stack(0x0000008038300000,0x0000008038400000) (1024K)]
  0x000001f459dab030 JavaThread "Memory manager"                    [_thread_blocked, id=15560, stack(0x0000008038400000,0x0000008038500000) (1024K)]
  0x000001f459db0580 JavaThread "build event listener"              [_thread_blocked, id=14728, stack(0x0000008038500000,0x0000008038600000) (1024K)]
  0x000001f459dac3e0 JavaThread "jar transforms Thread 4"           [_thread_blocked, id=4364, stack(0x0000008038600000,0x0000008038700000) (1024K)]
  0x000001f45acf80f0 JavaThread "Problems report writer"            [_thread_blocked, id=6520, stack(0x0000008038700000,0x0000008038800000) (1024K)]
  0x000001f45acfaee0 JavaThread "pool-3-thread-1"                   [_thread_blocked, id=14824, stack(0x0000008038900000,0x0000008038a00000) (1024K)]
  0x000001f45acfbc00 JavaThread "build event listener"              [_thread_blocked, id=8660, stack(0x0000008038a00000,0x0000008038b00000) (1024K)]
  0x000001f45acfc290 JavaThread "included builds"                   [_thread_blocked, id=14264, stack(0x0000008038b00000,0x0000008038c00000) (1024K)]
  0x000001f45acf6020 JavaThread "Execution worker"                  [_thread_blocked, id=13256, stack(0x0000008038e00000,0x0000008038f00000) (1024K)]
  0x000001f45acfcfb0 JavaThread "Execution worker Thread 2"         [_thread_blocked, id=2428, stack(0x0000008038f00000,0x0000008039000000) (1024K)]
  0x000001f45acf66b0 JavaThread "Execution worker Thread 3"         [_thread_blocked, id=11024, stack(0x0000008039000000,0x0000008039100000) (1024K)]
  0x000001f459dade20 JavaThread "Cache worker for execution history cache (C:\Users\Mosca\Documents\androidestudio\RestauranteAPP\.gradle\8.13\executionHistory)"        [_thread_blocked, id=2832, stack(0x0000008039100000,0x0000008039200000) (1024K)]
  0x000001f45c7b6d90 JavaThread "Unconstrained build operations Thread 10"        [_thread_blocked, id=11860, stack(0x0000008038800000,0x0000008038900000) (1024K)]
  0x000001f45c7bbc50 JavaThread "Unconstrained build operations Thread 11"        [_thread_blocked, id=8020, stack(0x0000008039200000,0x0000008039300000) (1024K)]
  0x000001f45c7b87d0 JavaThread "Unconstrained build operations Thread 12"        [_thread_blocked, id=9812, stack(0x0000008039300000,0x0000008039400000) (1024K)]
  0x000001f45c7b6070 JavaThread "Unconstrained build operations Thread 13"        [_thread_blocked, id=13124, stack(0x0000008039400000,0x0000008039500000) (1024K)]
  0x000001f45c7bb5c0 JavaThread "Unconstrained build operations Thread 14"        [_thread_blocked, id=7604, stack(0x0000008039500000,0x0000008039600000) (1024K)]
  0x000001f45c7baf30 JavaThread "Unconstrained build operations Thread 15"        [_thread_blocked, id=4956, stack(0x0000008039600000,0x0000008039700000) (1024K)]
  0x000001f45c7bc2e0 JavaThread "Unconstrained build operations Thread 16"        [_thread_blocked, id=12848, stack(0x0000008039700000,0x0000008039800000) (1024K)]
  0x000001f45c7ba210 JavaThread "Unconstrained build operations Thread 17"        [_thread_blocked, id=828, stack(0x0000008039800000,0x0000008039900000) (1024K)]
  0x000001f45c7bc970 JavaThread "Unconstrained build operations Thread 18"        [_thread_blocked, id=3300, stack(0x0000008039900000,0x0000008039a00000) (1024K)]
  0x000001f45c7bd000 JavaThread "WorkerExecutor Queue"              [_thread_blocked, id=5436, stack(0x0000008039b00000,0x0000008039c00000) (1024K)]
  0x000001f45c7b8e60 JavaThread "WorkerExecutor Queue Thread 2"        [_thread_blocked, id=8772, stack(0x0000008039c00000,0x0000008039d00000) (1024K)]
  0x000001f45c7b8140 JavaThread "WorkerExecutor Queue Thread 3"        [_thread_blocked, id=9404, stack(0x0000008039d00000,0x0000008039e00000) (1024K)]
  0x000001f45c7b94f0 JavaThread "Unconstrained build operations Thread 19"        [_thread_blocked, id=15960, stack(0x0000008039e00000,0x0000008039f00000) (1024K)]
  0x000001f45acf8780 JavaThread "Unconstrained build operations Thread 20"        [_thread_blocked, id=3496, stack(0x0000008039f00000,0x000000803a000000) (1024K)]
  0x000001f45acfd640 JavaThread "Unconstrained build operations Thread 21"        [_thread_blocked, id=14628, stack(0x000000803a000000,0x000000803a100000) (1024K)]
  0x000001f45acf7a60 JavaThread "WorkerExecutor Queue Thread 4"        [_thread_blocked, id=1064, stack(0x000000803a100000,0x000000803a200000) (1024K)]
  0x000001f4622fb450 JavaThread "Unconstrained build operations Thread 22"        [_thread_blocked, id=6904, stack(0x000000803a200000,0x000000803a300000) (1024K)]
  0x000001f4622f5f00 JavaThread "Unconstrained build operations Thread 23"        [_thread_blocked, id=14676, stack(0x000000803a300000,0x000000803a400000) (1024K)]
  0x000001f4622f7940 JavaThread "Unconstrained build operations Thread 24"        [_thread_blocked, id=14288, stack(0x000000803a400000,0x000000803a500000) (1024K)]
  0x000001f4622f4b50 JavaThread "Unconstrained build operations Thread 25"        [_thread_blocked, id=2620, stack(0x000000803a500000,0x000000803a600000) (1024K)]
  0x000001f4622f9380 JavaThread "Unconstrained build operations Thread 26"        [_thread_blocked, id=15968, stack(0x000000803a600000,0x000000803a700000) (1024K)]
  0x000001f4622f51e0 JavaThread "Unconstrained build operations Thread 27"        [_thread_blocked, id=14220, stack(0x000000803a700000,0x000000803a800000) (1024K)]
  0x000001f4622fbae0 JavaThread "Unconstrained build operations Thread 28"        [_thread_blocked, id=7228, stack(0x0000008038c00000,0x0000008038d00000) (1024K)]
  0x000001f4622f6590 JavaThread "Unconstrained build operations Thread 29"        [_thread_blocked, id=3636, stack(0x0000008038d00000,0x0000008038e00000) (1024K)]
  0x000001f4622fadc0 JavaThread "Unconstrained build operations Thread 30"        [_thread_blocked, id=15220, stack(0x000000803a800000,0x000000803a900000) (1024K)]
  0x000001f4622f8660 JavaThread "Unconstrained build operations Thread 31"        [_thread_blocked, id=1300, stack(0x000000803a900000,0x000000803aa00000) (1024K)]
  0x000001f4622fa0a0 JavaThread "Unconstrained build operations Thread 32"        [_thread_blocked, id=14540, stack(0x000000803aa00000,0x000000803ab00000) (1024K)]
  0x000001f4622fa730 JavaThread "Unconstrained build operations Thread 33"        [_thread_blocked, id=11172, stack(0x000000803ab00000,0x000000803ac00000) (1024K)]
  0x000001f4622fc170 JavaThread "Unconstrained build operations Thread 34"        [_thread_blocked, id=4932, stack(0x000000803ac00000,0x000000803ad00000) (1024K)]
  0x000001f4622f5870 JavaThread "Unconstrained build operations Thread 35"        [_thread_blocked, id=10672, stack(0x000000803ad00000,0x000000803ae00000) (1024K)]
  0x000001f4622f72b0 JavaThread "Unconstrained build operations Thread 36"        [_thread_blocked, id=16268, stack(0x000000803ae00000,0x000000803af00000) (1024K)]
  0x000001f4622f6c20 JavaThread "Unconstrained build operations Thread 37"        [_thread_blocked, id=9352, stack(0x0000008039a00000,0x0000008039b00000) (1024K)]
  0x000001f4622f7fd0 JavaThread "Unconstrained build operations Thread 38"        [_thread_blocked, id=11596, stack(0x000000803af00000,0x000000803b000000) (1024K)]
  0x000001f4622f8cf0 JavaThread "Unconstrained build operations Thread 39"        [_thread_blocked, id=2116, stack(0x000000803b000000,0x000000803b100000) (1024K)]
  0x000001f45dbc7e60 JavaThread "Unconstrained build operations Thread 40"        [_thread_blocked, id=5692, stack(0x000000803b100000,0x000000803b200000) (1024K)]
  0x000001f45dbc5700 JavaThread "RMI Scheduler(0)"           daemon [_thread_blocked, id=14028, stack(0x000000803b600000,0x000000803b700000) (1024K)]
  0x000001f45da07740 JavaThread "RMI GC Daemon"              daemon [_thread_blocked, id=9532, stack(0x000000803b800000,0x000000803b900000) (1024K)]
  0x000001f45da070b0 JavaThread "RMI TCP Accept-0"           daemon [_thread_in_native, id=2032, stack(0x000000803b900000,0x000000803ba00000) (1024K)]
  0x000001f45da035a0 JavaThread "RMI Reaper"                        [_thread_blocked, id=8148, stack(0x000000803ba00000,0x000000803bb00000) (1024K)]
  0x000001f45da042c0 JavaThread "Cache worker for Java compile cache (C:\Users\Mosca\.gradle\caches\8.13\javaCompile)"        [_thread_blocked, id=7828, stack(0x000000803b500000,0x000000803b600000) (1024K)]
  0x000001f45da07dd0 JavaThread "Build operations"                  [_thread_blocked, id=4320, stack(0x000000803bc00000,0x000000803bd00000) (1024K)]
  0x000001f45da08460 JavaThread "Build operations Thread 2"         [_thread_blocked, id=16352, stack(0x000000803bd00000,0x000000803be00000) (1024K)]
  0x000001f45da06390 JavaThread "Build operations Thread 3"         [_thread_blocked, id=14004, stack(0x000000803be00000,0x000000803bf00000) (1024K)]
Total: 98

Other Threads:
=>0x000001f47e6f82e0 VMThread "VM Thread"                           [id=14720, stack(0x0000008035700000,0x0000008035800000) (1024K)]
  0x000001f47e6ecb50 WatcherThread "VM Periodic Task Thread"        [id=8332, stack(0x0000008035600000,0x0000008035700000) (1024K)]
  0x000001f472f7a010 WorkerThread "GC Thread#0"                     [id=4080, stack(0x0000008035100000,0x0000008035200000) (1024K)]
  0x000001f47eb007a0 WorkerThread "GC Thread#1"                     [id=8868, stack(0x0000008036200000,0x0000008036300000) (1024K)]
  0x000001f47eab86e0 WorkerThread "GC Thread#2"                     [id=15636, stack(0x0000008036300000,0x0000008036400000) (1024K)]
  0x000001f47e93ccd0 WorkerThread "GC Thread#3"                     [id=7324, stack(0x0000008036400000,0x0000008036500000) (1024K)]
  0x000001f470e3dfe0 ConcurrentGCThread "G1 Main Marker"            [id=7188, stack(0x0000008035200000,0x0000008035300000) (1024K)]
  0x000001f470e3eba0 WorkerThread "G1 Conc#0"                       [id=13136, stack(0x0000008035300000,0x0000008035400000) (1024K)]
  0x000001f472fc7350 ConcurrentGCThread "G1 Refine#0"               [id=9684, stack(0x0000008035400000,0x0000008035500000) (1024K)]
  0x000001f472fc7f80 ConcurrentGCThread "G1 Service"                [id=12416, stack(0x0000008035500000,0x0000008035600000) (1024K)]
Total: 10

Threads with active compile tasks:
C2 CompilerThread0   791345 24727       4       com.android.tools.r8.dex.L$$Lambda/0x000001f415492c78::accept (12 bytes)
Total: 1

VM state: at safepoint (normal execution)

VM Mutex/Monitor currently owned by a thread:  ([mutex/lock_event])
[0x00007ffdd5afde50] Threads_lock - owner thread: 0x000001f47e6f82e0
[0x00007ffdd5afdf50] Heap_lock - owner thread: 0x000001f45c7b8e60

Heap address: 0x0000000700000000, size: 4096 MB, Compressed Oops mode: Zero based, Oop shift amount: 3

CDS archive(s) mapped at: [0x000001f413000000-0x000001f413c90000-0x000001f413c90000), size 13172736, SharedBaseAddress: 0x000001f413000000, ArchiveRelocationMode: 1.
Compressed class space mapped at: 0x000001f414000000-0x000001f454000000, reserved size: 1073741824
Narrow klass base: 0x000001f413000000, Narrow klass shift: 0, Narrow klass range: 0x100000000

GC Precious Log:
 CardTable entry size: 512
 Card Set container configuration: InlinePtr #cards 4 size 8 Array Of Cards #cards 16 size 48 Howl #buckets 8 coarsen threshold 3686 Howl Bitmap #cards 512 size 80 coarsen threshold 460 Card regions per heap region 1 cards per card region 4096
 CPUs: 4 total, 4 available
 Memory: 3970M
 Large Page Support: Disabled
 NUMA Support: Disabled
 Compressed Oops: Enabled (Zero based)
 Heap Region Size: 2M
 Heap Min Capacity: 8M
 Heap Initial Capacity: 64M
 Heap Max Capacity: 4G
 Pre-touch: Disabled
 Parallel Workers: 4
 Concurrent Workers: 1
 Concurrent Refinement Workers: 4
 Periodic GC: Disabled

Heap:
 garbage-first heap   total 473088K, used 186397K [0x0000000700000000, 0x0000000800000000)
  region size 2048K, 3 young (6144K), 3 survivors (6144K)
 Metaspace       used 149929K, committed 152512K, reserved 1245184K
  class space    used 19766K, committed 21056K, reserved 1048576K

Heap Regions: E=young(eden), S=young(survivor), O=old, HS=humongous(starts), HC=humongous(continues), CS=collection set, F=free, TAMS=top-at-mark-start, PB=parsable bottom
|   0|0x0000000700000000, 0x0000000700200000, 0x0000000700200000|100%|HS|  |TAMS 0x0000000700000000| PB 0x0000000700000000| Complete 
|   1|0x0000000700200000, 0x0000000700400000, 0x0000000700400000|100%|HC|  |TAMS 0x0000000700200000| PB 0x0000000700200000| Complete 
|   2|0x0000000700400000, 0x0000000700600000, 0x0000000700600000|100%| O|  |TAMS 0x0000000700400000| PB 0x0000000700400000| Untracked 
|   3|0x0000000700600000, 0x0000000700800000, 0x0000000700800000|100%| O|  |TAMS 0x0000000700600000| PB 0x0000000700600000| Untracked 
|   4|0x0000000700800000, 0x0000000700a00000, 0x0000000700a00000|100%| O|  |TAMS 0x0000000700800000| PB 0x0000000700800000| Untracked 
|   5|0x0000000700a00000, 0x0000000700c00000, 0x0000000700c00000|100%| O|  |TAMS 0x0000000700a00000| PB 0x0000000700a00000| Untracked 
|   6|0x0000000700c00000, 0x0000000700e00000, 0x0000000700e00000|100%| O|  |TAMS 0x0000000700c00000| PB 0x0000000700c00000| Untracked 
|   7|0x0000000700e00000, 0x0000000701000000, 0x0000000701000000|100%| O|  |TAMS 0x0000000700e00000| PB 0x0000000700e00000| Untracked 
|   8|0x0000000701000000, 0x0000000701200000, 0x0000000701200000|100%| O|  |TAMS 0x0000000701000000| PB 0x0000000701000000| Untracked 
|   9|0x0000000701200000, 0x0000000701400000, 0x0000000701400000|100%| O|  |TAMS 0x0000000701200000| PB 0x0000000701200000| Untracked 
|  10|0x0000000701400000, 0x0000000701600000, 0x0000000701600000|100%| O|  |TAMS 0x0000000701400000| PB 0x0000000701400000| Untracked 
|  11|0x0000000701600000, 0x0000000701800000, 0x0000000701800000|100%| O|  |TAMS 0x0000000701600000| PB 0x0000000701600000| Untracked 
|  12|0x0000000701800000, 0x0000000701a00000, 0x0000000701a00000|100%| O|  |TAMS 0x0000000701800000| PB 0x0000000701800000| Untracked 
|  13|0x0000000701a00000, 0x0000000701c00000, 0x0000000701c00000|100%| O|  |TAMS 0x0000000701a00000| PB 0x0000000701a00000| Untracked 
|  14|0x0000000701c00000, 0x0000000701e00000, 0x0000000701e00000|100%| O|  |TAMS 0x0000000701c00000| PB 0x0000000701c00000| Untracked 
|  15|0x0000000701e00000, 0x0000000702000000, 0x0000000702000000|100%| O|  |TAMS 0x0000000701e00000| PB 0x0000000701e00000| Untracked 
|  16|0x0000000702000000, 0x0000000702200000, 0x0000000702200000|100%| O|  |TAMS 0x0000000702000000| PB 0x0000000702000000| Untracked 
|  17|0x0000000702200000, 0x0000000702400000, 0x0000000702400000|100%| O|  |TAMS 0x0000000702200000| PB 0x0000000702200000| Untracked 
|  18|0x0000000702400000, 0x0000000702600000, 0x0000000702600000|100%| O|  |TAMS 0x0000000702400000| PB 0x0000000702400000| Untracked 
|  19|0x0000000702600000, 0x0000000702800000, 0x0000000702800000|100%| O|  |TAMS 0x0000000702600000| PB 0x0000000702600000| Untracked 
|  20|0x0000000702800000, 0x0000000702a00000, 0x0000000702a00000|100%| O|  |TAMS 0x0000000702800000| PB 0x0000000702800000| Untracked 
|  21|0x0000000702a00000, 0x0000000702c00000, 0x0000000702c00000|100%| O|  |TAMS 0x0000000702a00000| PB 0x0000000702a00000| Untracked 
|  22|0x0000000702c00000, 0x0000000702e00000, 0x0000000702e00000|100%| O|  |TAMS 0x0000000702c00000| PB 0x0000000702c00000| Untracked 
|  23|0x0000000702e00000, 0x0000000703000000, 0x0000000703000000|100%| O|  |TAMS 0x0000000702e00000| PB 0x0000000702e00000| Untracked 
|  24|0x0000000703000000, 0x0000000703200000, 0x0000000703200000|100%|HS|  |TAMS 0x0000000703000000| PB 0x0000000703000000| Complete 
|  25|0x0000000703200000, 0x0000000703400000, 0x0000000703400000|100%| O|  |TAMS 0x0000000703200000| PB 0x0000000703200000| Untracked 
|  26|0x0000000703400000, 0x0000000703600000, 0x0000000703600000|100%|HS|  |TAMS 0x0000000703400000| PB 0x0000000703400000| Complete 
|  27|0x0000000703600000, 0x0000000703800000, 0x0000000703800000|100%|HS|  |TAMS 0x0000000703600000| PB 0x0000000703600000| Complete 
|  28|0x0000000703800000, 0x0000000703a00000, 0x0000000703a00000|100%|HC|  |TAMS 0x0000000703800000| PB 0x0000000703800000| Complete 
|  29|0x0000000703a00000, 0x0000000703c00000, 0x0000000703c00000|100%| O|  |TAMS 0x0000000703a00000| PB 0x0000000703a00000| Untracked 
|  30|0x0000000703c00000, 0x0000000703e00000, 0x0000000703e00000|100%| O|  |TAMS 0x0000000703c00000| PB 0x0000000703c00000| Untracked 
|  31|0x0000000703e00000, 0x0000000704000000, 0x0000000704000000|100%| O|  |TAMS 0x0000000703e00000| PB 0x0000000703e00000| Untracked 
|  32|0x0000000704000000, 0x0000000704200000, 0x0000000704200000|100%| O|  |TAMS 0x0000000704000000| PB 0x0000000704000000| Untracked 
|  33|0x0000000704200000, 0x0000000704400000, 0x0000000704400000|100%| O|  |TAMS 0x0000000704200000| PB 0x0000000704200000| Untracked 
|  34|0x0000000704400000, 0x0000000704600000, 0x0000000704600000|100%| O|  |TAMS 0x0000000704400000| PB 0x0000000704400000| Untracked 
|  35|0x0000000704600000, 0x0000000704800000, 0x0000000704800000|100%|HS|  |TAMS 0x0000000704600000| PB 0x0000000704600000| Complete 
|  36|0x0000000704800000, 0x0000000704a00000, 0x0000000704a00000|100%|HC|  |TAMS 0x0000000704800000| PB 0x0000000704800000| Complete 
|  37|0x0000000704a00000, 0x0000000704c00000, 0x0000000704c00000|100%| O|  |TAMS 0x0000000704a00000| PB 0x0000000704a00000| Untracked 
|  38|0x0000000704c00000, 0x0000000704e00000, 0x0000000704e00000|100%| O|  |TAMS 0x0000000704c00000| PB 0x0000000704c00000| Untracked 
|  39|0x0000000704e00000, 0x0000000705000000, 0x0000000705000000|100%| O|  |TAMS 0x0000000704e00000| PB 0x0000000704e00000| Untracked 
|  40|0x0000000705000000, 0x0000000705200000, 0x0000000705200000|100%| O|  |TAMS 0x0000000705000000| PB 0x0000000705000000| Untracked 
|  41|0x0000000705200000, 0x0000000705400000, 0x0000000705400000|100%| O|  |TAMS 0x0000000705200000| PB 0x0000000705200000| Untracked 
|  42|0x0000000705400000, 0x0000000705600000, 0x0000000705600000|100%| O|  |TAMS 0x0000000705400000| PB 0x0000000705400000| Untracked 
|  43|0x0000000705600000, 0x0000000705800000, 0x0000000705800000|100%| O|  |TAMS 0x0000000705600000| PB 0x0000000705600000| Untracked 
|  44|0x0000000705800000, 0x0000000705a00000, 0x0000000705a00000|100%| O|  |TAMS 0x0000000705800000| PB 0x0000000705800000| Untracked 
|  45|0x0000000705a00000, 0x0000000705c00000, 0x0000000705c00000|100%| O|  |TAMS 0x0000000705a00000| PB 0x0000000705a00000| Untracked 
|  46|0x0000000705c00000, 0x0000000705e00000, 0x0000000705e00000|100%| O|  |TAMS 0x0000000705c00000| PB 0x0000000705c00000| Untracked 
|  47|0x0000000705e00000, 0x0000000706000000, 0x0000000706000000|100%| O|  |TAMS 0x0000000705e00000| PB 0x0000000705e00000| Untracked 
|  48|0x0000000706000000, 0x0000000706200000, 0x0000000706200000|100%| O|  |TAMS 0x0000000706000000| PB 0x0000000706000000| Untracked 
|  49|0x0000000706200000, 0x0000000706400000, 0x0000000706400000|100%| O|  |TAMS 0x0000000706200000| PB 0x0000000706200000| Untracked 
|  50|0x0000000706400000, 0x0000000706600000, 0x0000000706600000|100%| O|  |TAMS 0x0000000706400000| PB 0x0000000706400000| Untracked 
|  51|0x0000000706600000, 0x0000000706800000, 0x0000000706800000|100%| O|  |TAMS 0x0000000706600000| PB 0x0000000706600000| Untracked 
|  52|0x0000000706800000, 0x0000000706a00000, 0x0000000706a00000|100%| O|  |TAMS 0x0000000706800000| PB 0x0000000706800000| Untracked 
|  53|0x0000000706a00000, 0x0000000706c00000, 0x0000000706c00000|100%| O|  |TAMS 0x0000000706a00000| PB 0x0000000706a00000| Untracked 
|  54|0x0000000706c00000, 0x0000000706e00000, 0x0000000706e00000|100%| O|  |TAMS 0x0000000706c00000| PB 0x0000000706c00000| Untracked 
|  55|0x0000000706e00000, 0x0000000707000000, 0x0000000707000000|100%| O|  |TAMS 0x0000000706e00000| PB 0x0000000706e00000| Untracked 
|  56|0x0000000707000000, 0x0000000707200000, 0x0000000707200000|100%| O|  |TAMS 0x0000000707000000| PB 0x0000000707000000| Untracked 
|  57|0x0000000707200000, 0x0000000707400000, 0x0000000707400000|100%| O|  |TAMS 0x0000000707200000| PB 0x0000000707200000| Untracked 
|  58|0x0000000707400000, 0x0000000707600000, 0x0000000707600000|100%| O|  |TAMS 0x0000000707400000| PB 0x0000000707400000| Untracked 
|  59|0x0000000707600000, 0x0000000707800000, 0x0000000707800000|100%| O|  |TAMS 0x0000000707600000| PB 0x0000000707600000| Untracked 
|  60|0x0000000707800000, 0x0000000707a00000, 0x0000000707a00000|100%| O|  |TAMS 0x0000000707800000| PB 0x0000000707800000| Untracked 
|  61|0x0000000707a00000, 0x0000000707c00000, 0x0000000707c00000|100%| O|  |TAMS 0x0000000707a00000| PB 0x0000000707a00000| Untracked 
|  62|0x0000000707c00000, 0x0000000707e00000, 0x0000000707e00000|100%| O|  |TAMS 0x0000000707c00000| PB 0x0000000707c00000| Untracked 
|  63|0x0000000707e00000, 0x0000000708000000, 0x0000000708000000|100%| O|  |TAMS 0x0000000707e00000| PB 0x0000000707e00000| Untracked 
|  64|0x0000000708000000, 0x0000000708200000, 0x0000000708200000|100%| O|  |TAMS 0x0000000708000000| PB 0x0000000708000000| Untracked 
|  65|0x0000000708200000, 0x0000000708400000, 0x0000000708400000|100%| O|  |TAMS 0x0000000708200000| PB 0x0000000708200000| Untracked 
|  66|0x0000000708400000, 0x0000000708600000, 0x0000000708600000|100%| O|  |TAMS 0x0000000708400000| PB 0x0000000708400000| Untracked 
|  67|0x0000000708600000, 0x0000000708800000, 0x0000000708800000|100%| O|  |TAMS 0x0000000708600000| PB 0x0000000708600000| Untracked 
|  68|0x0000000708800000, 0x0000000708a00000, 0x0000000708a00000|100%| O|  |TAMS 0x0000000708800000| PB 0x0000000708800000| Untracked 
|  69|0x0000000708a00000, 0x0000000708c00000, 0x0000000708c00000|100%| O|  |TAMS 0x0000000708a00000| PB 0x0000000708a00000| Untracked 
|  70|0x0000000708c00000, 0x0000000708e00000, 0x0000000708e00000|100%| O|  |TAMS 0x0000000708c00000| PB 0x0000000708c00000| Untracked 
|  71|0x0000000708e00000, 0x0000000709000000, 0x0000000709000000|100%| O|  |TAMS 0x0000000708e00000| PB 0x0000000708e00000| Untracked 
|  72|0x0000000709000000, 0x0000000709200000, 0x0000000709200000|100%| O|  |TAMS 0x0000000709000000| PB 0x0000000709000000| Untracked 
|  73|0x0000000709200000, 0x0000000709200000, 0x0000000709400000|  0%| F|  |TAMS 0x0000000709200000| PB 0x0000000709200000| Untracked 
|  74|0x0000000709400000, 0x0000000709600000, 0x0000000709600000|100%| O|Cm|TAMS 0x0000000709400000| PB 0x0000000709400000| Complete 
|  75|0x0000000709600000, 0x0000000709800000, 0x0000000709800000|100%| O|  |TAMS 0x0000000709600000| PB 0x0000000709600000| Untracked 
|  76|0x0000000709800000, 0x0000000709a00000, 0x0000000709a00000|100%| O|  |TAMS 0x0000000709800000| PB 0x0000000709800000| Untracked 
|  77|0x0000000709a00000, 0x0000000709a00000, 0x0000000709c00000|  0%| F|  |TAMS 0x0000000709a00000| PB 0x0000000709a00000| Untracked 
|  78|0x0000000709c00000, 0x0000000709e00000, 0x0000000709e00000|100%| O|Cm|TAMS 0x0000000709c00000| PB 0x0000000709c00000| Complete 
|  79|0x0000000709e00000, 0x0000000709e00000, 0x000000070a000000|  0%| F|  |TAMS 0x0000000709e00000| PB 0x0000000709e00000| Untracked 
|  80|0x000000070a000000, 0x000000070a000000, 0x000000070a200000|  0%| F|  |TAMS 0x000000070a000000| PB 0x000000070a000000| Untracked 
|  81|0x000000070a200000, 0x000000070a400000, 0x000000070a400000|100%| O|  |TAMS 0x000000070a200000| PB 0x000000070a200000| Untracked 
|  82|0x000000070a400000, 0x000000070a600000, 0x000000070a600000|100%| O|  |TAMS 0x000000070a400000| PB 0x000000070a400000| Untracked 
|  83|0x000000070a600000, 0x000000070a800000, 0x000000070a800000|100%| O|  |TAMS 0x000000070a600000| PB 0x000000070a600000| Untracked 
|  84|0x000000070a800000, 0x000000070aa00000, 0x000000070aa00000|100%| O|  |TAMS 0x000000070a800000| PB 0x000000070a800000| Untracked 
|  85|0x000000070aa00000, 0x000000070ac00000, 0x000000070ac00000|100%| O|  |TAMS 0x000000070aa00000| PB 0x000000070aa00000| Untracked 
|  86|0x000000070ac00000, 0x000000070ae00000, 0x000000070ae00000|100%| O|  |TAMS 0x000000070ac00000| PB 0x000000070ac00000| Untracked 
|  87|0x000000070ae00000, 0x000000070b000000, 0x000000070b000000|100%| O|  |TAMS 0x000000070ae00000| PB 0x000000070ae00000| Untracked 
|  88|0x000000070b000000, 0x000000070b200000, 0x000000070b200000|100%| O|  |TAMS 0x000000070b000000| PB 0x000000070b000000| Untracked 
|  89|0x000000070b200000, 0x000000070b3056c8, 0x000000070b400000| 51%| O|  |TAMS 0x000000070b200000| PB 0x000000070b200000| Untracked 
|  90|0x000000070b400000, 0x000000070b400000, 0x000000070b600000|  0%| F|  |TAMS 0x000000070b400000| PB 0x000000070b400000| Untracked 
|  91|0x000000070b600000, 0x000000070b600000, 0x000000070b800000|  0%| F|  |TAMS 0x000000070b600000| PB 0x000000070b600000| Untracked 
|  92|0x000000070b800000, 0x000000070b800000, 0x000000070ba00000|  0%| F|  |TAMS 0x000000070b800000| PB 0x000000070b800000| Untracked 
|  93|0x000000070ba00000, 0x000000070ba00000, 0x000000070bc00000|  0%| F|  |TAMS 0x000000070ba00000| PB 0x000000070ba00000| Untracked 
|  94|0x000000070bc00000, 0x000000070bc00000, 0x000000070be00000|  0%| F|  |TAMS 0x000000070bc00000| PB 0x000000070bc00000| Untracked 
|  95|0x000000070be00000, 0x000000070be00000, 0x000000070c000000|  0%| F|  |TAMS 0x000000070be00000| PB 0x000000070be00000| Untracked 
|  96|0x000000070c000000, 0x000000070c000000, 0x000000070c200000|  0%| F|  |TAMS 0x000000070c000000| PB 0x000000070c000000| Untracked 
|  97|0x000000070c200000, 0x000000070c200000, 0x000000070c400000|  0%| F|  |TAMS 0x000000070c200000| PB 0x000000070c200000| Untracked 
|  98|0x000000070c400000, 0x000000070c400000, 0x000000070c600000|  0%| F|  |TAMS 0x000000070c400000| PB 0x000000070c400000| Untracked 
|  99|0x000000070c600000, 0x000000070c600000, 0x000000070c800000|  0%| F|  |TAMS 0x000000070c600000| PB 0x000000070c600000| Untracked 
| 100|0x000000070c800000, 0x000000070c800000, 0x000000070ca00000|  0%| F|  |TAMS 0x000000070c800000| PB 0x000000070c800000| Untracked 
| 101|0x000000070ca00000, 0x000000070ca00000, 0x000000070cc00000|  0%| F|  |TAMS 0x000000070ca00000| PB 0x000000070ca00000| Untracked 
| 102|0x000000070cc00000, 0x000000070cc00000, 0x000000070ce00000|  0%| F|  |TAMS 0x000000070cc00000| PB 0x000000070cc00000| Untracked 
| 103|0x000000070ce00000, 0x000000070ce00000, 0x000000070d000000|  0%| F|  |TAMS 0x000000070ce00000| PB 0x000000070ce00000| Untracked 
| 104|0x000000070d000000, 0x000000070d000000, 0x000000070d200000|  0%| F|  |TAMS 0x000000070d000000| PB 0x000000070d000000| Untracked 
| 105|0x000000070d200000, 0x000000070d200000, 0x000000070d400000|  0%| F|  |TAMS 0x000000070d200000| PB 0x000000070d200000| Untracked 
| 106|0x000000070d400000, 0x000000070d400000, 0x000000070d600000|  0%| F|  |TAMS 0x000000070d400000| PB 0x000000070d400000| Untracked 
| 107|0x000000070d600000, 0x000000070d600000, 0x000000070d800000|  0%| F|  |TAMS 0x000000070d600000| PB 0x000000070d600000| Untracked 
| 108|0x000000070d800000, 0x000000070d800000, 0x000000070da00000|  0%| F|  |TAMS 0x000000070d800000| PB 0x000000070d800000| Untracked 
| 109|0x000000070da00000, 0x000000070da00000, 0x000000070dc00000|  0%| F|  |TAMS 0x000000070da00000| PB 0x000000070da00000| Untracked 
| 110|0x000000070dc00000, 0x000000070dc00000, 0x000000070de00000|  0%| F|  |TAMS 0x000000070dc00000| PB 0x000000070dc00000| Untracked 
| 111|0x000000070de00000, 0x000000070de00000, 0x000000070e000000|  0%| F|  |TAMS 0x000000070de00000| PB 0x000000070de00000| Untracked 
| 112|0x000000070e000000, 0x000000070e000000, 0x000000070e200000|  0%| F|  |TAMS 0x000000070e000000| PB 0x000000070e000000| Untracked 
| 113|0x000000070e200000, 0x000000070e200000, 0x000000070e400000|  0%| F|  |TAMS 0x000000070e200000| PB 0x000000070e200000| Untracked 
| 114|0x000000070e400000, 0x000000070e400000, 0x000000070e600000|  0%| F|  |TAMS 0x000000070e400000| PB 0x000000070e400000| Untracked 
| 115|0x000000070e600000, 0x000000070e600000, 0x000000070e800000|  0%| F|  |TAMS 0x000000070e600000| PB 0x000000070e600000| Untracked 
| 116|0x000000070e800000, 0x000000070e800000, 0x000000070ea00000|  0%| F|  |TAMS 0x000000070e800000| PB 0x000000070e800000| Untracked 
| 117|0x000000070ea00000, 0x000000070ea00000, 0x000000070ec00000|  0%| F|  |TAMS 0x000000070ea00000| PB 0x000000070ea00000| Untracked 
| 118|0x000000070ec00000, 0x000000070ec00000, 0x000000070ee00000|  0%| F|  |TAMS 0x000000070ec00000| PB 0x000000070ec00000| Untracked 
| 119|0x000000070ee00000, 0x000000070ee00000, 0x000000070f000000|  0%| F|  |TAMS 0x000000070ee00000| PB 0x000000070ee00000| Untracked 
| 120|0x000000070f000000, 0x000000070f000000, 0x000000070f200000|  0%| F|  |TAMS 0x000000070f000000| PB 0x000000070f000000| Untracked 
| 121|0x000000070f200000, 0x000000070f200000, 0x000000070f400000|  0%| F|  |TAMS 0x000000070f200000| PB 0x000000070f200000| Untracked 
| 122|0x000000070f400000, 0x000000070f400000, 0x000000070f600000|  0%| F|  |TAMS 0x000000070f400000| PB 0x000000070f400000| Untracked 
| 123|0x000000070f600000, 0x000000070f600000, 0x000000070f800000|  0%| F|  |TAMS 0x000000070f600000| PB 0x000000070f600000| Untracked 
| 124|0x000000070f800000, 0x000000070f800000, 0x000000070fa00000|  0%| F|  |TAMS 0x000000070f800000| PB 0x000000070f800000| Untracked 
| 125|0x000000070fa00000, 0x000000070fa00000, 0x000000070fc00000|  0%| F|  |TAMS 0x000000070fa00000| PB 0x000000070fa00000| Untracked 
| 126|0x000000070fc00000, 0x000000070fc00000, 0x000000070fe00000|  0%| F|  |TAMS 0x000000070fc00000| PB 0x000000070fc00000| Untracked 
| 127|0x000000070fe00000, 0x000000070fe00000, 0x0000000710000000|  0%| F|  |TAMS 0x000000070fe00000| PB 0x000000070fe00000| Untracked 
| 128|0x0000000710000000, 0x0000000710000000, 0x0000000710200000|  0%| F|  |TAMS 0x0000000710000000| PB 0x0000000710000000| Untracked 
| 129|0x0000000710200000, 0x0000000710200000, 0x0000000710400000|  0%| F|  |TAMS 0x0000000710200000| PB 0x0000000710200000| Untracked 
| 130|0x0000000710400000, 0x0000000710400000, 0x0000000710600000|  0%| F|  |TAMS 0x0000000710400000| PB 0x0000000710400000| Untracked 
| 131|0x0000000710600000, 0x0000000710600000, 0x0000000710800000|  0%| F|  |TAMS 0x0000000710600000| PB 0x0000000710600000| Untracked 
| 132|0x0000000710800000, 0x0000000710800000, 0x0000000710a00000|  0%| F|  |TAMS 0x0000000710800000| PB 0x0000000710800000| Untracked 
| 133|0x0000000710a00000, 0x0000000710a00000, 0x0000000710c00000|  0%| F|  |TAMS 0x0000000710a00000| PB 0x0000000710a00000| Untracked 
| 134|0x0000000710c00000, 0x0000000710c00000, 0x0000000710e00000|  0%| F|  |TAMS 0x0000000710c00000| PB 0x0000000710c00000| Untracked 
| 135|0x0000000710e00000, 0x0000000710e00000, 0x0000000711000000|  0%| F|  |TAMS 0x0000000710e00000| PB 0x0000000710e00000| Untracked 
| 136|0x0000000711000000, 0x0000000711000000, 0x0000000711200000|  0%| F|  |TAMS 0x0000000711000000| PB 0x0000000711000000| Untracked 
| 137|0x0000000711200000, 0x0000000711200000, 0x0000000711400000|  0%| F|  |TAMS 0x0000000711200000| PB 0x0000000711200000| Untracked 
| 138|0x0000000711400000, 0x0000000711400000, 0x0000000711600000|  0%| F|  |TAMS 0x0000000711400000| PB 0x0000000711400000| Untracked 
| 139|0x0000000711600000, 0x0000000711600000, 0x0000000711800000|  0%| F|  |TAMS 0x0000000711600000| PB 0x0000000711600000| Untracked 
| 140|0x0000000711800000, 0x0000000711800000, 0x0000000711a00000|  0%| F|  |TAMS 0x0000000711800000| PB 0x0000000711800000| Untracked 
| 141|0x0000000711a00000, 0x0000000711a00000, 0x0000000711c00000|  0%| F|  |TAMS 0x0000000711a00000| PB 0x0000000711a00000| Untracked 
| 142|0x0000000711c00000, 0x0000000711c00000, 0x0000000711e00000|  0%| F|  |TAMS 0x0000000711c00000| PB 0x0000000711c00000| Untracked 
| 143|0x0000000711e00000, 0x0000000711e00000, 0x0000000712000000|  0%| F|  |TAMS 0x0000000711e00000| PB 0x0000000711e00000| Untracked 
| 144|0x0000000712000000, 0x0000000712000000, 0x0000000712200000|  0%| F|  |TAMS 0x0000000712000000| PB 0x0000000712000000| Untracked 
| 145|0x0000000712200000, 0x0000000712200000, 0x0000000712400000|  0%| F|  |TAMS 0x0000000712200000| PB 0x0000000712200000| Untracked 
| 146|0x0000000712400000, 0x0000000712400000, 0x0000000712600000|  0%| F|  |TAMS 0x0000000712400000| PB 0x0000000712400000| Untracked 
| 147|0x0000000712600000, 0x0000000712600000, 0x0000000712800000|  0%| F|  |TAMS 0x0000000712600000| PB 0x0000000712600000| Untracked 
| 148|0x0000000712800000, 0x0000000712800000, 0x0000000712a00000|  0%| F|  |TAMS 0x0000000712800000| PB 0x0000000712800000| Untracked 
| 149|0x0000000712a00000, 0x0000000712a00000, 0x0000000712c00000|  0%| F|  |TAMS 0x0000000712a00000| PB 0x0000000712a00000| Untracked 
| 150|0x0000000712c00000, 0x0000000712c00000, 0x0000000712e00000|  0%| F|  |TAMS 0x0000000712c00000| PB 0x0000000712c00000| Untracked 
| 151|0x0000000712e00000, 0x0000000712e00000, 0x0000000713000000|  0%| F|  |TAMS 0x0000000712e00000| PB 0x0000000712e00000| Untracked 
| 152|0x0000000713000000, 0x0000000713000000, 0x0000000713200000|  0%| F|  |TAMS 0x0000000713000000| PB 0x0000000713000000| Untracked 
| 153|0x0000000713200000, 0x0000000713200000, 0x0000000713400000|  0%| F|  |TAMS 0x0000000713200000| PB 0x0000000713200000| Untracked 
| 154|0x0000000713400000, 0x0000000713400000, 0x0000000713600000|  0%| F|  |TAMS 0x0000000713400000| PB 0x0000000713400000| Untracked 
| 155|0x0000000713600000, 0x0000000713600000, 0x0000000713800000|  0%| F|  |TAMS 0x0000000713600000| PB 0x0000000713600000| Untracked 
| 156|0x0000000713800000, 0x0000000713800000, 0x0000000713a00000|  0%| F|  |TAMS 0x0000000713800000| PB 0x0000000713800000| Untracked 
| 157|0x0000000713a00000, 0x0000000713a00000, 0x0000000713c00000|  0%| F|  |TAMS 0x0000000713a00000| PB 0x0000000713a00000| Untracked 
| 158|0x0000000713c00000, 0x0000000713c00000, 0x0000000713e00000|  0%| F|  |TAMS 0x0000000713c00000| PB 0x0000000713c00000| Untracked 
| 159|0x0000000713e00000, 0x0000000713e00000, 0x0000000714000000|  0%| F|  |TAMS 0x0000000713e00000| PB 0x0000000713e00000| Untracked 
| 160|0x0000000714000000, 0x0000000714000000, 0x0000000714200000|  0%| F|  |TAMS 0x0000000714000000| PB 0x0000000714000000| Untracked 
| 161|0x0000000714200000, 0x0000000714200000, 0x0000000714400000|  0%| F|  |TAMS 0x0000000714200000| PB 0x0000000714200000| Untracked 
| 162|0x0000000714400000, 0x0000000714400000, 0x0000000714600000|  0%| F|  |TAMS 0x0000000714400000| PB 0x0000000714400000| Untracked 
| 163|0x0000000714600000, 0x0000000714600000, 0x0000000714800000|  0%| F|  |TAMS 0x0000000714600000| PB 0x0000000714600000| Untracked 
| 164|0x0000000714800000, 0x0000000714800000, 0x0000000714a00000|  0%| F|  |TAMS 0x0000000714800000| PB 0x0000000714800000| Untracked 
| 165|0x0000000714a00000, 0x0000000714a00000, 0x0000000714c00000|  0%| F|  |TAMS 0x0000000714a00000| PB 0x0000000714a00000| Untracked 
| 166|0x0000000714c00000, 0x0000000714c00000, 0x0000000714e00000|  0%| F|  |TAMS 0x0000000714c00000| PB 0x0000000714c00000| Untracked 
| 167|0x0000000714e00000, 0x0000000714e00000, 0x0000000715000000|  0%| F|  |TAMS 0x0000000714e00000| PB 0x0000000714e00000| Untracked 
| 168|0x0000000715000000, 0x0000000715000000, 0x0000000715200000|  0%| F|  |TAMS 0x0000000715000000| PB 0x0000000715000000| Untracked 
| 169|0x0000000715200000, 0x0000000715200000, 0x0000000715400000|  0%| F|  |TAMS 0x0000000715200000| PB 0x0000000715200000| Untracked 
| 170|0x0000000715400000, 0x0000000715400000, 0x0000000715600000|  0%| F|  |TAMS 0x0000000715400000| PB 0x0000000715400000| Untracked 
| 171|0x0000000715600000, 0x0000000715600000, 0x0000000715800000|  0%| F|  |TAMS 0x0000000715600000| PB 0x0000000715600000| Untracked 
| 172|0x0000000715800000, 0x0000000715800000, 0x0000000715a00000|  0%| F|  |TAMS 0x0000000715800000| PB 0x0000000715800000| Untracked 
| 173|0x0000000715a00000, 0x0000000715a00000, 0x0000000715c00000|  0%| F|  |TAMS 0x0000000715a00000| PB 0x0000000715a00000| Untracked 
| 174|0x0000000715c00000, 0x0000000715c00000, 0x0000000715e00000|  0%| F|  |TAMS 0x0000000715c00000| PB 0x0000000715c00000| Untracked 
| 175|0x0000000715e00000, 0x0000000715e00000, 0x0000000716000000|  0%| F|  |TAMS 0x0000000715e00000| PB 0x0000000715e00000| Untracked 
| 176|0x0000000716000000, 0x0000000716000000, 0x0000000716200000|  0%| F|  |TAMS 0x0000000716000000| PB 0x0000000716000000| Untracked 
| 177|0x0000000716200000, 0x0000000716200000, 0x0000000716400000|  0%| F|  |TAMS 0x0000000716200000| PB 0x0000000716200000| Untracked 
| 178|0x0000000716400000, 0x0000000716400000, 0x0000000716600000|  0%| F|  |TAMS 0x0000000716400000| PB 0x0000000716400000| Untracked 
| 179|0x0000000716600000, 0x0000000716600000, 0x0000000716800000|  0%| F|  |TAMS 0x0000000716600000| PB 0x0000000716600000| Untracked 
| 180|0x0000000716800000, 0x0000000716800000, 0x0000000716a00000|  0%| F|  |TAMS 0x0000000716800000| PB 0x0000000716800000| Untracked 
| 181|0x0000000716a00000, 0x0000000716a00000, 0x0000000716c00000|  0%| F|  |TAMS 0x0000000716a00000| PB 0x0000000716a00000| Untracked 
| 182|0x0000000716c00000, 0x0000000716c00000, 0x0000000716e00000|  0%| F|  |TAMS 0x0000000716c00000| PB 0x0000000716c00000| Untracked 
| 183|0x0000000716e00000, 0x0000000716e00000, 0x0000000717000000|  0%| F|  |TAMS 0x0000000716e00000| PB 0x0000000716e00000| Untracked 
| 184|0x0000000717000000, 0x0000000717000000, 0x0000000717200000|  0%| F|  |TAMS 0x0000000717000000| PB 0x0000000717000000| Untracked 
| 185|0x0000000717200000, 0x0000000717200000, 0x0000000717400000|  0%| F|  |TAMS 0x0000000717200000| PB 0x0000000717200000| Untracked 
| 186|0x0000000717400000, 0x0000000717400000, 0x0000000717600000|  0%| F|  |TAMS 0x0000000717400000| PB 0x0000000717400000| Untracked 
| 187|0x0000000717600000, 0x00000007177020e8, 0x0000000717800000| 50%| S|CS|TAMS 0x0000000717600000| PB 0x0000000717600000| Complete 
| 188|0x0000000717800000, 0x0000000717a00000, 0x0000000717a00000|100%| S|CS|TAMS 0x0000000717800000| PB 0x0000000717800000| Complete 
| 189|0x0000000717a00000, 0x0000000717c00000, 0x0000000717c00000|100%| S|CS|TAMS 0x0000000717a00000| PB 0x0000000717a00000| Complete 
| 190|0x0000000717c00000, 0x0000000717c00000, 0x0000000717e00000|  0%| F|  |TAMS 0x0000000717c00000| PB 0x0000000717c00000| Untracked 
| 191|0x0000000717e00000, 0x0000000717e00000, 0x0000000718000000|  0%| F|  |TAMS 0x0000000717e00000| PB 0x0000000717e00000| Untracked 
| 192|0x0000000718000000, 0x0000000718000000, 0x0000000718200000|  0%| F|  |TAMS 0x0000000718000000| PB 0x0000000718000000| Untracked 
| 193|0x0000000718200000, 0x0000000718200000, 0x0000000718400000|  0%| F|  |TAMS 0x0000000718200000| PB 0x0000000718200000| Untracked 
| 194|0x0000000718400000, 0x0000000718400000, 0x0000000718600000|  0%| F|  |TAMS 0x0000000718400000| PB 0x0000000718400000| Untracked 
| 195|0x0000000718600000, 0x0000000718600000, 0x0000000718800000|  0%| F|  |TAMS 0x0000000718600000| PB 0x0000000718600000| Untracked 
| 196|0x0000000718800000, 0x0000000718800000, 0x0000000718a00000|  0%| F|  |TAMS 0x0000000718800000| PB 0x0000000718800000| Untracked 
| 197|0x0000000718a00000, 0x0000000718a00000, 0x0000000718c00000|  0%| F|  |TAMS 0x0000000718a00000| PB 0x0000000718a00000| Untracked 
| 198|0x0000000718c00000, 0x0000000718c00000, 0x0000000718e00000|  0%| F|  |TAMS 0x0000000718c00000| PB 0x0000000718c00000| Untracked 
| 199|0x0000000718e00000, 0x0000000718e00000, 0x0000000719000000|  0%| F|  |TAMS 0x0000000718e00000| PB 0x0000000718e00000| Untracked 
| 200|0x0000000719000000, 0x0000000719000000, 0x0000000719200000|  0%| F|  |TAMS 0x0000000719000000| PB 0x0000000719000000| Untracked 
| 201|0x0000000719200000, 0x0000000719200000, 0x0000000719400000|  0%| F|  |TAMS 0x0000000719200000| PB 0x0000000719200000| Untracked 
| 202|0x0000000719400000, 0x0000000719400000, 0x0000000719600000|  0%| F|  |TAMS 0x0000000719400000| PB 0x0000000719400000| Untracked 
| 203|0x0000000719600000, 0x0000000719600000, 0x0000000719800000|  0%| F|  |TAMS 0x0000000719600000| PB 0x0000000719600000| Untracked 
| 204|0x0000000719800000, 0x0000000719800000, 0x0000000719a00000|  0%| F|  |TAMS 0x0000000719800000| PB 0x0000000719800000| Untracked 
| 205|0x0000000719a00000, 0x0000000719a00000, 0x0000000719c00000|  0%| F|  |TAMS 0x0000000719a00000| PB 0x0000000719a00000| Untracked 
| 206|0x0000000719c00000, 0x0000000719c00000, 0x0000000719e00000|  0%| F|  |TAMS 0x0000000719c00000| PB 0x0000000719c00000| Untracked 
| 207|0x0000000719e00000, 0x0000000719e00000, 0x000000071a000000|  0%| F|  |TAMS 0x0000000719e00000| PB 0x0000000719e00000| Untracked 
| 208|0x000000071a000000, 0x000000071a000000, 0x000000071a200000|  0%| F|  |TAMS 0x000000071a000000| PB 0x000000071a000000| Untracked 
| 209|0x000000071a200000, 0x000000071a200000, 0x000000071a400000|  0%| F|  |TAMS 0x000000071a200000| PB 0x000000071a200000| Untracked 
| 210|0x000000071a400000, 0x000000071a400000, 0x000000071a600000|  0%| F|  |TAMS 0x000000071a400000| PB 0x000000071a400000| Untracked 
| 211|0x000000071a600000, 0x000000071a600000, 0x000000071a800000|  0%| F|  |TAMS 0x000000071a600000| PB 0x000000071a600000| Untracked 
| 212|0x000000071a800000, 0x000000071a800000, 0x000000071aa00000|  0%| F|  |TAMS 0x000000071a800000| PB 0x000000071a800000| Untracked 
| 213|0x000000071aa00000, 0x000000071aa00000, 0x000000071ac00000|  0%| F|  |TAMS 0x000000071aa00000| PB 0x000000071aa00000| Untracked 
| 214|0x000000071ac00000, 0x000000071ac00000, 0x000000071ae00000|  0%| F|  |TAMS 0x000000071ac00000| PB 0x000000071ac00000| Untracked 
| 215|0x000000071ae00000, 0x000000071ae00000, 0x000000071b000000|  0%| F|  |TAMS 0x000000071ae00000| PB 0x000000071ae00000| Untracked 
| 216|0x000000071b000000, 0x000000071b000000, 0x000000071b200000|  0%| F|  |TAMS 0x000000071b000000| PB 0x000000071b000000| Untracked 
| 217|0x000000071b200000, 0x000000071b200000, 0x000000071b400000|  0%| F|  |TAMS 0x000000071b200000| PB 0x000000071b200000| Untracked 
| 218|0x000000071b400000, 0x000000071b400000, 0x000000071b600000|  0%| F|  |TAMS 0x000000071b400000| PB 0x000000071b400000| Untracked 
| 219|0x000000071b600000, 0x000000071b600000, 0x000000071b800000|  0%| F|  |TAMS 0x000000071b600000| PB 0x000000071b600000| Untracked 
| 220|0x000000071b800000, 0x000000071b800000, 0x000000071ba00000|  0%| F|  |TAMS 0x000000071b800000| PB 0x000000071b800000| Untracked 
| 221|0x000000071ba00000, 0x000000071ba00000, 0x000000071bc00000|  0%| F|  |TAMS 0x000000071ba00000| PB 0x000000071ba00000| Untracked 
| 222|0x000000071bc00000, 0x000000071bc00000, 0x000000071be00000|  0%| F|  |TAMS 0x000000071bc00000| PB 0x000000071bc00000| Untracked 
| 223|0x000000071be00000, 0x000000071be00000, 0x000000071c000000|  0%| F|  |TAMS 0x000000071be00000| PB 0x000000071be00000| Untracked 
| 224|0x000000071c000000, 0x000000071c000000, 0x000000071c200000|  0%| F|  |TAMS 0x000000071c000000| PB 0x000000071c000000| Untracked 
| 225|0x000000071c200000, 0x000000071c200000, 0x000000071c400000|  0%| F|  |TAMS 0x000000071c200000| PB 0x000000071c200000| Untracked 
|2043|0x00000007ff600000, 0x00000007ff800000, 0x00000007ff800000|100%| O|  |TAMS 0x00000007ff600000| PB 0x00000007ff600000| Untracked 
|2044|0x00000007ff800000, 0x00000007ff800000, 0x00000007ffa00000|  0%| F|  |TAMS 0x00000007ff800000| PB 0x00000007ff800000| Untracked 
|2045|0x00000007ffa00000, 0x00000007ffa00000, 0x00000007ffc00000|  0%| F|  |TAMS 0x00000007ffa00000| PB 0x00000007ffa00000| Untracked 
|2046|0x00000007ffc00000, 0x00000007ffe00000, 0x00000007ffe00000|100%| O|  |TAMS 0x00000007ffc00000| PB 0x00000007ffc00000| Untracked 
|2047|0x00000007ffe00000, 0x0000000800000000, 0x0000000800000000|100%| O|  |TAMS 0x00000007ffe00000| PB 0x00000007ffe00000| Untracked 

Card table byte_map: [0x000001f47bbb0000,0x000001f47c3b0000] _byte_map_base: 0x000001f4783b0000

Marking Bits: (CMBitMap*) 0x000001f472f7a620
 Bits: [0x000001f40f000000, 0x000001f413000000)

Polling page: 0x000001f470d10000

Metaspace:

Usage:
  Non-class:    127.11 MB used.
      Class:     19.30 MB used.
       Both:    146.42 MB used.

Virtual space:
  Non-class space:      192.00 MB reserved,     128.38 MB ( 67%) committed,  3 nodes.
      Class space:        1.00 GB reserved,      20.56 MB (  2%) committed,  1 nodes.
             Both:        1.19 GB reserved,     148.94 MB ( 12%) committed. 

Chunk freelists:
   Non-Class:  15.53 MB
       Class:  11.33 MB
        Both:  26.86 MB

MaxMetaspaceSize: unlimited
CompressedClassSpaceSize: 1.00 GB
Initial GC threshold: 21.00 MB
Current GC threshold: 243.25 MB
CDS: on
 - commit_granule_bytes: 65536.
 - commit_granule_words: 8192.
 - virtual_space_node_default_size: 8388608.
 - enlarge_chunks_in_place: 1.
 - use_allocation_guard: 0.


Internal statistics:

num_allocs_failed_limit: 3.
num_arena_births: 4692.
num_arena_deaths: 12.
num_vsnodes_births: 4.
num_vsnodes_deaths: 0.
num_space_committed: 2382.
num_space_uncommitted: 0.
num_chunks_returned_to_freelist: 20.
num_chunks_taken_from_freelist: 11216.
num_chunk_merges: 7.
num_chunk_splits: 7495.
num_chunks_enlarged: 4948.
num_inconsistent_stats: 0.

CodeHeap 'non-profiled nmethods': size=120000Kb used=15726Kb max_used=15726Kb free=104273Kb
 bounds [0x000001f407ad0000, 0x000001f408a30000, 0x000001f40f000000]
CodeHeap 'profiled nmethods': size=120000Kb used=48735Kb max_used=48735Kb free=71264Kb
 bounds [0x000001f400000000, 0x000001f402fa0000, 0x000001f407530000]
CodeHeap 'non-nmethods': size=5760Kb used=3041Kb max_used=3125Kb free=2718Kb
 bounds [0x000001f407530000, 0x000001f407850000, 0x000001f407ad0000]
 total_blobs=23308 nmethods=22210 adapters=999
 compilation: enabled
              stopped_count=0, restarted_count=0
 full_count=0

Compilation events (20 events):
Event: 790.843 Thread 0x000001f47e71c4e0 24718       3       com.android.tools.r8.graph.Y0::a (91 bytes)
Event: 790.844 Thread 0x000001f47e71c4e0 nmethod 24718 0x000001f402f94590 code [0x000001f402f94740, 0x000001f402f94930]
Event: 790.853 Thread 0x000001f47e71a7c0 24719       4       com.android.tools.r8.graph.P4::b (97 bytes)
Event: 790.858 Thread 0x000001f47e71c4e0 24721       3       com.android.tools.r8.internal.Vq::a (12 bytes)
Event: 790.859 Thread 0x000001f47e71c4e0 nmethod 24721 0x000001f402f94a10 code [0x000001f402f94bc0, 0x000001f402f94d88]
Event: 790.859 Thread 0x000001f47e71c4e0 24722       3       com.android.tools.r8.internal.jq::a (134 bytes)
Event: 790.860 Thread 0x000001f47e71c4e0 nmethod 24722 0x000001f402f94f10 code [0x000001f402f95160, 0x000001f402f95b30]
Event: 790.861 Thread 0x000001f47e71c4e0 24723       3       com.android.tools.r8.internal.G10$$Lambda/0x000001f4154a5be0::a (5 bytes)
Event: 790.861 Thread 0x000001f47e71c4e0 nmethod 24723 0x000001f402f95f90 code [0x000001f402f96140, 0x000001f402f962a8]
Event: 790.861 Thread 0x000001f47e71c4e0 24724       3       com.android.tools.r8.internal.OB::a (19 bytes)
Event: 790.861 Thread 0x000001f47e71c4e0 nmethod 24724 0x000001f402f96390 code [0x000001f402f96540, 0x000001f402f96758]
Event: 790.873 Thread 0x000001f47e71c4e0 24725       3       com.android.tools.r8.graph.O2::hashCode (8 bytes)
Event: 790.873 Thread 0x000001f47e71c4e0 nmethod 24725 0x000001f402f96890 code [0x000001f402f96a40, 0x000001f402f96b80]
Event: 790.874 Thread 0x000001f47e71c4e0 24726       3       com.android.tools.r8.internal.Z20::b (264 bytes)
Event: 790.875 Thread 0x000001f47e71c4e0 nmethod 24726 0x000001f402f96c10 code [0x000001f402f96ea0, 0x000001f402f97a48]
Event: 790.877 Thread 0x000001f47e71c4e0 24728       1       sun.nio.fs.WindowsPath::getPathForExceptionMessage (5 bytes)
Event: 790.878 Thread 0x000001f47e71c4e0 nmethod 24728 0x000001f408a28e90 code [0x000001f408a29020, 0x000001f408a290f0]
Event: 790.894 Thread 0x000001f47e71a7c0 nmethod 24719 0x000001f408a29190 code [0x000001f408a293e0, 0x000001f408a29b98]
Event: 790.895 Thread 0x000001f47e71a7c0 24727       4       com.android.tools.r8.dex.L$$Lambda/0x000001f415492c78::accept (12 bytes)
Event: 790.943 Thread 0x000001f47e71a7c0 nmethod 24727 0x000001f408a2a290 code [0x000001f408a2a540, 0x000001f408a2b048]

GC Heap History (20 events):
Event: 714.675 GC heap after
{Heap after GC invocations=72 (full 0):
 garbage-first heap   total 339968K, used 175298K [0x0000000700000000, 0x0000000800000000)
  region size 2048K, 1 young (2048K), 1 survivors (2048K)
 Metaspace       used 130746K, committed 133312K, reserved 1179648K
  class space    used 17056K, committed 18368K, reserved 1048576K
}
Event: 719.673 GC heap before
{Heap before GC invocations=72 (full 0):
 garbage-first heap   total 339968K, used 203970K [0x0000000700000000, 0x0000000800000000)
  region size 2048K, 16 young (32768K), 1 survivors (2048K)
 Metaspace       used 131783K, committed 134272K, reserved 1179648K
  class space    used 17196K, committed 18496K, reserved 1048576K
}
Event: 719.699 GC heap after
{Heap after GC invocations=73 (full 0):
 garbage-first heap   total 339968K, used 177320K [0x0000000700000000, 0x0000000800000000)
  region size 2048K, 2 young (4096K), 2 survivors (4096K)
 Metaspace       used 131783K, committed 134272K, reserved 1179648K
  class space    used 17196K, committed 18496K, reserved 1048576K
}
Event: 725.752 GC heap before
{Heap before GC invocations=73 (full 0):
 garbage-first heap   total 339968K, used 212136K [0x0000000700000000, 0x0000000800000000)
  region size 2048K, 20 young (40960K), 2 survivors (4096K)
 Metaspace       used 135456K, committed 137984K, reserved 1179648K
  class space    used 17715K, committed 19008K, reserved 1048576K
}
Event: 725.855 GC heap after
{Heap after GC invocations=74 (full 0):
 garbage-first heap   total 339968K, used 180470K [0x0000000700000000, 0x0000000800000000)
  region size 2048K, 3 young (6144K), 3 survivors (6144K)
 Metaspace       used 135456K, committed 137984K, reserved 1179648K
  class space    used 17715K, committed 19008K, reserved 1048576K
}
Event: 734.873 GC heap before
{Heap before GC invocations=74 (full 0):
 garbage-first heap   total 339968K, used 215286K [0x0000000700000000, 0x0000000800000000)
  region size 2048K, 21 young (43008K), 3 survivors (6144K)
 Metaspace       used 137869K, committed 140416K, reserved 1179648K
  class space    used 18078K, committed 19392K, reserved 1048576K
}
Event: 734.982 GC heap after
{Heap after GC invocations=75 (full 0):
 garbage-first heap   total 339968K, used 187066K [0x0000000700000000, 0x0000000800000000)
  region size 2048K, 3 young (6144K), 3 survivors (6144K)
 Metaspace       used 137869K, committed 140416K, reserved 1179648K
  class space    used 18078K, committed 19392K, reserved 1048576K
}
Event: 741.170 GC heap before
{Heap before GC invocations=75 (full 0):
 garbage-first heap   total 339968K, used 213690K [0x0000000700000000, 0x0000000800000000)
  region size 2048K, 17 young (34816K), 3 survivors (6144K)
 Metaspace       used 141076K, committed 143616K, reserved 1179648K
  class space    used 18571K, committed 19840K, reserved 1048576K
}
Event: 741.264 GC heap after
{Heap after GC invocations=76 (full 0):
 garbage-first heap   total 339968K, used 189756K [0x0000000700000000, 0x0000000800000000)
  region size 2048K, 1 young (2048K), 1 survivors (2048K)
 Metaspace       used 141076K, committed 143616K, reserved 1179648K
  class space    used 18571K, committed 19840K, reserved 1048576K
}
Event: 757.232 GC heap before
{Heap before GC invocations=76 (full 0):
 garbage-first heap   total 339968K, used 236860K [0x0000000700000000, 0x0000000800000000)
  region size 2048K, 26 young (53248K), 1 survivors (2048K)
 Metaspace       used 145694K, committed 148224K, reserved 1179648K
  class space    used 19254K, committed 20544K, reserved 1048576K
}
Event: 757.425 GC heap after
{Heap after GC invocations=77 (full 0):
 garbage-first heap   total 473088K, used 191720K [0x0000000700000000, 0x0000000800000000)
  region size 2048K, 2 young (4096K), 2 survivors (4096K)
 Metaspace       used 145694K, committed 148224K, reserved 1179648K
  class space    used 19254K, committed 20544K, reserved 1048576K
}
Event: 775.153 GC heap before
{Heap before GC invocations=77 (full 0):
 garbage-first heap   total 473088K, used 240872K [0x0000000700000000, 0x0000000800000000)
  region size 2048K, 26 young (53248K), 2 survivors (4096K)
 Metaspace       used 147024K, committed 149632K, reserved 1179648K
  class space    used 19375K, committed 20672K, reserved 1048576K
}
Event: 775.311 GC heap after
{Heap after GC invocations=78 (full 0):
 garbage-first heap   total 473088K, used 191536K [0x0000000700000000, 0x0000000800000000)
  region size 2048K, 2 young (4096K), 2 survivors (4096K)
 Metaspace       used 147024K, committed 149632K, reserved 1179648K
  class space    used 19375K, committed 20672K, reserved 1048576K
}
Event: 782.225 GC heap before
{Heap before GC invocations=79 (full 0):
 garbage-first heap   total 473088K, used 232496K [0x0000000700000000, 0x0000000800000000)
  region size 2048K, 22 young (45056K), 2 survivors (4096K)
 Metaspace       used 147657K, committed 150208K, reserved 1179648K
  class space    used 19455K, committed 20736K, reserved 1048576K
}
Event: 782.291 GC heap after
{Heap after GC invocations=80 (full 0):
 garbage-first heap   total 473088K, used 191998K [0x0000000700000000, 0x0000000800000000)
  region size 2048K, 2 young (4096K), 2 survivors (4096K)
 Metaspace       used 147657K, committed 150208K, reserved 1179648K
  class space    used 19455K, committed 20736K, reserved 1048576K
}
Event: 784.273 GC heap before
{Heap before GC invocations=80 (full 0):
 garbage-first heap   total 473088K, used 230910K [0x0000000700000000, 0x0000000800000000)
  region size 2048K, 22 young (45056K), 2 survivors (4096K)
 Metaspace       used 148038K, committed 150592K, reserved 1179648K
  class space    used 19495K, committed 20800K, reserved 1048576K
}
Event: 784.313 GC heap after
{Heap after GC invocations=81 (full 0):
 garbage-first heap   total 473088K, used 189815K [0x0000000700000000, 0x0000000800000000)
  region size 2048K, 2 young (4096K), 2 survivors (4096K)
 Metaspace       used 148038K, committed 150592K, reserved 1179648K
  class space    used 19495K, committed 20800K, reserved 1048576K
}
Event: 786.203 GC heap before
{Heap before GC invocations=81 (full 0):
 garbage-first heap   total 473088K, used 253303K [0x0000000700000000, 0x0000000800000000)
  region size 2048K, 33 young (67584K), 2 survivors (4096K)
 Metaspace       used 148654K, committed 151232K, reserved 1179648K
  class space    used 19570K, committed 20864K, reserved 1048576K
}
Event: 786.242 GC heap after
{Heap after GC invocations=82 (full 0):
 garbage-first heap   total 473088K, used 187394K [0x0000000700000000, 0x0000000800000000)
  region size 2048K, 3 young (6144K), 3 survivors (6144K)
 Metaspace       used 148654K, committed 151232K, reserved 1179648K
  class space    used 19570K, committed 20864K, reserved 1048576K
}
Event: 790.958 GC heap before
{Heap before GC invocations=82 (full 0):
 garbage-first heap   total 473088K, used 257026K [0x0000000700000000, 0x0000000800000000)
  region size 2048K, 38 young (77824K), 3 survivors (6144K)
 Metaspace       used 149929K, committed 152512K, reserved 1245184K
  class space    used 19766K, committed 21056K, reserved 1048576K
}

Dll operation events (16 events):
Event: 0.213 Loaded shared library C:\Program Files\Java\jdk-21\bin\java.dll
Event: 0.872 Loaded shared library C:\Program Files\Java\jdk-21\bin\jsvml.dll
Event: 1.814 Loaded shared library C:\Program Files\Java\jdk-21\bin\zip.dll
Event: 1.862 Loaded shared library C:\Program Files\Java\jdk-21\bin\instrument.dll
Event: 1.909 Loaded shared library C:\Program Files\Java\jdk-21\bin\net.dll
Event: 1.930 Loaded shared library C:\Program Files\Java\jdk-21\bin\nio.dll
Event: 1.948 Loaded shared library C:\Program Files\Java\jdk-21\bin\zip.dll
Event: 4.531 Loaded shared library C:\Program Files\Java\jdk-21\bin\jimage.dll
Event: 6.861 Loaded shared library C:\Program Files\Java\jdk-21\bin\verify.dll
Event: 7.796 Loaded shared library C:\Users\Mosca\.gradle\native\1def1411415f61bf3af743bc5b6707747c0891f09f0c88961ee8f79bc544acac\windows-amd64\native-platform.dll
Event: 7.894 Loaded shared library C:\Users\Mosca\.gradle\native\0.2.7\x86_64-windows-gnu\gradle-fileevents.dll
Event: 14.257 Loaded shared library C:\Program Files\Java\jdk-21\bin\management.dll
Event: 14.275 Loaded shared library C:\Program Files\Java\jdk-21\bin\management_ext.dll
Event: 14.993 Loaded shared library C:\Program Files\Java\jdk-21\bin\extnet.dll
Event: 17.163 Loaded shared library C:\Program Files\Java\jdk-21\bin\sunmscapi.dll
Event: 581.879 Loaded shared library C:\Program Files\Java\jdk-21\bin\rmi.dll

Deoptimization events (20 events):
Event: 789.928 Thread 0x000001f45c7b8e60 DEOPT PACKING pc=0x000001f4089c61c8 sp=0x0000008039cfcff0
Event: 789.928 Thread 0x000001f45c7b8e60 DEOPT UNPACKING pc=0x000001f4075846a2 sp=0x0000008039cfcef8 mode 2
Event: 789.928 Thread 0x000001f45c7b8e60 Uncommon trap: trap_request=0xffffff45 fr.pc=0x000001f408a0cb20 relative=0x0000000000000360
Event: 789.928 Thread 0x000001f45c7b8e60 Uncommon trap: reason=unstable_if action=reinterpret pc=0x000001f408a0cb20 method=com.android.tools.r8.graph.L2.a(Lcom/android/tools/r8/graph/L2;)I @ 60 c2
Event: 789.928 Thread 0x000001f45c7b8e60 DEOPT PACKING pc=0x000001f408a0cb20 sp=0x0000008039cfcf50
Event: 789.928 Thread 0x000001f45c7b8e60 DEOPT UNPACKING pc=0x000001f4075846a2 sp=0x0000008039cfcee8 mode 2
Event: 789.990 Thread 0x000001f45acf7a60 DEOPT PACKING pc=0x000001f402aecd18 sp=0x000000803a1fccc0
Event: 789.990 Thread 0x000001f45acf7a60 DEOPT UNPACKING pc=0x000001f407584e42 sp=0x000000803a1fc1a8 mode 0
Event: 790.040 Thread 0x000001f45c7b8e60 DEOPT PACKING pc=0x000001f402659874 sp=0x0000008039cfcef0
Event: 790.040 Thread 0x000001f45acf7a60 DEOPT PACKING pc=0x000001f402659874 sp=0x000000803a1fccf0
Event: 790.040 Thread 0x000001f45c7b8e60 DEOPT UNPACKING pc=0x000001f407584e42 sp=0x0000008039cfc3a8 mode 0
Event: 790.040 Thread 0x000001f45acf7a60 DEOPT UNPACKING pc=0x000001f407584e42 sp=0x000000803a1fc1a8 mode 0
Event: 790.040 Thread 0x000001f45c7b8e60 DEOPT PACKING pc=0x000001f402eeaa84 sp=0x0000008039cfcf70
Event: 790.040 Thread 0x000001f45acf7a60 DEOPT PACKING pc=0x000001f402eeaa84 sp=0x000000803a1fcd70
Event: 790.040 Thread 0x000001f45acf7a60 DEOPT UNPACKING pc=0x000001f407584e42 sp=0x000000803a1fc2e0 mode 0
Event: 790.040 Thread 0x000001f45c7b8e60 DEOPT UNPACKING pc=0x000001f407584e42 sp=0x0000008039cfc4e0 mode 0
Event: 790.041 Thread 0x000001f45acf7a60 DEOPT PACKING pc=0x000001f402eee67c sp=0x000000803a1fcf00
Event: 790.041 Thread 0x000001f45acf7a60 DEOPT UNPACKING pc=0x000001f407584e42 sp=0x000000803a1fc410 mode 0
Event: 790.041 Thread 0x000001f45c7b8e60 DEOPT PACKING pc=0x000001f402eee67c sp=0x0000008039cfd100
Event: 790.041 Thread 0x000001f45c7b8e60 DEOPT UNPACKING pc=0x000001f407584e42 sp=0x0000008039cfc610 mode 0

Classes loaded (20 events):
Event: 748.232 Loading class java/util/IdentityHashMap$IdentityHashMapSpliterator done
Event: 748.233 Loading class java/util/IdentityHashMap$EntrySpliterator done
Event: 748.251 Loading class java/util/stream/SortedOps$RefSortingSink
Event: 748.267 Loading class java/util/stream/SortedOps$RefSortingSink done
Event: 749.336 Loading class java/util/IdentityHashMap$ValueIterator
Event: 749.366 Loading class java/util/IdentityHashMap$ValueIterator done
Event: 752.146 Loading class java/util/SortedSet$1
Event: 752.169 Loading class java/util/SortedSet$1 done
Event: 752.300 Loading class java/util/stream/SliceOps
Event: 752.314 Loading class java/util/stream/SliceOps done
Event: 752.314 Loading class java/util/stream/SliceOps$1
Event: 752.331 Loading class java/util/stream/SliceOps$1 done
Event: 752.417 Loading class java/util/stream/SliceOps$1$1
Event: 752.419 Loading class java/util/stream/SliceOps$1$1 done
Event: 787.224 Loading class java/nio/ShortBuffer
Event: 787.245 Loading class java/nio/ShortBuffer done
Event: 788.044 Loading class java/nio/ByteBufferAsShortBufferL
Event: 788.060 Loading class java/nio/ByteBufferAsShortBufferL done
Event: 788.692 Loading class java/util/zip/Adler32
Event: 788.708 Loading class java/util/zip/Adler32 done

Classes unloaded (6 events):
Event: 766.092 Thread 0x000001f47e6f82e0 Unloading class 0x000001f4152e8c00 'java/lang/invoke/LambdaForm$DMH+0x000001f4152e8c00'
Event: 766.093 Thread 0x000001f47e6f82e0 Unloading class 0x000001f4152e8800 'java/lang/invoke/LambdaForm$DMH+0x000001f4152e8800'
Event: 766.093 Thread 0x000001f47e6f82e0 Unloading class 0x000001f4152e8400 'java/lang/invoke/LambdaForm$DMH+0x000001f4152e8400'
Event: 766.094 Thread 0x000001f47e6f82e0 Unloading class 0x000001f41521b000 'jdk/internal/reflect/GeneratedSerializationConstructorAccessor146'
Event: 766.094 Thread 0x000001f47e6f82e0 Unloading class 0x000001f41521ac00 'jdk/internal/reflect/GeneratedSerializationConstructorAccessor145'
Event: 766.095 Thread 0x000001f47e6f82e0 Unloading class 0x000001f41521a400 'jdk/internal/reflect/GeneratedSerializationConstructorAccessor143'

Classes redefined (0 events):
No events

Internal exceptions (20 events):
Event: 749.800 Thread 0x000001f45c7b8e60 Exception <a 'java/lang/NoSuchMethodError'{0x0000000712e06cf8}: 'int java.lang.invoke.DirectMethodHandle$Holder.invokeSpecial(java.lang.Object, java.lang.Object, java.lang.Object, int, java.lang.Object)'> (0x0000000712e06cf8) 
thrown [s\open\src\hotspot\share\interpreter\linkResolver.cpp, line 773]
Event: 752.413 Thread 0x000001f45acf7a60 Exception <a 'java/lang/NoSuchMethodError'{0x00000007126bab10}: 'long java.lang.invoke.DirectMethodHandle$Holder.invokeStatic(java.lang.Object, java.lang.Object)'> (0x00000007126bab10) 
thrown [s\open\src\hotspot\share\interpreter\linkResolver.cpp, line 773]
Event: 753.868 Thread 0x000001f45c7b8e60 Exception <a 'java/lang/NoSuchMethodError'{0x000000071249eac0}: 'int java.lang.invoke.DirectMethodHandle$Holder.invokeInterface(java.lang.Object, java.lang.Object, int)'> (0x000000071249eac0) 
thrown [s\open\src\hotspot\share\interpreter\linkResolver.cpp, line 773]
Event: 756.181 Thread 0x000001f45c7b8e60 Exception <a 'java/lang/NoSuchMethodError'{0x0000000711855888}: 'void java.lang.invoke.DirectMethodHandle$Holder.invokeStatic(java.lang.Object, int)'> (0x0000000711855888) 
thrown [s\open\src\hotspot\share\interpreter\linkResolver.cpp, line 773]
Event: 761.179 Thread 0x000001f45acf7a60 Exception <a 'java/lang/NoSuchMethodError'{0x000000071bab2898}: 'java.lang.Object java.lang.invoke.DirectMethodHandle$Holder.invokeInterface(java.lang.Object, java.lang.Object, int)'> (0x000000071bab2898) 
thrown [s\open\src\hotspot\share\interpreter\linkResolver.cpp, line 773]
Event: 774.647 Thread 0x000001f45c7b8e60 Exception <a 'java/lang/IncompatibleClassChangeError'{0x0000000719b09118}: Found class java.lang.Object, but interface was expected> (0x0000000719b09118) 
thrown [s\open\src\hotspot\share\interpreter\linkResolver.cpp, line 840]
Event: 781.727 Thread 0x000001f45c7b8140 Exception <a 'java/lang/NoSuchMethodError'{0x000000071ada6868}: 'void java.lang.invoke.DirectMethodHandle$Holder.invokeSpecial(java.lang.Object, java.lang.Object, java.lang.Object, int, java.lang.Object, java.lang.Object, java.lang.Object, java.lang.Object)'> (0x000000071ada6868) 
thrown [s\open\src\hotspot\share\interpreter\linkResolver.cpp, line 773]
Event: 781.844 Thread 0x000001f45c7bd000 Exception <a 'java/lang/NoSuchMethodError'{0x000000071ac53d40}: 'void java.lang.invoke.DirectMethodHandle$Holder.invokeStatic(java.lang.Object, java.lang.Object, java.lang.Object, java.lang.Object, java.lang.Object, java.lang.Object, java.lang.Object, java.lang.Object)'> (0x000000071ac53d40) 
thrown [s\open\src\hotspot\share\interpreter\linkResolver.cpp, line 773]
Event: 785.728 Thread 0x000001f45c7b8140 Exception <a 'java/lang/IncompatibleClassChangeError'{0x00000007193b41f0}: Found class java.lang.Object, but interface was expected> (0x00000007193b41f0) 
thrown [s\open\src\hotspot\share\interpreter\linkResolver.cpp, line 840]
Event: 788.811 Thread 0x000001f45c7b8e60 Implicit null exception at 0x000001f4088fbe00 to 0x000001f4088fbf50
Event: 790.069 Thread 0x000001f45c7b8e60 Exception <a 'sun/nio/fs/WindowsException'{0x00000007187cd690}> (0x00000007187cd690) 
thrown [s\open\src\hotspot\share\prims\jni.cpp, line 520]
Event: 790.077 Thread 0x000001f45acf7a60 Exception <a 'sun/nio/fs/WindowsException'{0x0000000717eb35c8}> (0x0000000717eb35c8) 
thrown [s\open\src\hotspot\share\prims\jni.cpp, line 520]
Event: 790.142 Thread 0x000001f45c7b8e60 Exception <a 'sun/nio/fs/WindowsException'{0x0000000717f5a298}> (0x0000000717f5a298) 
thrown [s\open\src\hotspot\share\prims\jni.cpp, line 520]
Event: 790.160 Thread 0x000001f45acf7a60 Exception <a 'sun/nio/fs/WindowsException'{0x0000000717eba3f8}> (0x0000000717eba3f8) 
thrown [s\open\src\hotspot\share\prims\jni.cpp, line 520]
Event: 790.309 Thread 0x000001f45c7b8e60 Exception <a 'sun/nio/fs/WindowsException'{0x0000000717f7a550}> (0x0000000717f7a550) 
thrown [s\open\src\hotspot\share\prims\jni.cpp, line 520]
Event: 790.378 Thread 0x000001f45acf7a60 Exception <a 'sun/nio/fs/WindowsException'{0x0000000717ec11c0}> (0x0000000717ec11c0) 
thrown [s\open\src\hotspot\share\prims\jni.cpp, line 520]
Event: 790.724 Thread 0x000001f45acf7a60 Exception <a 'sun/nio/fs/WindowsException'{0x0000000717fd3668}> (0x0000000717fd3668) 
thrown [s\open\src\hotspot\share\prims\jni.cpp, line 520]
Event: 790.811 Thread 0x000001f45c7b8e60 Exception <a 'sun/nio/fs/WindowsException'{0x0000000717d01e58}> (0x0000000717d01e58) 
thrown [s\open\src\hotspot\share\prims\jni.cpp, line 520]
Event: 790.877 Thread 0x000001f45c7b8e60 Exception <a 'sun/nio/fs/WindowsException'{0x0000000717d54af8}> (0x0000000717d54af8) 
thrown [s\open\src\hotspot\share\prims\jni.cpp, line 520]
Event: 790.926 Thread 0x000001f45acf7a60 Exception <a 'sun/nio/fs/WindowsException'{0x0000000717fda2d0}> (0x0000000717fda2d0) 
thrown [s\open\src\hotspot\share\prims\jni.cpp, line 520]

ZGC Phase Switch (0 events):
No events

VM Operations (20 events):
Event: 787.514 Executing VM operation: HandshakeAllThreads (Deoptimize) done
Event: 787.571 Executing VM operation: HandshakeAllThreads (Deoptimize)
Event: 787.649 Executing VM operation: HandshakeAllThreads (Deoptimize) done
Event: 787.792 Executing VM operation: HandshakeAllThreads (Deoptimize)
Event: 787.922 Executing VM operation: HandshakeAllThreads (Deoptimize) done
Event: 788.258 Executing VM operation: ICBufferFull
Event: 788.276 Executing VM operation: ICBufferFull done
Event: 788.725 Executing VM operation: HandshakeAllThreads (Deoptimize)
Event: 788.864 Executing VM operation: HandshakeAllThreads (Deoptimize) done
Event: 789.059 Executing VM operation: HandshakeAllThreads (Deoptimize)
Event: 789.322 Executing VM operation: HandshakeAllThreads (Deoptimize) done
Event: 789.322 Executing VM operation: Cleanup
Event: 789.338 Executing VM operation: Cleanup done
Event: 789.745 Executing VM operation: HandshakeAllThreads (Deoptimize)
Event: 789.762 Executing VM operation: HandshakeAllThreads (Deoptimize) done
Event: 790.011 Executing VM operation: ICBufferFull
Event: 790.020 Executing VM operation: ICBufferFull done
Event: 790.040 Executing VM operation: HandshakeAllThreads (Deoptimize)
Event: 790.040 Executing VM operation: HandshakeAllThreads (Deoptimize) done
Event: 790.943 Executing VM operation: G1CollectForAllocation (G1 Evacuation Pause)

Events (20 events):
Event: 769.566 Thread 0x000001f47e6f82e0 flushing nmethod 0x000001f400e33890
Event: 769.567 Thread 0x000001f47e6f82e0 flushing nmethod 0x000001f400e9fd90
Event: 769.567 Thread 0x000001f47e6f82e0 flushing nmethod 0x000001f400ee3790
Event: 769.567 Thread 0x000001f47e6f82e0 flushing nmethod 0x000001f400efc690
Event: 769.567 Thread 0x000001f47e6f82e0 flushing nmethod 0x000001f400fac090
Event: 769.567 Thread 0x000001f47e6f82e0 flushing nmethod 0x000001f400facd10
Event: 769.567 Thread 0x000001f47e6f82e0 flushing nmethod 0x000001f401053510
Event: 769.569 Thread 0x000001f47e6f82e0 flushing nmethod 0x000001f401095e90
Event: 769.570 Thread 0x000001f47e6f82e0 flushing nmethod 0x000001f401097110
Event: 769.570 Thread 0x000001f47e6f82e0 flushing nmethod 0x000001f401099310
Event: 769.570 Thread 0x000001f47e6f82e0 flushing nmethod 0x000001f40119dd10
Event: 769.570 Thread 0x000001f47e6f82e0 flushing nmethod 0x000001f401253790
Event: 769.570 Thread 0x000001f47e6f82e0 flushing nmethod 0x000001f401254890
Event: 769.570 Thread 0x000001f47e6f82e0 flushing nmethod 0x000001f401258710
Event: 769.571 Thread 0x000001f47e6f82e0 flushing nmethod 0x000001f40126be10
Event: 769.571 Thread 0x000001f47e6f82e0 flushing nmethod 0x000001f40128a910
Event: 769.572 Thread 0x000001f47e6f82e0 flushing nmethod 0x000001f4012c1510
Event: 769.572 Thread 0x000001f47e6f82e0 flushing nmethod 0x000001f4012c4810
Event: 769.572 Thread 0x000001f47e6f82e0 flushing nmethod 0x000001f4013b9510
Event: 769.572 Thread 0x000001f47e6f82e0 flushing nmethod 0x000001f401578010


Dynamic libraries:
0x00007ff6eac80000 - 0x00007ff6eac90000 	C:\Program Files\Java\jdk-21\bin\java.exe
0x00007ffe1ead0000 - 0x00007ffe1ecc8000 	C:\Windows\SYSTEM32\ntdll.dll
0x00007ffe1d150000 - 0x00007ffe1d212000 	C:\Windows\System32\KERNEL32.DLL
0x00007ffe1c290000 - 0x00007ffe1c587000 	C:\Windows\System32\KERNELBASE.dll
0x00007ffe1c6a0000 - 0x00007ffe1c7a0000 	C:\Windows\System32\ucrtbase.dll
0x00007ffe0b250000 - 0x00007ffe0b26b000 	C:\Program Files\Java\jdk-21\bin\VCRUNTIME140.dll
0x00007ffe16550000 - 0x00007ffe16569000 	C:\Program Files\Java\jdk-21\bin\jli.dll
0x00007ffe1e9d0000 - 0x00007ffe1ea81000 	C:\Windows\System32\ADVAPI32.dll
0x00007ffe1e930000 - 0x00007ffe1e9ce000 	C:\Windows\System32\msvcrt.dll
0x00007ffe1e3e0000 - 0x00007ffe1e47f000 	C:\Windows\System32\sechost.dll
0x00007ffe1dd70000 - 0x00007ffe1de96000 	C:\Windows\System32\RPCRT4.dll
0x00007ffe1c9a0000 - 0x00007ffe1c9c7000 	C:\Windows\System32\bcrypt.dll
0x00007ffe1e1e0000 - 0x00007ffe1e37d000 	C:\Windows\System32\USER32.dll
0x00007ffe1c5e0000 - 0x00007ffe1c602000 	C:\Windows\System32\win32u.dll
0x00007ffe1d220000 - 0x00007ffe1d24b000 	C:\Windows\System32\GDI32.dll
0x00007ffe1c9d0000 - 0x00007ffe1cae9000 	C:\Windows\System32\gdi32full.dll
0x00007ffe1c7a0000 - 0x00007ffe1c83d000 	C:\Windows\System32\msvcp_win.dll
0x00007ffe0b4a0000 - 0x00007ffe0b73a000 	C:\Windows\WinSxS\amd64_microsoft.windows.common-controls_6595b64144ccf1df_6.0.19041.5915_none_60b4b9d171f9c7c7\COMCTL32.dll
0x00007ffe15830000 - 0x00007ffe1583a000 	C:\Windows\SYSTEM32\VERSION.dll
0x00007ffe1dd40000 - 0x00007ffe1dd6f000 	C:\Windows\System32\IMM32.DLL
0x00007ffe15230000 - 0x00007ffe1523c000 	C:\Program Files\Java\jdk-21\bin\vcruntime140_1.dll
0x00007ffdf2f40000 - 0x00007ffdf2fce000 	C:\Program Files\Java\jdk-21\bin\msvcp140.dll
0x00007ffdd4ec0000 - 0x00007ffdd5bda000 	C:\Program Files\Java\jdk-21\bin\server\jvm.dll
0x00007ffe1dea0000 - 0x00007ffe1df0b000 	C:\Windows\System32\WS2_32.dll
0x00007ffe1bfc0000 - 0x00007ffe1c00b000 	C:\Windows\SYSTEM32\POWRPROF.dll
0x00007ffe0ab00000 - 0x00007ffe0ab27000 	C:\Windows\SYSTEM32\WINMM.dll
0x00007ffe1bfa0000 - 0x00007ffe1bfb2000 	C:\Windows\SYSTEM32\UMPDC.dll
0x00007ffe19fe0000 - 0x00007ffe19ff2000 	C:\Windows\SYSTEM32\kernel.appcore.dll
0x00007ffe0b040000 - 0x00007ffe0b04a000 	C:\Program Files\Java\jdk-21\bin\jimage.dll
0x00007ffe0a8f0000 - 0x00007ffe0aaf1000 	C:\Windows\SYSTEM32\DBGHELP.DLL
0x00007ffdfda40000 - 0x00007ffdfda74000 	C:\Windows\SYSTEM32\dbgcore.DLL
0x00007ffe1c610000 - 0x00007ffe1c692000 	C:\Windows\System32\bcryptPrimitives.dll
0x00007ffe005c0000 - 0x00007ffe005cf000 	C:\Program Files\Java\jdk-21\bin\instrument.dll
0x00007ffdffb40000 - 0x00007ffdffb5f000 	C:\Program Files\Java\jdk-21\bin\java.dll
0x00007ffe1d260000 - 0x00007ffe1d9ce000 	C:\Windows\System32\SHELL32.dll
0x00007ffe1a1e0000 - 0x00007ffe1a984000 	C:\Windows\SYSTEM32\windows.storage.dll
0x00007ffe1e5c0000 - 0x00007ffe1e913000 	C:\Windows\System32\combase.dll
0x00007ffe1bac0000 - 0x00007ffe1baeb000 	C:\Windows\SYSTEM32\Wldp.dll
0x00007ffe1d080000 - 0x00007ffe1d14d000 	C:\Windows\System32\OLEAUT32.dll
0x00007ffe1e000000 - 0x00007ffe1e0ad000 	C:\Windows\System32\SHCORE.dll
0x00007ffe1e500000 - 0x00007ffe1e55b000 	C:\Windows\System32\shlwapi.dll
0x00007ffe1c090000 - 0x00007ffe1c0b4000 	C:\Windows\SYSTEM32\profapi.dll
0x00007ffdec360000 - 0x00007ffdec437000 	C:\Program Files\Java\jdk-21\bin\jsvml.dll
0x00007ffdfeb50000 - 0x00007ffdfeb68000 	C:\Program Files\Java\jdk-21\bin\zip.dll
0x00007ffe0afa0000 - 0x00007ffe0afb0000 	C:\Program Files\Java\jdk-21\bin\net.dll
0x00007ffe12700000 - 0x00007ffe1280a000 	C:\Windows\SYSTEM32\WINHTTP.dll
0x00007ffe1b820000 - 0x00007ffe1b88a000 	C:\Windows\system32\mswsock.dll
0x00007ffdffb00000 - 0x00007ffdffb16000 	C:\Program Files\Java\jdk-21\bin\nio.dll
0x00007ffdfbbf0000 - 0x00007ffdfbc00000 	C:\Program Files\Java\jdk-21\bin\verify.dll
0x00007ffdeed00000 - 0x00007ffdeed27000 	C:\Users\Mosca\.gradle\native\1def1411415f61bf3af743bc5b6707747c0891f09f0c88961ee8f79bc544acac\windows-amd64\native-platform.dll
0x00007ffdf1430000 - 0x00007ffdf14a8000 	C:\Users\Mosca\.gradle\native\0.2.7\x86_64-windows-gnu\gradle-fileevents.dll
0x00007ffe015d0000 - 0x00007ffe015da000 	C:\Program Files\Java\jdk-21\bin\management.dll
0x00007ffe005b0000 - 0x00007ffe005bb000 	C:\Program Files\Java\jdk-21\bin\management_ext.dll
0x00007ffe1d250000 - 0x00007ffe1d258000 	C:\Windows\System32\PSAPI.DLL
0x00007ffe1b500000 - 0x00007ffe1b53b000 	C:\Windows\SYSTEM32\IPHLPAPI.DLL
0x00007ffe1df10000 - 0x00007ffe1df18000 	C:\Windows\System32\NSI.dll
0x00007ffdfe9d0000 - 0x00007ffdfe9d9000 	C:\Program Files\Java\jdk-21\bin\extnet.dll
0x00007ffe1ba10000 - 0x00007ffe1ba28000 	C:\Windows\SYSTEM32\CRYPTSP.dll
0x00007ffe1b140000 - 0x00007ffe1b178000 	C:\Windows\system32\rsaenh.dll
0x00007ffe1c050000 - 0x00007ffe1c07e000 	C:\Windows\SYSTEM32\USERENV.dll
0x00007ffe1ba30000 - 0x00007ffe1ba3c000 	C:\Windows\SYSTEM32\CRYPTBASE.dll
0x00007ffdfea50000 - 0x00007ffdfea5e000 	C:\Program Files\Java\jdk-21\bin\sunmscapi.dll
0x00007ffe1c840000 - 0x00007ffe1c99d000 	C:\Windows\System32\CRYPT32.dll
0x00007ffe1bb30000 - 0x00007ffe1bb57000 	C:\Windows\SYSTEM32\ncrypt.dll
0x00007ffe1baf0000 - 0x00007ffe1bb2b000 	C:\Windows\SYSTEM32\NTASN1.dll
0x00007ffe15010000 - 0x00007ffe15017000 	C:\Windows\system32\wshunix.dll
0x00007ffdf96a0000 - 0x00007ffdf96b7000 	C:\Windows\system32\napinsp.dll
0x00007ffe04260000 - 0x00007ffe0427b000 	C:\Windows\system32\pnrpnsp.dll
0x00007ffe187c0000 - 0x00007ffe187dd000 	C:\Windows\system32\wshbth.dll
0x00007ffe168c0000 - 0x00007ffe168dd000 	C:\Windows\system32\NLAapi.dll
0x00007ffe1b540000 - 0x00007ffe1b60a000 	C:\Windows\SYSTEM32\DNSAPI.dll
0x00007ffe16a10000 - 0x00007ffe16a22000 	C:\Windows\System32\winrnr.dll
0x00007ffe0cfa0000 - 0x00007ffe0cfaa000 	C:\Windows\System32\rasadhlp.dll
0x00007ffe0cfe0000 - 0x00007ffe0d060000 	C:\Windows\System32\fwpuclnt.dll
0x00007ffe1b390000 - 0x00007ffe1b3c3000 	C:\Windows\SYSTEM32\ntmarta.dll
0x00007ffe16850000 - 0x00007ffe16857000 	C:\Program Files\Java\jdk-21\bin\rmi.dll

dbghelp: loaded successfully - version: 4.0.5 - missing functions: none
symbol engine: initialized successfully - sym options: 0x614 - pdb path: .;C:\Program Files\Java\jdk-21\bin;C:\Windows\SYSTEM32;C:\Windows\WinSxS\amd64_microsoft.windows.common-controls_6595b64144ccf1df_6.0.19041.5915_none_60b4b9d171f9c7c7;C:\Program Files\Java\jdk-21\bin\server;C:\Users\Mosca\.gradle\native\1def1411415f61bf3af743bc5b6707747c0891f09f0c88961ee8f79bc544acac\windows-amd64;C:\Users\Mosca\.gradle\native\0.2.7\x86_64-windows-gnu

VM Arguments:
jvm_args: --add-opens=java.base/java.lang=ALL-UNNAMED --add-opens=java.base/java.lang.invoke=ALL-UNNAMED --add-opens=java.base/java.util=ALL-UNNAMED --add-opens=java.prefs/java.util.prefs=ALL-UNNAMED --add-exports=jdk.compiler/com.sun.tools.javac.api=ALL-UNNAMED --add-exports=jdk.compiler/com.sun.tools.javac.util=ALL-UNNAMED --add-opens=java.base/java.util=ALL-UNNAMED --add-opens=java.prefs/java.util.prefs=ALL-UNNAMED --add-opens=java.base/java.nio.charset=ALL-UNNAMED --add-opens=java.base/java.net=ALL-UNNAMED --add-opens=java.base/java.util.concurrent.atomic=ALL-UNNAMED --add-opens=java.xml/javax.xml.namespace=ALL-UNNAMED -XX:+HeapDumpOnOutOfMemoryError -Xmx4096m -Dfile.encoding=UTF-8 -Duser.country=CO -Duser.language=es -Duser.variant -javaagent:C:\Users\Mosca\.gradle\wrapper\dists\gradle-8.13-bin\5xuhj0ry160q40clulazy9h7d\gradle-8.13\lib\agents\gradle-instrumentation-agent-8.13.jar 
java_command: org.gradle.launcher.daemon.bootstrap.GradleDaemon 8.13
java_class_path (initial): C:\Users\Mosca\.gradle\wrapper\dists\gradle-8.13-bin\5xuhj0ry160q40clulazy9h7d\gradle-8.13\lib\gradle-daemon-main-8.13.jar
Launcher Type: SUN_STANDARD

[Global flags]
     intx CICompilerCount                          = 3                                         {product} {ergonomic}
     uint ConcGCThreads                            = 1                                         {product} {ergonomic}
     uint G1ConcRefinementThreads                  = 4                                         {product} {ergonomic}
   size_t G1HeapRegionSize                         = 2097152                                   {product} {ergonomic}
    uintx GCDrainStackTargetSize                   = 64                                        {product} {ergonomic}
     bool HeapDumpOnOutOfMemoryError               = true                                   {manageable} {command line}
   size_t InitialHeapSize                          = 67108864                                  {product} {ergonomic}
   size_t MarkStackSize                            = 4194304                                   {product} {ergonomic}
   size_t MaxHeapSize                              = 4294967296                                {product} {command line}
   size_t MaxNewSize                               = 2575302656                                {product} {ergonomic}
   size_t MinHeapDeltaBytes                        = 2097152                                   {product} {ergonomic}
   size_t MinHeapSize                              = 8388608                                   {product} {ergonomic}
    uintx NonNMethodCodeHeapSize                   = 5832780                                {pd product} {ergonomic}
    uintx NonProfiledCodeHeapSize                  = 122912730                              {pd product} {ergonomic}
    uintx ProfiledCodeHeapSize                     = 122912730                              {pd product} {ergonomic}
    uintx ReservedCodeCacheSize                    = 251658240                              {pd product} {ergonomic}
     bool SegmentedCodeCache                       = true                                      {product} {ergonomic}
   size_t SoftMaxHeapSize                          = 4294967296                             {manageable} {ergonomic}
     bool UseCompressedOops                        = true                           {product lp64_product} {ergonomic}
     bool UseG1GC                                  = true                                      {product} {ergonomic}
     bool UseLargePagesIndividualAllocation        = false                                  {pd product} {ergonomic}

Logging:
Log output configuration:
 #0: stdout all=warning uptime,level,tags foldmultilines=false
 #1: stderr all=off uptime,level,tags foldmultilines=false

Environment Variables:
CLASSPATH=C:\Users\Mosca\Documents\androidestudio\RestauranteAPP\\gradle\wrapper\gradle-wrapper.jar
PATH=C:\Program Files\Common Files\Oracle\Java\javapath;C:\Program Files (x86)\Common Files\Intel\Shared Libraries\redist\intel64\compiler;C:\Windows\system32;C:\Windows;C:\Windows\System32\Wbem;C:\Windows\System32\WindowsPowerShell\v1.0\;C:\Windows\System32\OpenSSH\;C:\Program Files\Git\cmd;C:\Users\Mosca\AppData\Local\Programs\Python\Python313\Scripts\;C:\Users\Mosca\AppData\Local\Programs\Python\Python313\;C:\Users\Mosca\AppData\Local\Microsoft\WindowsApps;C:\Users\Mosca\AppData\Local\Programs\Microsoft VS Code\bin;C:\Users\Mosca\AppData\Local\Programs\cursor\resources\app\bin
USERNAME=Mosca
LANG=en_US.UTF-8
OS=Windows_NT
PROCESSOR_IDENTIFIER=Intel64 Family 6 Model 78 Stepping 3, GenuineIntel
TMP=C:\Users\Mosca\AppData\Local\Temp
TEMP=C:\Users\Mosca\AppData\Local\Temp




Periodic native trim disabled

---------------  S Y S T E M  ---------------

OS:
 Windows 10 , 64 bit Build 19041 (10.0.19041.5915)
OS uptime: 2 days 4:34 hours

CPU: total 4 (initial active 4) (2 cores per cpu, 2 threads per core) family 6 model 78 stepping 3 microcode 0xcc, cx8, cmov, fxsr, ht, mmx, 3dnowpref, sse, sse2, sse3, ssse3, sse4.1, sse4.2, popcnt, lzcnt, tsc, tscinvbit, avx, avx2, aes, erms, clmul, bmi1, bmi2, adx, fma, vzeroupper, clflush, clflushopt, rdtscp, f16c
Processor Information for all 4 processors :
  Max Mhz: 1992, Current Mhz: 1992, Mhz Limit: 1992

Memory: 4k page, system-wide physical 3970M (81M free)
TotalPageFile size 16258M (AvailPageFile size 287M)
current process WorkingSet (physical memory assigned to process): 406M, peak: 408M
current process commit charge ("private bytes"): 896M, peak: 1358M

vm_info: Java HotSpot(TM) 64-Bit Server VM (21.0.7+8-LTS-245) for windows-amd64 JRE (21.0.7+8-LTS-245), built on 2025-02-21T05:11:27Z by "mach5one" with MS VC++ 17.6 (VS2022)

END.
