#
# There is insufficient memory for the Java Runtime Environment to continue.
# Native memory allocation (malloc) failed to allocate 2092016 bytes for Chunk::new
# Possible reasons:
#   The system is out of physical RAM or swap space
#   The process is running with CompressedOops enabled, and the Java Heap may be blocking the growth of the native heap
# Possible solutions:
#   Reduce memory load on the system
#   Increase physical memory or swap space
#   Check if swap backing store is full
#   Decrease Java heap size (-Xmx/-Xms)
#   Decrease number of Java threads
#   Decrease Java thread stack sizes (-Xss)
#   Set larger code cache with -XX:ReservedCodeCacheSize=
#   JVM is running with Zero Based Compressed Oops mode in which the Java heap is
#     placed in the first 32GB address space. The Java Heap base address is the
#     maximum limit for the native heap growth. Please use -XX:HeapBaseMinAddress
#     to set the Java Heap base and to place the Java Heap above 32GB virtual address.
# This output file may be truncated or incomplete.
#
#  Out of Memory Error (arena.cpp:168), pid=6688, tid=13612
#
# JRE version: Java(TM) SE Runtime Environment (21.0.7+8) (build 21.0.7+8-LTS-245)
# Java VM: Java HotSpot(TM) 64-Bit Server VM (21.0.7+8-LTS-245, mixed mode, sharing, tiered, compressed oops, compressed class ptrs, g1 gc, windows-amd64)
# No core dump will be written. Minidumps are not enabled by default on client versions of Windows
#

---------------  S U M M A R Y ------------

Command Line: --add-opens=java.base/java.lang=ALL-UNNAMED --add-opens=java.base/java.lang.invoke=ALL-UNNAMED --add-opens=java.base/java.util=ALL-UNNAMED --add-opens=java.prefs/java.util.prefs=ALL-UNNAMED --add-exports=jdk.compiler/com.sun.tools.javac.api=ALL-UNNAMED --add-exports=jdk.compiler/com.sun.tools.javac.util=ALL-UNNAMED --add-opens=java.base/java.util=ALL-UNNAMED --add-opens=java.prefs/java.util.prefs=ALL-UNNAMED --add-opens=java.base/java.nio.charset=ALL-UNNAMED --add-opens=java.base/java.net=ALL-UNNAMED --add-opens=java.base/java.util.concurrent.atomic=ALL-UNNAMED --add-opens=java.xml/javax.xml.namespace=ALL-UNNAMED -XX:+HeapDumpOnOutOfMemoryError -Xmx4096m -Dfile.encoding=UTF-8 -Duser.country=CO -Duser.language=es -Duser.variant -javaagent:C:\Users\Mosca\.gradle\wrapper\dists\gradle-8.13-bin\5xuhj0ry160q40clulazy9h7d\gradle-8.13\lib\agents\gradle-instrumentation-agent-8.13.jar org.gradle.launcher.daemon.bootstrap.GradleDaemon 8.13

Host: Intel(R) Core(TM) i3-6006U CPU @ 2.00GHz, 4 cores, 3G,  Windows 10 , 64 bit Build 19041 (10.0.19041.5915)
Time: Sun Jul 27 15:45:10 2025 Hora est. Pacífico, Sudamérica elapsed time: 653.070690 seconds (0d 0h 10m 53s)

---------------  T H R E A D  ---------------

Current thread (0x000001d1d0d630e0):  JavaThread "C2 CompilerThread0" daemon [_thread_in_native, id=13612, stack(0x00000055b2100000,0x00000055b2200000) (1024K)]


Current CompileTask:
C2: 653071 21032 %     4       com.android.tools.r8.internal.nB::a @ 101 (3928 bytes)

Stack: [0x00000055b2100000,0x00000055b2200000]
Native frames: (J=compiled Java code, j=interpreted, Vv=VM code, C=native code)
V  [jvm.dll+0x6cae19]
V  [jvm.dll+0x855741]
V  [jvm.dll+0x857c6e]
V  [jvm.dll+0x858343]
V  [jvm.dll+0x27e0b6]
V  [jvm.dll+0xc4ecd]
V  [jvm.dll+0xc5403]
V  [jvm.dll+0x3b5752]
V  [jvm.dll+0x381e25]
V  [jvm.dll+0x38129a]
V  [jvm.dll+0x246b30]
V  [jvm.dll+0x24610f]
V  [jvm.dll+0x1c6efe]
V  [jvm.dll+0x255819]
V  [jvm.dll+0x253daa]
V  [jvm.dll+0x3eebb6]
V  [jvm.dll+0x7ffa1b]
V  [jvm.dll+0x6c94fd]
C  [ucrtbase.dll+0x21bb2]
C  [KERNEL32.DLL+0x17374]
C  [ntdll.dll+0x4cc91]


---------------  P R O C E S S  ---------------

Threads class SMR info:
_java_thread_list=0x000001d22121d550, length=98, elements={
0x000001d1b0334740, 0x000001d1d0d53090, 0x000001d1d0d53fa0, 0x000001d1d0d56dc0,
0x000001d1d0d58aa0, 0x000001d1d0d61500, 0x000001d1d0d62360, 0x000001d1d0d630e0,
0x000001d1d0d98850, 0x000001d21605bfe0, 0x000001d21610abd0, 0x000001d217938850,
0x000001d217626760, 0x000001d217a8d3a0, 0x000001d216012d10, 0x000001d2175de7d0,
0x000001d217527920, 0x000001d2175df5d0, 0x000001d2179a0080, 0x000001d217a41000,
0x000001d217a3ef30, 0x000001d217a41d20, 0x000001d217a3e8a0, 0x000001d217a402e0,
0x000001d217a40970, 0x000001d217a41690, 0x000001d217a3fc50, 0x000001d21970a0a0,
0x000001d21970bae0, 0x000001d21970e8d0, 0x000001d219709380, 0x000001d21970b450,
0x000001d21970c170, 0x000001d21970adc0, 0x000001d21970dbb0, 0x000001d21970c800,
0x000001d21970ce90, 0x000001d21970d520, 0x000001d21970ef60, 0x000001d21970e240,
0x000001d21970f5f0, 0x000001d21970fc80, 0x000001d219708cf0, 0x000001d219710310,
0x000001d21b66f780, 0x000001d21b669510, 0x000001d21b66a8c0, 0x000001d21b66d6b0,
0x000001d21b66c300, 0x000001d21b66ea60, 0x000001d21b66e3d0, 0x000001d21b668e80,
0x000001d21b669ba0, 0x000001d21b66b5e0, 0x000001d21b66a230, 0x000001d21a035200,
0x000001d21a037ff0, 0x000001d21a033e50, 0x000001d21ad35e60, 0x000001d21ad364f0,
0x000001d21ad31cc0, 0x000001d21ad34ab0, 0x000001d21ad329e0, 0x000001d21ad2fbf0,
0x000001d21ad37210, 0x000001d21ad30910, 0x000001d21ad33d90, 0x000001d21ad32350,
0x000001d21ad33070, 0x000001d21ad33700, 0x000001d21ad357d0, 0x000001d21ad31630,
0x000001d21ad34420, 0x000001d21ad30fa0, 0x000001d21a031060, 0x000001d21a0337c0,
0x000001d21a038680, 0x000001d21a034b70, 0x000001d21a031d80, 0x000001d21a032410,
0x000001d21a035f20, 0x000001d21b4b1580, 0x000001d21b4aa5f0, 0x000001d21b4ae790,
0x000001d21b4aee20, 0x000001d21b4aac80, 0x000001d21b4ae100, 0x000001d21b987d20,
0x000001d21b4b0ef0, 0x000001d21b4ab310, 0x000001d21b4ac030, 0x000001d21b4acd50,
0x000001d21b4ad3e0, 0x000001d21b4af4b0, 0x000001d21b9883b0, 0x000001d21b98c550,
0x000001d21b98cbe0, 0x000001d21b9890d0
}
_to_delete_list=0x000001d21bf38bb0, length=99, elements={
0x000001d1b0334740, 0x000001d1d0d53090, 0x000001d1d0d53fa0, 0x000001d1d0d56dc0,
0x000001d1d0d58aa0, 0x000001d1d0d61500, 0x000001d1d0d62360, 0x000001d1d0d630e0,
0x000001d1d0d98850, 0x000001d21605bfe0, 0x000001d21610abd0, 0x000001d217938850,
0x000001d217626760, 0x000001d217a8d3a0, 0x000001d216012d10, 0x000001d2175de7d0,
0x000001d217527920, 0x000001d2175df5d0, 0x000001d2179a0080, 0x000001d217a41000,
0x000001d217a3ef30, 0x000001d217a41d20, 0x000001d217a3e8a0, 0x000001d217a402e0,
0x000001d217a40970, 0x000001d217a41690, 0x000001d217a3fc50, 0x000001d21970a0a0,
0x000001d21970bae0, 0x000001d21970e8d0, 0x000001d219709380, 0x000001d21970b450,
0x000001d21970c170, 0x000001d21970adc0, 0x000001d21970dbb0, 0x000001d21970c800,
0x000001d21970ce90, 0x000001d21970d520, 0x000001d21970ef60, 0x000001d21970e240,
0x000001d21970f5f0, 0x000001d21970fc80, 0x000001d219708cf0, 0x000001d219710310,
0x000001d21b66f780, 0x000001d21b669510, 0x000001d21b66a8c0, 0x000001d21b66d6b0,
0x000001d21b66c300, 0x000001d21b66ea60, 0x000001d21b66e3d0, 0x000001d21b668e80,
0x000001d21b669ba0, 0x000001d21b66b5e0, 0x000001d21b66a230, 0x000001d21a035200,
0x000001d21a037ff0, 0x000001d21a033e50, 0x000001d21ad35e60, 0x000001d21ad364f0,
0x000001d21ad31cc0, 0x000001d21ad34ab0, 0x000001d21ad329e0, 0x000001d21ad2fbf0,
0x000001d21ad37210, 0x000001d21ad30910, 0x000001d21ad33d90, 0x000001d21ad32350,
0x000001d21ad33070, 0x000001d21ad33700, 0x000001d21ad357d0, 0x000001d21ad31630,
0x000001d21ad34420, 0x000001d21ad30fa0, 0x000001d21a031060, 0x000001d21a0337c0,
0x000001d21a038680, 0x000001d21a034b70, 0x000001d21a031d80, 0x000001d21a032410,
0x000001d21a035f20, 0x000001d21b4b1580, 0x000001d21b4aa5f0, 0x000001d21b4ae790,
0x000001d21b4aee20, 0x000001d21b4aac80, 0x000001d21b4ae100, 0x000001d21b987d20,
0x000001d21b4b0ef0, 0x000001d21b4ab310, 0x000001d21b4ab9a0, 0x000001d21b4ac030,
0x000001d21b4acd50, 0x000001d21b4ad3e0, 0x000001d21b4af4b0, 0x000001d21b9883b0,
0x000001d21b98c550, 0x000001d21b98cbe0, 0x000001d21b9890d0
}

Java Threads: ( => current thread )
  0x000001d1b0334740 JavaThread "main"                              [_thread_blocked, id=10640, stack(0x00000055b1300000,0x00000055b1400000) (1024K)]
  0x000001d1d0d53090 JavaThread "Reference Handler"          daemon [_thread_blocked, id=7440, stack(0x00000055b1b00000,0x00000055b1c00000) (1024K)]
  0x000001d1d0d53fa0 JavaThread "Finalizer"                  daemon [_thread_blocked, id=3020, stack(0x00000055b1c00000,0x00000055b1d00000) (1024K)]
  0x000001d1d0d56dc0 JavaThread "Signal Dispatcher"          daemon [_thread_blocked, id=13516, stack(0x00000055b1d00000,0x00000055b1e00000) (1024K)]
  0x000001d1d0d58aa0 JavaThread "Attach Listener"            daemon [_thread_blocked, id=15764, stack(0x00000055b1e00000,0x00000055b1f00000) (1024K)]
  0x000001d1d0d61500 JavaThread "Service Thread"             daemon [_thread_in_vm, id=15356, stack(0x00000055b1f00000,0x00000055b2000000) (1024K)] _threads_hazard_ptr=0x000001d22121d550
  0x000001d1d0d62360 JavaThread "Monitor Deflation Thread"   daemon [_thread_blocked, id=16076, stack(0x00000055b2000000,0x00000055b2100000) (1024K)]
=>0x000001d1d0d630e0 JavaThread "C2 CompilerThread0"         daemon [_thread_in_native, id=13612, stack(0x00000055b2100000,0x00000055b2200000) (1024K)]
  0x000001d1d0d98850 JavaThread "C1 CompilerThread0"         daemon [_thread_blocked, id=9768, stack(0x00000055b2200000,0x00000055b2300000) (1024K)]
  0x000001d21605bfe0 JavaThread "Common-Cleaner"             daemon [_thread_blocked, id=2876, stack(0x00000055b2300000,0x00000055b2400000) (1024K)]
  0x000001d21610abd0 JavaThread "Notification Thread"        daemon [_thread_blocked, id=2032, stack(0x00000055b2400000,0x00000055b2500000) (1024K)]
  0x000001d217938850 JavaThread "Daemon health stats"               [_thread_blocked, id=15200, stack(0x00000055b2800000,0x00000055b2900000) (1024K)]
  0x000001d217626760 JavaThread "Incoming local TCP Connector on port 60880"        [_thread_in_native, id=14236, stack(0x00000055b2900000,0x00000055b2a00000) (1024K)]
  0x000001d217a8d3a0 JavaThread "Daemon periodic checks"            [_thread_blocked, id=10752, stack(0x00000055b2a00000,0x00000055b2b00000) (1024K)]
  0x000001d216012d10 JavaThread "Daemon"                            [_thread_blocked, id=12260, stack(0x00000055b2b00000,0x00000055b2c00000) (1024K)]
  0x000001d2175de7d0 JavaThread "Handler for socket connection from /127.0.0.1:60880 to /127.0.0.1:60881"        [_thread_in_native, id=12592, stack(0x00000055b2c00000,0x00000055b2d00000) (1024K)]
  0x000001d217527920 JavaThread "Cancel handler"                    [_thread_blocked, id=13768, stack(0x00000055b2d00000,0x00000055b2e00000) (1024K)]
  0x000001d2175df5d0 JavaThread "Daemon worker"                     [_thread_blocked, id=5636, stack(0x00000055b2e00000,0x00000055b2f00000) (1024K)]
  0x000001d2179a0080 JavaThread "Asynchronous log dispatcher for DefaultDaemonConnection: socket connection from /127.0.0.1:60880 to /127.0.0.1:60881"        [_thread_blocked, id=12480, stack(0x00000055b2f00000,0x00000055b3000000) (1024K)]
  0x000001d217a41000 JavaThread "Stdin handler"                     [_thread_blocked, id=15696, stack(0x00000055b3000000,0x00000055b3100000) (1024K)]
  0x000001d217a3ef30 JavaThread "Daemon client event forwarder"        [_thread_blocked, id=14172, stack(0x00000055b3100000,0x00000055b3200000) (1024K)]
  0x000001d217a41d20 JavaThread "Cache worker for journal cache (C:\Users\Mosca\.gradle\caches\journal-1)"        [_thread_blocked, id=1348, stack(0x00000055b3200000,0x00000055b3300000) (1024K)]
  0x000001d217a3e8a0 JavaThread "File lock request listener"        [_thread_in_native, id=9472, stack(0x00000055b3300000,0x00000055b3400000) (1024K)]
  0x000001d217a402e0 JavaThread "Cache worker for file hash cache (C:\Users\Mosca\.gradle\caches\8.13\fileHashes)"        [_thread_blocked, id=5320, stack(0x00000055b3400000,0x00000055b3500000) (1024K)]
  0x000001d217a40970 JavaThread "Cache worker for file hash cache (C:\Users\Mosca\Documents\androidestudio\RestauranteAPP\.gradle\8.13\fileHashes)"        [_thread_blocked, id=5496, stack(0x00000055b3500000,0x00000055b3600000) (1024K)]
  0x000001d217a41690 JavaThread "Cache worker for Build Output Cleanup Cache (C:\Users\Mosca\Documents\androidestudio\RestauranteAPP\.gradle\buildOutputCleanup)"        [_thread_blocked, id=14860, stack(0x00000055b3600000,0x00000055b3700000) (1024K)]
  0x000001d217a3fc50 JavaThread "File watcher server"        daemon [_thread_in_native, id=15828, stack(0x00000055b3700000,0x00000055b3800000) (1024K)]
  0x000001d21970a0a0 JavaThread "File watcher consumer"      daemon [_thread_blocked, id=3388, stack(0x00000055b3800000,0x00000055b3900000) (1024K)]
  0x000001d21970bae0 JavaThread "Cache worker for checksums cache (C:\Users\Mosca\Documents\androidestudio\RestauranteAPP\.gradle\8.13\checksums)"        [_thread_blocked, id=8352, stack(0x00000055b3900000,0x00000055b3a00000) (1024K)]
  0x000001d21970e8d0 JavaThread "Cache worker for file content cache (C:\Users\Mosca\.gradle\caches\8.13\fileContent)"        [_thread_blocked, id=13500, stack(0x00000055b3a00000,0x00000055b3b00000) (1024K)]
  0x000001d219709380 JavaThread "Cache worker for cache directory md-supplier (C:\Users\Mosca\.gradle\caches\8.13\md-supplier)"        [_thread_blocked, id=14852, stack(0x00000055b3b00000,0x00000055b3c00000) (1024K)]
  0x000001d21970b450 JavaThread "Cache worker for cache directory md-rule (C:\Users\Mosca\.gradle\caches\8.13\md-rule)"        [_thread_blocked, id=12536, stack(0x00000055b3c00000,0x00000055b3d00000) (1024K)]
  0x000001d21970c170 JavaThread "jar transforms"                    [_thread_blocked, id=16336, stack(0x00000055b1000000,0x00000055b1100000) (1024K)]
  0x000001d21970adc0 JavaThread "Unconstrained build operations"        [_thread_blocked, id=10404, stack(0x00000055b1100000,0x00000055b1200000) (1024K)]
  0x000001d21970dbb0 JavaThread "Unconstrained build operations Thread 2"        [_thread_blocked, id=16128, stack(0x00000055b1200000,0x00000055b1300000) (1024K)]
  0x000001d21970c800 JavaThread "Unconstrained build operations Thread 3"        [_thread_blocked, id=15148, stack(0x00000055b3d00000,0x00000055b3e00000) (1024K)]
  0x000001d21970ce90 JavaThread "Unconstrained build operations Thread 4"        [_thread_blocked, id=11084, stack(0x00000055b3e00000,0x00000055b3f00000) (1024K)]
  0x000001d21970d520 JavaThread "Unconstrained build operations Thread 5"        [_thread_blocked, id=236, stack(0x00000055b3f00000,0x00000055b4000000) (1024K)]
  0x000001d21970ef60 JavaThread "Unconstrained build operations Thread 6"        [_thread_blocked, id=13776, stack(0x00000055b4000000,0x00000055b4100000) (1024K)]
  0x000001d21970e240 JavaThread "Unconstrained build operations Thread 7"        [_thread_blocked, id=16064, stack(0x00000055b4100000,0x00000055b4200000) (1024K)]
  0x000001d21970f5f0 JavaThread "Unconstrained build operations Thread 8"        [_thread_blocked, id=2288, stack(0x00000055b4200000,0x00000055b4300000) (1024K)]
  0x000001d21970fc80 JavaThread "Unconstrained build operations Thread 9"        [_thread_blocked, id=2840, stack(0x00000055b4300000,0x00000055b4400000) (1024K)]
  0x000001d219708cf0 JavaThread "jar transforms Thread 2"           [_thread_blocked, id=3060, stack(0x00000055b4400000,0x00000055b4500000) (1024K)]
  0x000001d219710310 JavaThread "jar transforms Thread 3"           [_thread_blocked, id=12844, stack(0x00000055b4500000,0x00000055b4600000) (1024K)]
  0x000001d21b66f780 JavaThread "Memory manager"                    [_thread_blocked, id=7456, stack(0x00000055b4600000,0x00000055b4700000) (1024K)]
  0x000001d21b669510 JavaThread "build event listener"              [_thread_blocked, id=4256, stack(0x00000055b4700000,0x00000055b4800000) (1024K)]
  0x000001d21b66a8c0 JavaThread "jar transforms Thread 4"           [_thread_blocked, id=1136, stack(0x00000055b4800000,0x00000055b4900000) (1024K)]
  0x000001d21b66d6b0 JavaThread "Problems report writer"            [_thread_blocked, id=11192, stack(0x00000055b4900000,0x00000055b4a00000) (1024K)]
  0x000001d21b66c300 JavaThread "pool-3-thread-1"                   [_thread_blocked, id=3620, stack(0x00000055b4b00000,0x00000055b4c00000) (1024K)]
  0x000001d21b66ea60 JavaThread "build event listener"              [_thread_blocked, id=14384, stack(0x00000055b4c00000,0x00000055b4d00000) (1024K)]
  0x000001d21b66e3d0 JavaThread "included builds"                   [_thread_blocked, id=9264, stack(0x00000055b4d00000,0x00000055b4e00000) (1024K)]
  0x000001d21b668e80 JavaThread "Execution worker"                  [_thread_blocked, id=16044, stack(0x00000055b4e00000,0x00000055b4f00000) (1024K)]
  0x000001d21b669ba0 JavaThread "Execution worker Thread 2"         [_thread_blocked, id=1056, stack(0x00000055b4f00000,0x00000055b5000000) (1024K)]
  0x000001d21b66b5e0 JavaThread "Execution worker Thread 3"         [_thread_blocked, id=14644, stack(0x00000055b5000000,0x00000055b5100000) (1024K)]
  0x000001d21b66a230 JavaThread "Cache worker for execution history cache (C:\Users\Mosca\Documents\androidestudio\RestauranteAPP\.gradle\8.13\executionHistory)"        [_thread_blocked, id=14900, stack(0x00000055b5100000,0x00000055b5200000) (1024K)]
  0x000001d21a035200 JavaThread "Unconstrained build operations Thread 10"        [_thread_blocked, id=2528, stack(0x00000055b5200000,0x00000055b5300000) (1024K)]
  0x000001d21a037ff0 JavaThread "Unconstrained build operations Thread 11"        [_thread_blocked, id=9684, stack(0x00000055b5300000,0x00000055b5400000) (1024K)]
  0x000001d21a033e50 JavaThread "Unconstrained build operations Thread 12"        [_thread_blocked, id=12856, stack(0x00000055b5400000,0x00000055b5500000) (1024K)]
  0x000001d21ad35e60 JavaThread "Unconstrained build operations Thread 13"        [_thread_blocked, id=12072, stack(0x00000055b5700000,0x00000055b5800000) (1024K)]
  0x000001d21ad364f0 JavaThread "Unconstrained build operations Thread 14"        [_thread_blocked, id=10924, stack(0x00000055b5800000,0x00000055b5900000) (1024K)]
  0x000001d21ad31cc0 JavaThread "Unconstrained build operations Thread 15"        [_thread_blocked, id=14840, stack(0x00000055b5900000,0x00000055b5a00000) (1024K)]
  0x000001d21ad34ab0 JavaThread "Unconstrained build operations Thread 16"        [_thread_blocked, id=12948, stack(0x00000055b5a00000,0x00000055b5b00000) (1024K)]
  0x000001d21ad329e0 JavaThread "Unconstrained build operations Thread 17"        [_thread_blocked, id=8692, stack(0x00000055b5b00000,0x00000055b5c00000) (1024K)]
  0x000001d21ad2fbf0 JavaThread "Unconstrained build operations Thread 18"        [_thread_blocked, id=380, stack(0x00000055b5c00000,0x00000055b5d00000) (1024K)]
  0x000001d21ad37210 JavaThread "Unconstrained build operations Thread 19"        [_thread_blocked, id=12648, stack(0x00000055b5d00000,0x00000055b5e00000) (1024K)]
  0x000001d21ad30910 JavaThread "Unconstrained build operations Thread 20"        [_thread_blocked, id=9992, stack(0x00000055b5e00000,0x00000055b5f00000) (1024K)]
  0x000001d21ad33d90 JavaThread "Unconstrained build operations Thread 21"        [_thread_blocked, id=8956, stack(0x00000055b5f00000,0x00000055b6000000) (1024K)]
  0x000001d21ad32350 JavaThread "Unconstrained build operations Thread 22"        [_thread_blocked, id=1064, stack(0x00000055b6000000,0x00000055b6100000) (1024K)]
  0x000001d21ad33070 JavaThread "Unconstrained build operations Thread 23"        [_thread_blocked, id=12692, stack(0x00000055b6100000,0x00000055b6200000) (1024K)]
  0x000001d21ad33700 JavaThread "Unconstrained build operations Thread 24"        [_thread_blocked, id=16152, stack(0x00000055b6200000,0x00000055b6300000) (1024K)]
  0x000001d21ad357d0 JavaThread "Unconstrained build operations Thread 25"        [_thread_blocked, id=8740, stack(0x00000055b6300000,0x00000055b6400000) (1024K)]
  0x000001d21ad31630 JavaThread "Unconstrained build operations Thread 26"        [_thread_blocked, id=15172, stack(0x00000055b6400000,0x00000055b6500000) (1024K)]
  0x000001d21ad34420 JavaThread "Unconstrained build operations Thread 27"        [_thread_blocked, id=7228, stack(0x00000055b6500000,0x00000055b6600000) (1024K)]
  0x000001d21ad30fa0 JavaThread "Unconstrained build operations Thread 28"        [_thread_blocked, id=1124, stack(0x00000055b6600000,0x00000055b6700000) (1024K)]
  0x000001d21a031060 JavaThread "Unconstrained build operations Thread 29"        [_thread_blocked, id=7164, stack(0x00000055b6700000,0x00000055b6800000) (1024K)]
  0x000001d21a0337c0 JavaThread "Unconstrained build operations Thread 30"        [_thread_blocked, id=10460, stack(0x00000055b6800000,0x00000055b6900000) (1024K)]
  0x000001d21a038680 JavaThread "Unconstrained build operations Thread 31"        [_thread_blocked, id=14020, stack(0x00000055b6900000,0x00000055b6a00000) (1024K)]
  0x000001d21a034b70 JavaThread "Unconstrained build operations Thread 32"        [_thread_blocked, id=8972, stack(0x00000055b6a00000,0x00000055b6b00000) (1024K)]
  0x000001d21a031d80 JavaThread "Unconstrained build operations Thread 33"        [_thread_blocked, id=13496, stack(0x00000055b6b00000,0x00000055b6c00000) (1024K)]
  0x000001d21a032410 JavaThread "Unconstrained build operations Thread 34"        [_thread_blocked, id=2216, stack(0x00000055b6c00000,0x00000055b6d00000) (1024K)]
  0x000001d21a035f20 JavaThread "Unconstrained build operations Thread 35"        [_thread_blocked, id=14548, stack(0x00000055b6d00000,0x00000055b6e00000) (1024K)]
  0x000001d21b4b1580 JavaThread "Unconstrained build operations Thread 36"        [_thread_blocked, id=4640, stack(0x00000055b6e00000,0x00000055b6f00000) (1024K)]
  0x000001d21b4aa5f0 JavaThread "WorkerExecutor Queue"              [_thread_blocked, id=7032, stack(0x00000055b4a00000,0x00000055b4b00000) (1024K)]
  0x000001d21b4ae790 JavaThread "Unconstrained build operations Thread 37"        [_thread_blocked, id=3828, stack(0x00000055b6f00000,0x00000055b7000000) (1024K)]
  0x000001d21b4aee20 JavaThread "Unconstrained build operations Thread 38"        [_thread_blocked, id=13928, stack(0x00000055b7000000,0x00000055b7100000) (1024K)]
  0x000001d21b4aac80 JavaThread "Unconstrained build operations Thread 39"        [_thread_blocked, id=12312, stack(0x00000055b7100000,0x00000055b7200000) (1024K)]
  0x000001d21b4ae100 JavaThread "Unconstrained build operations Thread 40"        [_thread_blocked, id=10672, stack(0x00000055b7200000,0x00000055b7300000) (1024K)]
  0x000001d21b987d20 JavaThread "WorkerExecutor Queue Thread 2"        [_thread_in_vm, id=14604, stack(0x00000055b7300000,0x00000055b7400000) (1024K)] _threads_hazard_ptr=0x000001d22121d550
  0x000001d21b4b0ef0 JavaThread "WorkerExecutor Queue Thread 3"        [_thread_in_Java, id=15024, stack(0x00000055b5500000,0x00000055b5600000) (1024K)]
  0x000001d21b4ab310 JavaThread "RMI Scheduler(0)"           daemon [_thread_blocked, id=7636, stack(0x00000055b5600000,0x00000055b5700000) (1024K)]
  0x000001d21b4ac030 JavaThread "RMI GC Daemon"              daemon [_thread_blocked, id=3852, stack(0x00000055b7800000,0x00000055b7900000) (1024K)]
  0x000001d21b4acd50 JavaThread "RMI TCP Accept-0"           daemon [_thread_in_native, id=15420, stack(0x00000055b7900000,0x00000055b7a00000) (1024K)]
  0x000001d21b4ad3e0 JavaThread "RMI Reaper"                        [_thread_blocked, id=11116, stack(0x00000055b7a00000,0x00000055b7b00000) (1024K)]
  0x000001d21b4af4b0 JavaThread "Cache worker for Java compile cache (C:\Users\Mosca\.gradle\caches\8.13\javaCompile)"        [_thread_blocked, id=2728, stack(0x00000055b7d00000,0x00000055b7e00000) (1024K)]
  0x000001d21b9883b0 JavaThread "Build operations"                  [_thread_blocked, id=8464, stack(0x00000055b7e00000,0x00000055b7f00000) (1024K)]
  0x000001d21b98c550 JavaThread "Build operations Thread 2"         [_thread_blocked, id=13408, stack(0x00000055b7f00000,0x00000055b8000000) (1024K)]
  0x000001d21b98cbe0 JavaThread "Build operations Thread 3"         [_thread_blocked, id=14504, stack(0x00000055b8000000,0x00000055b8100000) (1024K)]
  0x000001d21b9890d0 JavaThread "WorkerExecutor Queue Thread 4"        [_thread_in_Java, id=5724, stack(0x00000055b7400000,0x00000055b7500000) (1024K)]
Total: 98

Other Threads:
  0x000001d1d0d3b550 VMThread "VM Thread"                           [id=15104, stack(0x00000055b1a00000,0x00000055b1b00000) (1024K)] _threads_hazard_ptr=0x000001d22121d550
  0x000001d1b250e970 WatcherThread "VM Periodic Task Thread"        [id=9640, stack(0x00000055b1900000,0x00000055b1a00000) (1024K)]
  0x000001d1b24a4f60 WorkerThread "GC Thread#0"                     [id=6604, stack(0x00000055b1400000,0x00000055b1500000) (1024K)]
  0x000001d216283f00 WorkerThread "GC Thread#1"                     [id=4664, stack(0x00000055b2500000,0x00000055b2600000) (1024K)]
  0x000001d216291550 WorkerThread "GC Thread#2"                     [id=13560, stack(0x00000055b2600000,0x00000055b2700000) (1024K)]
  0x000001d1d0e01110 WorkerThread "GC Thread#3"                     [id=15788, stack(0x00000055b2700000,0x00000055b2800000) (1024K)]
  0x000001d1b24b6e60 ConcurrentGCThread "G1 Main Marker"            [id=11528, stack(0x00000055b1500000,0x00000055b1600000) (1024K)]
  0x000001d1b24b7870 WorkerThread "G1 Conc#0"                       [id=13292, stack(0x00000055b1600000,0x00000055b1700000) (1024K)]
  0x000001d1b24f9990 ConcurrentGCThread "G1 Refine#0"               [id=220, stack(0x00000055b1700000,0x00000055b1800000) (1024K)]
  0x000001d1b24fb420 ConcurrentGCThread "G1 Service"                [id=12816, stack(0x00000055b1800000,0x00000055b1900000) (1024K)]
Total: 10

Threads with active compile tasks:
C2 CompilerThread0   653300 21032 %     4       com.android.tools.r8.internal.nB::a @ 101 (3928 bytes)
Total: 1

VM state: not at safepoint (normal execution)

VM Mutex/Monitor currently owned by a thread: None

Heap address: 0x0000000700000000, size: 4096 MB, Compressed Oops mode: Zero based, Oop shift amount: 3

CDS archive(s) mapped at: [0x000001d1d1000000-0x000001d1d1c90000-0x000001d1d1c90000), size 13172736, SharedBaseAddress: 0x000001d1d1000000, ArchiveRelocationMode: 1.
Compressed class space mapped at: 0x000001d1d2000000-0x000001d212000000, reserved size: 1073741824
Narrow klass base: 0x000001d1d1000000, Narrow klass shift: 0, Narrow klass range: 0x100000000

GC Precious Log:
 CardTable entry size: 512
 Card Set container configuration: InlinePtr #cards 4 size 8 Array Of Cards #cards 16 size 48 Howl #buckets 8 coarsen threshold 3686 Howl Bitmap #cards 512 size 80 coarsen threshold 460 Card regions per heap region 1 cards per card region 4096
 CPUs: 4 total, 4 available
 Memory: 3970M
 Large Page Support: Disabled
 NUMA Support: Disabled
 Compressed Oops: Enabled (Zero based)
 Heap Region Size: 2M
 Heap Min Capacity: 8M
 Heap Initial Capacity: 64M
 Heap Max Capacity: 4G
 Pre-touch: Disabled
 Parallel Workers: 4
 Concurrent Workers: 1
 Concurrent Refinement Workers: 4
 Periodic GC: Disabled

Heap:
 garbage-first heap   total 315392K, used 177344K [0x0000000700000000, 0x0000000800000000)
  region size 2048K, 9 young (18432K), 2 survivors (4096K)
 Metaspace       used 132903K, committed 135424K, reserved 1179648K
  class space    used 17884K, committed 19136K, reserved 1048576K

Heap Regions: E=young(eden), S=young(survivor), O=old, HS=humongous(starts), HC=humongous(continues), CS=collection set, F=free, TAMS=top-at-mark-start, PB=parsable bottom
|   0|0x0000000700000000, 0x0000000700200000, 0x0000000700200000|100%|HS|  |TAMS 0x0000000700000000| PB 0x0000000700000000| Complete 
|   1|0x0000000700200000, 0x0000000700400000, 0x0000000700400000|100%|HC|  |TAMS 0x0000000700200000| PB 0x0000000700200000| Complete 
|   2|0x0000000700400000, 0x0000000700600000, 0x0000000700600000|100%| O|  |TAMS 0x0000000700400000| PB 0x0000000700400000| Untracked 
|   3|0x0000000700600000, 0x0000000700800000, 0x0000000700800000|100%| O|  |TAMS 0x0000000700600000| PB 0x0000000700600000| Untracked 
|   4|0x0000000700800000, 0x0000000700a00000, 0x0000000700a00000|100%| O|  |TAMS 0x0000000700800000| PB 0x0000000700800000| Untracked 
|   5|0x0000000700a00000, 0x0000000700c00000, 0x0000000700c00000|100%| O|  |TAMS 0x0000000700a00000| PB 0x0000000700a00000| Untracked 
|   6|0x0000000700c00000, 0x0000000700e00000, 0x0000000700e00000|100%| O|  |TAMS 0x0000000700c00000| PB 0x0000000700c00000| Untracked 
|   7|0x0000000700e00000, 0x0000000701000000, 0x0000000701000000|100%| O|  |TAMS 0x0000000700e00000| PB 0x0000000700e00000| Untracked 
|   8|0x0000000701000000, 0x0000000701200000, 0x0000000701200000|100%| O|  |TAMS 0x0000000701000000| PB 0x0000000701000000| Untracked 
|   9|0x0000000701200000, 0x0000000701400000, 0x0000000701400000|100%| O|  |TAMS 0x0000000701200000| PB 0x0000000701200000| Untracked 
|  10|0x0000000701400000, 0x0000000701600000, 0x0000000701600000|100%| O|  |TAMS 0x0000000701400000| PB 0x0000000701400000| Untracked 
|  11|0x0000000701600000, 0x0000000701800000, 0x0000000701800000|100%| O|  |TAMS 0x0000000701600000| PB 0x0000000701600000| Untracked 
|  12|0x0000000701800000, 0x0000000701a00000, 0x0000000701a00000|100%| O|  |TAMS 0x0000000701800000| PB 0x0000000701800000| Untracked 
|  13|0x0000000701a00000, 0x0000000701c00000, 0x0000000701c00000|100%| O|  |TAMS 0x0000000701a00000| PB 0x0000000701a00000| Untracked 
|  14|0x0000000701c00000, 0x0000000701e00000, 0x0000000701e00000|100%| O|  |TAMS 0x0000000701c00000| PB 0x0000000701c00000| Untracked 
|  15|0x0000000701e00000, 0x0000000702000000, 0x0000000702000000|100%| O|  |TAMS 0x0000000701e00000| PB 0x0000000701e00000| Untracked 
|  16|0x0000000702000000, 0x0000000702200000, 0x0000000702200000|100%| O|  |TAMS 0x0000000702000000| PB 0x0000000702000000| Untracked 
|  17|0x0000000702200000, 0x0000000702400000, 0x0000000702400000|100%| O|  |TAMS 0x0000000702200000| PB 0x0000000702200000| Untracked 
|  18|0x0000000702400000, 0x0000000702600000, 0x0000000702600000|100%| O|  |TAMS 0x0000000702400000| PB 0x0000000702400000| Untracked 
|  19|0x0000000702600000, 0x0000000702800000, 0x0000000702800000|100%| O|  |TAMS 0x0000000702600000| PB 0x0000000702600000| Untracked 
|  20|0x0000000702800000, 0x0000000702a00000, 0x0000000702a00000|100%| O|  |TAMS 0x0000000702800000| PB 0x0000000702800000| Untracked 
|  21|0x0000000702a00000, 0x0000000702c00000, 0x0000000702c00000|100%| O|  |TAMS 0x0000000702a00000| PB 0x0000000702a00000| Untracked 
|  22|0x0000000702c00000, 0x0000000702e00000, 0x0000000702e00000|100%|HS|  |TAMS 0x0000000702c00000| PB 0x0000000702c00000| Complete 
|  23|0x0000000702e00000, 0x0000000703000000, 0x0000000703000000|100%| O|  |TAMS 0x0000000702e00000| PB 0x0000000702e00000| Untracked 
|  24|0x0000000703000000, 0x0000000703200000, 0x0000000703200000|100%| O|  |TAMS 0x0000000703000000| PB 0x0000000703000000| Untracked 
|  25|0x0000000703200000, 0x0000000703400000, 0x0000000703400000|100%|HS|  |TAMS 0x0000000703200000| PB 0x0000000703200000| Complete 
|  26|0x0000000703400000, 0x0000000703600000, 0x0000000703600000|100%|HS|  |TAMS 0x0000000703400000| PB 0x0000000703400000| Complete 
|  27|0x0000000703600000, 0x0000000703800000, 0x0000000703800000|100%|HC|  |TAMS 0x0000000703600000| PB 0x0000000703600000| Complete 
|  28|0x0000000703800000, 0x0000000703a00000, 0x0000000703a00000|100%| O|  |TAMS 0x0000000703800000| PB 0x0000000703800000| Untracked 
|  29|0x0000000703a00000, 0x0000000703c00000, 0x0000000703c00000|100%| O|  |TAMS 0x0000000703a00000| PB 0x0000000703a00000| Untracked 
|  30|0x0000000703c00000, 0x0000000703e00000, 0x0000000703e00000|100%| O|  |TAMS 0x0000000703c00000| PB 0x0000000703c00000| Untracked 
|  31|0x0000000703e00000, 0x0000000704000000, 0x0000000704000000|100%| O|  |TAMS 0x0000000703e00000| PB 0x0000000703e00000| Untracked 
|  32|0x0000000704000000, 0x0000000704200000, 0x0000000704200000|100%| O|  |TAMS 0x0000000704000000| PB 0x0000000704000000| Untracked 
|  33|0x0000000704200000, 0x0000000704400000, 0x0000000704400000|100%| O|  |TAMS 0x0000000704200000| PB 0x0000000704200000| Untracked 
|  34|0x0000000704400000, 0x0000000704600000, 0x0000000704600000|100%| O|  |TAMS 0x0000000704400000| PB 0x0000000704400000| Untracked 
|  35|0x0000000704600000, 0x0000000704800000, 0x0000000704800000|100%| O|  |TAMS 0x0000000704600000| PB 0x0000000704600000| Untracked 
|  36|0x0000000704800000, 0x0000000704a00000, 0x0000000704a00000|100%|HS|  |TAMS 0x0000000704800000| PB 0x0000000704800000| Complete 
|  37|0x0000000704a00000, 0x0000000704c00000, 0x0000000704c00000|100%|HC|  |TAMS 0x0000000704a00000| PB 0x0000000704a00000| Complete 
|  38|0x0000000704c00000, 0x0000000704e00000, 0x0000000704e00000|100%| O|  |TAMS 0x0000000704c00000| PB 0x0000000704c00000| Untracked 
|  39|0x0000000704e00000, 0x0000000705000000, 0x0000000705000000|100%| O|  |TAMS 0x0000000704e00000| PB 0x0000000704e00000| Untracked 
|  40|0x0000000705000000, 0x0000000705200000, 0x0000000705200000|100%| O|  |TAMS 0x0000000705000000| PB 0x0000000705000000| Untracked 
|  41|0x0000000705200000, 0x0000000705400000, 0x0000000705400000|100%| O|  |TAMS 0x0000000705200000| PB 0x0000000705200000| Untracked 
|  42|0x0000000705400000, 0x0000000705600000, 0x0000000705600000|100%| O|  |TAMS 0x0000000705400000| PB 0x0000000705400000| Untracked 
|  43|0x0000000705600000, 0x0000000705800000, 0x0000000705800000|100%| O|  |TAMS 0x0000000705600000| PB 0x0000000705600000| Untracked 
|  44|0x0000000705800000, 0x0000000705a00000, 0x0000000705a00000|100%| O|  |TAMS 0x0000000705800000| PB 0x0000000705800000| Untracked 
|  45|0x0000000705a00000, 0x0000000705c00000, 0x0000000705c00000|100%| O|  |TAMS 0x0000000705a00000| PB 0x0000000705a00000| Untracked 
|  46|0x0000000705c00000, 0x0000000705e00000, 0x0000000705e00000|100%| O|  |TAMS 0x0000000705c00000| PB 0x0000000705c00000| Untracked 
|  47|0x0000000705e00000, 0x0000000706000000, 0x0000000706000000|100%| O|  |TAMS 0x0000000705e00000| PB 0x0000000705e00000| Untracked 
|  48|0x0000000706000000, 0x0000000706200000, 0x0000000706200000|100%| O|  |TAMS 0x0000000706000000| PB 0x0000000706000000| Untracked 
|  49|0x0000000706200000, 0x0000000706400000, 0x0000000706400000|100%| O|  |TAMS 0x0000000706200000| PB 0x0000000706200000| Untracked 
|  50|0x0000000706400000, 0x0000000706600000, 0x0000000706600000|100%| O|  |TAMS 0x0000000706400000| PB 0x0000000706400000| Untracked 
|  51|0x0000000706600000, 0x0000000706800000, 0x0000000706800000|100%| O|  |TAMS 0x0000000706600000| PB 0x0000000706600000| Untracked 
|  52|0x0000000706800000, 0x0000000706a00000, 0x0000000706a00000|100%| O|  |TAMS 0x0000000706800000| PB 0x0000000706800000| Untracked 
|  53|0x0000000706a00000, 0x0000000706c00000, 0x0000000706c00000|100%| O|  |TAMS 0x0000000706a00000| PB 0x0000000706a00000| Untracked 
|  54|0x0000000706c00000, 0x0000000706e00000, 0x0000000706e00000|100%| O|  |TAMS 0x0000000706c00000| PB 0x0000000706c00000| Untracked 
|  55|0x0000000706e00000, 0x0000000707000000, 0x0000000707000000|100%| O|  |TAMS 0x0000000706e00000| PB 0x0000000706e00000| Untracked 
|  56|0x0000000707000000, 0x0000000707200000, 0x0000000707200000|100%| O|  |TAMS 0x0000000707000000| PB 0x0000000707000000| Untracked 
|  57|0x0000000707200000, 0x0000000707400000, 0x0000000707400000|100%| O|  |TAMS 0x0000000707200000| PB 0x0000000707200000| Untracked 
|  58|0x0000000707400000, 0x0000000707600000, 0x0000000707600000|100%| O|  |TAMS 0x0000000707400000| PB 0x0000000707400000| Untracked 
|  59|0x0000000707600000, 0x0000000707800000, 0x0000000707800000|100%| O|  |TAMS 0x0000000707600000| PB 0x0000000707600000| Untracked 
|  60|0x0000000707800000, 0x0000000707a00000, 0x0000000707a00000|100%| O|  |TAMS 0x0000000707800000| PB 0x0000000707800000| Untracked 
|  61|0x0000000707a00000, 0x0000000707c00000, 0x0000000707c00000|100%| O|  |TAMS 0x0000000707a00000| PB 0x0000000707a00000| Untracked 
|  62|0x0000000707c00000, 0x0000000707e00000, 0x0000000707e00000|100%| O|  |TAMS 0x0000000707c00000| PB 0x0000000707c00000| Untracked 
|  63|0x0000000707e00000, 0x0000000708000000, 0x0000000708000000|100%| O|  |TAMS 0x0000000707e00000| PB 0x0000000707e00000| Untracked 
|  64|0x0000000708000000, 0x0000000708200000, 0x0000000708200000|100%| O|  |TAMS 0x0000000708000000| PB 0x0000000708000000| Untracked 
|  65|0x0000000708200000, 0x0000000708400000, 0x0000000708400000|100%| O|Cm|TAMS 0x0000000708200000| PB 0x0000000708200000| Complete 
|  66|0x0000000708400000, 0x0000000708600000, 0x0000000708600000|100%| O|  |TAMS 0x0000000708400000| PB 0x0000000708400000| Untracked 
|  67|0x0000000708600000, 0x0000000708800000, 0x0000000708800000|100%| O|  |TAMS 0x0000000708600000| PB 0x0000000708600000| Untracked 
|  68|0x0000000708800000, 0x0000000708a00000, 0x0000000708a00000|100%| O|  |TAMS 0x0000000708800000| PB 0x0000000708800000| Untracked 
|  69|0x0000000708a00000, 0x0000000708c00000, 0x0000000708c00000|100%| O|  |TAMS 0x0000000708a00000| PB 0x0000000708a00000| Untracked 
|  70|0x0000000708c00000, 0x0000000708e00000, 0x0000000708e00000|100%| O|  |TAMS 0x0000000708c00000| PB 0x0000000708c00000| Untracked 
|  71|0x0000000708e00000, 0x0000000709000000, 0x0000000709000000|100%| O|  |TAMS 0x0000000708e00000| PB 0x0000000708e00000| Untracked 
|  72|0x0000000709000000, 0x0000000709200000, 0x0000000709200000|100%| O|  |TAMS 0x0000000709000000| PB 0x0000000709000000| Untracked 
|  73|0x0000000709200000, 0x0000000709400000, 0x0000000709400000|100%| O|Cm|TAMS 0x0000000709200000| PB 0x0000000709200000| Complete 
|  74|0x0000000709400000, 0x0000000709600000, 0x0000000709600000|100%| O|  |TAMS 0x0000000709400000| PB 0x0000000709400000| Untracked 
|  75|0x0000000709600000, 0x0000000709800000, 0x0000000709800000|100%| O|  |TAMS 0x0000000709600000| PB 0x0000000709600000| Untracked 
|  76|0x0000000709800000, 0x0000000709a00000, 0x0000000709a00000|100%| O|  |TAMS 0x0000000709800000| PB 0x0000000709800000| Untracked 
|  77|0x0000000709a00000, 0x0000000709c00000, 0x0000000709c00000|100%| O|  |TAMS 0x0000000709a00000| PB 0x0000000709a00000| Untracked 
|  78|0x0000000709c00000, 0x0000000709e00000, 0x0000000709e00000|100%| O|Cm|TAMS 0x0000000709c00000| PB 0x0000000709c00000| Complete 
|  79|0x0000000709e00000, 0x0000000709f47390, 0x000000070a000000| 63%| O|  |TAMS 0x0000000709e00000| PB 0x0000000709e00000| Untracked 
|  80|0x000000070a000000, 0x000000070a000000, 0x000000070a200000|  0%| F|  |TAMS 0x000000070a000000| PB 0x000000070a000000| Untracked 
|  81|0x000000070a200000, 0x000000070a200000, 0x000000070a400000|  0%| F|  |TAMS 0x000000070a200000| PB 0x000000070a200000| Untracked 
|  82|0x000000070a400000, 0x000000070a400000, 0x000000070a600000|  0%| F|  |TAMS 0x000000070a400000| PB 0x000000070a400000| Untracked 
|  83|0x000000070a600000, 0x000000070a600000, 0x000000070a800000|  0%| F|  |TAMS 0x000000070a600000| PB 0x000000070a600000| Untracked 
|  84|0x000000070a800000, 0x000000070a800000, 0x000000070aa00000|  0%| F|  |TAMS 0x000000070a800000| PB 0x000000070a800000| Untracked 
|  85|0x000000070aa00000, 0x000000070aa00000, 0x000000070ac00000|  0%| F|  |TAMS 0x000000070aa00000| PB 0x000000070aa00000| Untracked 
|  86|0x000000070ac00000, 0x000000070ac00000, 0x000000070ae00000|  0%| F|  |TAMS 0x000000070ac00000| PB 0x000000070ac00000| Untracked 
|  87|0x000000070ae00000, 0x000000070ae00000, 0x000000070b000000|  0%| F|  |TAMS 0x000000070ae00000| PB 0x000000070ae00000| Untracked 
|  88|0x000000070b000000, 0x000000070b000000, 0x000000070b200000|  0%| F|  |TAMS 0x000000070b000000| PB 0x000000070b000000| Untracked 
|  89|0x000000070b200000, 0x000000070b200000, 0x000000070b400000|  0%| F|  |TAMS 0x000000070b200000| PB 0x000000070b200000| Untracked 
|  90|0x000000070b400000, 0x000000070b400000, 0x000000070b600000|  0%| F|  |TAMS 0x000000070b400000| PB 0x000000070b400000| Untracked 
|  91|0x000000070b600000, 0x000000070b600000, 0x000000070b800000|  0%| F|  |TAMS 0x000000070b600000| PB 0x000000070b600000| Untracked 
|  92|0x000000070b800000, 0x000000070b800000, 0x000000070ba00000|  0%| F|  |TAMS 0x000000070b800000| PB 0x000000070b800000| Untracked 
|  93|0x000000070ba00000, 0x000000070ba00000, 0x000000070bc00000|  0%| F|  |TAMS 0x000000070ba00000| PB 0x000000070ba00000| Untracked 
|  94|0x000000070bc00000, 0x000000070bc00000, 0x000000070be00000|  0%| F|  |TAMS 0x000000070bc00000| PB 0x000000070bc00000| Untracked 
|  95|0x000000070be00000, 0x000000070be00000, 0x000000070c000000|  0%| F|  |TAMS 0x000000070be00000| PB 0x000000070be00000| Untracked 
|  96|0x000000070c000000, 0x000000070c000000, 0x000000070c200000|  0%| F|  |TAMS 0x000000070c000000| PB 0x000000070c000000| Untracked 
|  97|0x000000070c200000, 0x000000070c200000, 0x000000070c400000|  0%| F|  |TAMS 0x000000070c200000| PB 0x000000070c200000| Untracked 
|  98|0x000000070c400000, 0x000000070c400000, 0x000000070c600000|  0%| F|  |TAMS 0x000000070c400000| PB 0x000000070c400000| Untracked 
|  99|0x000000070c600000, 0x000000070c600000, 0x000000070c800000|  0%| F|  |TAMS 0x000000070c600000| PB 0x000000070c600000| Untracked 
| 100|0x000000070c800000, 0x000000070c800000, 0x000000070ca00000|  0%| F|  |TAMS 0x000000070c800000| PB 0x000000070c800000| Untracked 
| 101|0x000000070ca00000, 0x000000070ca00000, 0x000000070cc00000|  0%| F|  |TAMS 0x000000070ca00000| PB 0x000000070ca00000| Untracked 
| 102|0x000000070cc00000, 0x000000070cc00000, 0x000000070ce00000|  0%| F|  |TAMS 0x000000070cc00000| PB 0x000000070cc00000| Untracked 
| 103|0x000000070ce00000, 0x000000070ce00000, 0x000000070d000000|  0%| F|  |TAMS 0x000000070ce00000| PB 0x000000070ce00000| Untracked 
| 104|0x000000070d000000, 0x000000070d000000, 0x000000070d200000|  0%| F|  |TAMS 0x000000070d000000| PB 0x000000070d000000| Untracked 
| 105|0x000000070d200000, 0x000000070d200000, 0x000000070d400000|  0%| F|  |TAMS 0x000000070d200000| PB 0x000000070d200000| Untracked 
| 106|0x000000070d400000, 0x000000070d400000, 0x000000070d600000|  0%| F|  |TAMS 0x000000070d400000| PB 0x000000070d400000| Untracked 
| 107|0x000000070d600000, 0x000000070d600000, 0x000000070d800000|  0%| F|  |TAMS 0x000000070d600000| PB 0x000000070d600000| Untracked 
| 108|0x000000070d800000, 0x000000070d800000, 0x000000070da00000|  0%| F|  |TAMS 0x000000070d800000| PB 0x000000070d800000| Untracked 
| 109|0x000000070da00000, 0x000000070da00000, 0x000000070dc00000|  0%| F|  |TAMS 0x000000070da00000| PB 0x000000070da00000| Untracked 
| 110|0x000000070dc00000, 0x000000070dc00000, 0x000000070de00000|  0%| F|  |TAMS 0x000000070dc00000| PB 0x000000070dc00000| Untracked 
| 111|0x000000070de00000, 0x000000070de00000, 0x000000070e000000|  0%| F|  |TAMS 0x000000070de00000| PB 0x000000070de00000| Untracked 
| 112|0x000000070e000000, 0x000000070e000000, 0x000000070e200000|  0%| F|  |TAMS 0x000000070e000000| PB 0x000000070e000000| Untracked 
| 113|0x000000070e200000, 0x000000070e200000, 0x000000070e400000|  0%| F|  |TAMS 0x000000070e200000| PB 0x000000070e200000| Untracked 
| 114|0x000000070e400000, 0x000000070e400000, 0x000000070e600000|  0%| F|  |TAMS 0x000000070e400000| PB 0x000000070e400000| Untracked 
| 115|0x000000070e600000, 0x000000070e600000, 0x000000070e800000|  0%| F|  |TAMS 0x000000070e600000| PB 0x000000070e600000| Untracked 
| 116|0x000000070e800000, 0x000000070e800000, 0x000000070ea00000|  0%| F|  |TAMS 0x000000070e800000| PB 0x000000070e800000| Untracked 
| 117|0x000000070ea00000, 0x000000070ea00000, 0x000000070ec00000|  0%| F|  |TAMS 0x000000070ea00000| PB 0x000000070ea00000| Untracked 
| 118|0x000000070ec00000, 0x000000070ec00000, 0x000000070ee00000|  0%| F|  |TAMS 0x000000070ec00000| PB 0x000000070ec00000| Untracked 
| 119|0x000000070ee00000, 0x000000070ee00000, 0x000000070f000000|  0%| F|  |TAMS 0x000000070ee00000| PB 0x000000070ee00000| Untracked 
| 120|0x000000070f000000, 0x000000070f000000, 0x000000070f200000|  0%| F|  |TAMS 0x000000070f000000| PB 0x000000070f000000| Untracked 
| 121|0x000000070f200000, 0x000000070f200000, 0x000000070f400000|  0%| F|  |TAMS 0x000000070f200000| PB 0x000000070f200000| Untracked 
| 122|0x000000070f400000, 0x000000070f400000, 0x000000070f600000|  0%| F|  |TAMS 0x000000070f400000| PB 0x000000070f400000| Untracked 
| 123|0x000000070f600000, 0x000000070f600000, 0x000000070f800000|  0%| F|  |TAMS 0x000000070f600000| PB 0x000000070f600000| Untracked 
| 124|0x000000070f800000, 0x000000070f800000, 0x000000070fa00000|  0%| F|  |TAMS 0x000000070f800000| PB 0x000000070f800000| Untracked 
| 125|0x000000070fa00000, 0x000000070fa00000, 0x000000070fc00000|  0%| F|  |TAMS 0x000000070fa00000| PB 0x000000070fa00000| Untracked 
| 126|0x000000070fc00000, 0x000000070fc00000, 0x000000070fe00000|  0%| F|  |TAMS 0x000000070fc00000| PB 0x000000070fc00000| Untracked 
| 127|0x000000070fe00000, 0x000000070fe00000, 0x0000000710000000|  0%| F|  |TAMS 0x000000070fe00000| PB 0x000000070fe00000| Untracked 
| 128|0x0000000710000000, 0x0000000710000000, 0x0000000710200000|  0%| F|  |TAMS 0x0000000710000000| PB 0x0000000710000000| Untracked 
| 129|0x0000000710200000, 0x0000000710200000, 0x0000000710400000|  0%| F|  |TAMS 0x0000000710200000| PB 0x0000000710200000| Untracked 
| 130|0x0000000710400000, 0x0000000710400000, 0x0000000710600000|  0%| F|  |TAMS 0x0000000710400000| PB 0x0000000710400000| Untracked 
| 131|0x0000000710600000, 0x0000000710600000, 0x0000000710800000|  0%| F|  |TAMS 0x0000000710600000| PB 0x0000000710600000| Untracked 
| 132|0x0000000710800000, 0x0000000710800000, 0x0000000710a00000|  0%| F|  |TAMS 0x0000000710800000| PB 0x0000000710800000| Untracked 
| 133|0x0000000710a00000, 0x0000000710a00000, 0x0000000710c00000|  0%| F|  |TAMS 0x0000000710a00000| PB 0x0000000710a00000| Untracked 
| 134|0x0000000710c00000, 0x0000000710c00000, 0x0000000710e00000|  0%| F|  |TAMS 0x0000000710c00000| PB 0x0000000710c00000| Untracked 
| 135|0x0000000710e00000, 0x0000000710e00000, 0x0000000711000000|  0%| F|  |TAMS 0x0000000710e00000| PB 0x0000000710e00000| Untracked 
| 136|0x0000000711000000, 0x0000000711000000, 0x0000000711200000|  0%| F|  |TAMS 0x0000000711000000| PB 0x0000000711000000| Untracked 
| 137|0x0000000711200000, 0x0000000711200000, 0x0000000711400000|  0%| F|  |TAMS 0x0000000711200000| PB 0x0000000711200000| Untracked 
| 138|0x0000000711400000, 0x0000000711400000, 0x0000000711600000|  0%| F|  |TAMS 0x0000000711400000| PB 0x0000000711400000| Untracked 
| 139|0x0000000711600000, 0x0000000711600000, 0x0000000711800000|  0%| F|  |TAMS 0x0000000711600000| PB 0x0000000711600000| Untracked 
| 140|0x0000000711800000, 0x00000007119e8f10, 0x0000000711a00000| 95%| S|CS|TAMS 0x0000000711800000| PB 0x0000000711800000| Complete 
| 141|0x0000000711a00000, 0x0000000711c00000, 0x0000000711c00000|100%| S|CS|TAMS 0x0000000711a00000| PB 0x0000000711a00000| Complete 
| 142|0x0000000711c00000, 0x0000000711c00000, 0x0000000711e00000|  0%| F|  |TAMS 0x0000000711c00000| PB 0x0000000711c00000| Untracked 
| 143|0x0000000711e00000, 0x0000000711e00000, 0x0000000712000000|  0%| F|  |TAMS 0x0000000711e00000| PB 0x0000000711e00000| Untracked 
| 144|0x0000000712000000, 0x0000000712000000, 0x0000000712200000|  0%| F|  |TAMS 0x0000000712000000| PB 0x0000000712000000| Untracked 
| 145|0x0000000712200000, 0x0000000712200000, 0x0000000712400000|  0%| F|  |TAMS 0x0000000712200000| PB 0x0000000712200000| Untracked 
| 146|0x0000000712400000, 0x0000000712400000, 0x0000000712600000|  0%| F|  |TAMS 0x0000000712400000| PB 0x0000000712400000| Untracked 
| 147|0x0000000712600000, 0x00000007126ff570, 0x0000000712800000| 49%| E|  |TAMS 0x0000000712600000| PB 0x0000000712600000| Complete 
| 148|0x0000000712800000, 0x0000000712a00000, 0x0000000712a00000|100%| E|CS|TAMS 0x0000000712800000| PB 0x0000000712800000| Complete 
| 149|0x0000000712a00000, 0x0000000712c00000, 0x0000000712c00000|100%| E|CS|TAMS 0x0000000712a00000| PB 0x0000000712a00000| Complete 
|2044|0x00000007ff800000, 0x00000007ffa00000, 0x00000007ffa00000|100%| E|CS|TAMS 0x00000007ff800000| PB 0x00000007ff800000| Complete 
|2045|0x00000007ffa00000, 0x00000007ffc00000, 0x00000007ffc00000|100%| E|CS|TAMS 0x00000007ffa00000| PB 0x00000007ffa00000| Complete 
|2046|0x00000007ffc00000, 0x00000007ffe00000, 0x00000007ffe00000|100%| E|  |TAMS 0x00000007ffc00000| PB 0x00000007ffc00000| Complete 
|2047|0x00000007ffe00000, 0x0000000800000000, 0x0000000800000000|100%| E|CS|TAMS 0x00000007ffe00000| PB 0x00000007ffe00000| Complete 

Card table byte_map: [0x000001d1ca0e0000,0x000001d1ca8e0000] _byte_map_base: 0x000001d1c68e0000

Marking Bits: (CMBitMap*) 0x000001d1b24a5570
 Bits: [0x000001d1ca8e0000, 0x000001d1ce8e0000)

Polling page: 0x000001d1b0420000

Metaspace:

Usage:
  Non-class:    112.32 MB used.
      Class:     17.47 MB used.
       Both:    129.79 MB used.

Virtual space:
  Non-class space:      128.00 MB reserved,     113.56 MB ( 89%) committed,  2 nodes.
      Class space:        1.00 GB reserved,      18.69 MB (  2%) committed,  1 nodes.
             Both:        1.12 GB reserved,     132.25 MB ( 11%) committed. 

Chunk freelists:
   Non-Class:  14.30 MB
       Class:  13.33 MB
        Both:  27.62 MB

MaxMetaspaceSize: unlimited
CompressedClassSpaceSize: 1.00 GB
Initial GC threshold: 21.00 MB
Current GC threshold: 219.81 MB
CDS: on
 - commit_granule_bytes: 65536.
 - commit_granule_words: 8192.
 - virtual_space_node_default_size: 8388608.
 - enlarge_chunks_in_place: 1.
 - use_allocation_guard: 0.


Internal statistics:

num_allocs_failed_limit: 3.
num_arena_births: 4572.
num_arena_deaths: 6.
num_vsnodes_births: 3.
num_vsnodes_deaths: 0.
num_space_committed: 2115.
num_space_uncommitted: 0.
num_chunks_returned_to_freelist: 11.
num_chunks_taken_from_freelist: 10539.
num_chunk_merges: 6.
num_chunk_splits: 6956.
num_chunks_enlarged: 4451.
num_inconsistent_stats: 0.

CodeHeap 'non-profiled nmethods': size=120000Kb used=11597Kb max_used=12303Kb free=108402Kb
 bounds [0x000001d1c23b0000, 0x000001d1c2fe0000, 0x000001d1c98e0000]
CodeHeap 'profiled nmethods': size=120000Kb used=37353Kb max_used=38778Kb free=82646Kb
 bounds [0x000001d1ba8e0000, 0x000001d1bcf00000, 0x000001d1c1e10000]
CodeHeap 'non-nmethods': size=5760Kb used=3018Kb max_used=3105Kb free=2741Kb
 bounds [0x000001d1c1e10000, 0x000001d1c2140000, 0x000001d1c23b0000]
 total_blobs=18107 nmethods=17031 adapters=979
 compilation: enabled
              stopped_count=0, restarted_count=0
 full_count=0

Compilation events (20 events):
Event: 652.755 Thread 0x000001d1d0d98850 nmethod 21095 0x000001d1c24f4a90 code [0x000001d1c24f4c20, 0x000001d1c24f4ce8]
Event: 652.755 Thread 0x000001d1d0d98850 21096       1       com.android.tools.r8.graph.G3$e::o (2 bytes)
Event: 652.755 Thread 0x000001d1d0d98850 nmethod 21096 0x000001d1c24f5090 code [0x000001d1c24f5220, 0x000001d1c24f52e8]
Event: 652.755 Thread 0x000001d1d0d98850 21098       3       com.android.tools.r8.internal.Sw0::a (43 bytes)
Event: 652.756 Thread 0x000001d1d0d98850 nmethod 21098 0x000001d1bb2bc590 code [0x000001d1bb2bc7a0, 0x000001d1bb2bcde8]
Event: 652.757 Thread 0x000001d1d0d98850 21097       1       com.android.tools.r8.graph.G3$e::l (2 bytes)
Event: 652.757 Thread 0x000001d1d0d98850 nmethod 21097 0x000001d1c24f5c90 code [0x000001d1c24f5e20, 0x000001d1c24f5ee8]
Event: 652.765 Thread 0x000001d1d0d98850 21099       3       com.android.tools.r8.internal.PK::a (413 bytes)
Event: 652.781 Thread 0x000001d1d0d98850 nmethod 21099 0x000001d1bbb7ac10 code [0x000001d1bbb7b2e0, 0x000001d1bbb80a50]
Event: 652.782 Thread 0x000001d1d0d98850 21100       3       com.android.tools.r8.internal.qK::a (218 bytes)
Event: 652.785 Thread 0x000001d1d0d98850 nmethod 21100 0x000001d1bacfe810 code [0x000001d1bacfea60, 0x000001d1bacff5d8]
Event: 652.785 Thread 0x000001d1d0d98850 21101       3       com.android.tools.r8.internal.sp::<init> (218 bytes)
Event: 652.786 Thread 0x000001d1d0d98850 nmethod 21101 0x000001d1bae71c10 code [0x000001d1bae71de0, 0x000001d1bae720f8]
Event: 652.786 Thread 0x000001d1d0d98850 21102       3       com.android.tools.r8.internal.Oj::<init> (38 bytes)
Event: 652.786 Thread 0x000001d1d0d98850 nmethod 21102 0x000001d1badb4010 code [0x000001d1badb41c0, 0x000001d1badb4400]
Event: 652.786 Thread 0x000001d1d0d98850 21103       3       com.android.tools.r8.internal.nB::a (53 bytes)
Event: 652.788 Thread 0x000001d1d0d98850 nmethod 21103 0x000001d1bafb3d90 code [0x000001d1bafb3fa0, 0x000001d1bafb4968]
Event: 652.982 Thread 0x000001d1d0d98850 21104       3       com.android.tools.r8.dex.L$$Lambda/0x000001d1d32a6488::accept (12 bytes)
Event: 653.054 Thread 0x000001d1d0d98850 nmethod 21104 0x000001d1bb6a1c10 code [0x000001d1bb6a1e00, 0x000001d1bb6a2270]
Event: 653.054 Thread 0x000001d1d0d98850 21105       3       com.android.tools.r8.dex.L::b (19 bytes)

GC Heap History (20 events):
Event: 430.643 GC heap before
{Heap before GC invocations=66 (full 0):
 garbage-first heap   total 235520K, used 159242K [0x0000000700000000, 0x0000000800000000)
  region size 2048K, 15 young (30720K), 2 survivors (4096K)
 Metaspace       used 112140K, committed 114560K, reserved 1179648K
  class space    used 14996K, committed 16192K, reserved 1048576K
}
Event: 430.702 GC heap after
{Heap after GC invocations=67 (full 0):
 garbage-first heap   total 235520K, used 137719K [0x0000000700000000, 0x0000000800000000)
  region size 2048K, 2 young (4096K), 2 survivors (4096K)
 Metaspace       used 112140K, committed 114560K, reserved 1179648K
  class space    used 14996K, committed 16192K, reserved 1048576K
}
Event: 435.931 GC heap before
{Heap before GC invocations=67 (full 0):
 garbage-first heap   total 235520K, used 143863K [0x0000000700000000, 0x0000000800000000)
  region size 2048K, 5 young (10240K), 2 survivors (4096K)
 Metaspace       used 113289K, committed 115712K, reserved 1179648K
  class space    used 15154K, committed 16384K, reserved 1048576K
}
Event: 435.985 GC heap after
{Heap after GC invocations=68 (full 0):
 garbage-first heap   total 235520K, used 138232K [0x0000000700000000, 0x0000000800000000)
  region size 2048K, 1 young (2048K), 1 survivors (2048K)
 Metaspace       used 113289K, committed 115712K, reserved 1179648K
  class space    used 15154K, committed 16384K, reserved 1048576K
}
Event: 548.265 GC heap before
{Heap before GC invocations=68 (full 0):
 garbage-first heap   total 235520K, used 175096K [0x0000000700000000, 0x0000000800000000)
  region size 2048K, 20 young (40960K), 1 survivors (2048K)
 Metaspace       used 114078K, committed 116544K, reserved 1179648K
  class space    used 15273K, committed 16512K, reserved 1048576K
}
Event: 548.608 GC heap after
{Heap after GC invocations=69 (full 0):
 garbage-first heap   total 235520K, used 144903K [0x0000000700000000, 0x0000000800000000)
  region size 2048K, 3 young (6144K), 3 survivors (6144K)
 Metaspace       used 114078K, committed 116544K, reserved 1179648K
  class space    used 15273K, committed 16512K, reserved 1048576K
}
Event: 590.271 GC heap before
{Heap before GC invocations=69 (full 0):
 garbage-first heap   total 235520K, used 212487K [0x0000000700000000, 0x0000000800000000)
  region size 2048K, 37 young (75776K), 3 survivors (6144K)
 Metaspace       used 118108K, committed 120576K, reserved 1179648K
  class space    used 15832K, committed 17088K, reserved 1048576K
}
Event: 591.055 GC heap after
{Heap after GC invocations=70 (full 0):
 garbage-first heap   total 282624K, used 152337K [0x0000000700000000, 0x0000000800000000)
  region size 2048K, 4 young (8192K), 4 survivors (8192K)
 Metaspace       used 118108K, committed 120576K, reserved 1179648K
  class space    used 15832K, committed 17088K, reserved 1048576K
}
Event: 592.314 GC heap before
{Heap before GC invocations=70 (full 0):
 garbage-first heap   total 282624K, used 156433K [0x0000000700000000, 0x0000000800000000)
  region size 2048K, 6 young (12288K), 4 survivors (8192K)
 Metaspace       used 118612K, committed 121088K, reserved 1179648K
  class space    used 15907K, committed 17152K, reserved 1048576K
}
Event: 592.357 GC heap after
{Heap after GC invocations=71 (full 0):
 garbage-first heap   total 282624K, used 153275K [0x0000000700000000, 0x0000000800000000)
  region size 2048K, 1 young (2048K), 1 survivors (2048K)
 Metaspace       used 118612K, committed 121088K, reserved 1179648K
  class space    used 15907K, committed 17152K, reserved 1048576K
}
Event: 599.714 GC heap before
{Heap before GC invocations=71 (full 0):
 garbage-first heap   total 282624K, used 198331K [0x0000000700000000, 0x0000000800000000)
  region size 2048K, 24 young (49152K), 1 survivors (2048K)
 Metaspace       used 122191K, committed 124672K, reserved 1179648K
  class space    used 16404K, committed 17664K, reserved 1048576K
}
Event: 599.750 GC heap after
{Heap after GC invocations=72 (full 0):
 garbage-first heap   total 282624K, used 160681K [0x0000000700000000, 0x0000000800000000)
  region size 2048K, 3 young (6144K), 3 survivors (6144K)
 Metaspace       used 122191K, committed 124672K, reserved 1179648K
  class space    used 16404K, committed 17664K, reserved 1048576K
}
Event: 602.539 GC heap before
{Heap before GC invocations=72 (full 0):
 garbage-first heap   total 282624K, used 175017K [0x0000000700000000, 0x0000000800000000)
  region size 2048K, 11 young (22528K), 3 survivors (6144K)
 Metaspace       used 124105K, committed 126656K, reserved 1179648K
  class space    used 16713K, committed 17984K, reserved 1048576K
}
Event: 602.581 GC heap after
{Heap after GC invocations=73 (full 0):
 garbage-first heap   total 282624K, used 162192K [0x0000000700000000, 0x0000000800000000)
  region size 2048K, 1 young (2048K), 1 survivors (2048K)
 Metaspace       used 124105K, committed 126656K, reserved 1179648K
  class space    used 16713K, committed 17984K, reserved 1048576K
}
Event: 617.311 GC heap before
{Heap before GC invocations=73 (full 0):
 garbage-first heap   total 282624K, used 240016K [0x0000000700000000, 0x0000000800000000)
  region size 2048K, 40 young (81920K), 1 survivors (2048K)
 Metaspace       used 130020K, committed 132480K, reserved 1179648K
  class space    used 17506K, committed 18752K, reserved 1048576K
}
Event: 617.348 GC heap after
{Heap after GC invocations=74 (full 0):
 garbage-first heap   total 282624K, used 164222K [0x0000000700000000, 0x0000000800000000)
  region size 2048K, 2 young (4096K), 2 survivors (4096K)
 Metaspace       used 130020K, committed 132480K, reserved 1179648K
  class space    used 17506K, committed 18752K, reserved 1048576K
}
Event: 629.376 GC heap before
{Heap before GC invocations=74 (full 0):
 garbage-first heap   total 282624K, used 260478K [0x0000000700000000, 0x0000000800000000)
  region size 2048K, 49 young (100352K), 2 survivors (4096K)
 Metaspace       used 132222K, committed 134720K, reserved 1179648K
  class space    used 17764K, committed 19008K, reserved 1048576K
}
Event: 629.576 GC heap after
{Heap after GC invocations=75 (full 0):
 garbage-first heap   total 282624K, used 166440K [0x0000000700000000, 0x0000000800000000)
  region size 2048K, 3 young (6144K), 3 survivors (6144K)
 Metaspace       used 132222K, committed 134720K, reserved 1179648K
  class space    used 17764K, committed 19008K, reserved 1048576K
}
Event: 644.393 GC heap before
{Heap before GC invocations=76 (full 0):
 garbage-first heap   total 315392K, used 203304K [0x0000000700000000, 0x0000000800000000)
  region size 2048K, 21 young (43008K), 3 survivors (6144K)
 Metaspace       used 132592K, committed 135104K, reserved 1179648K
  class space    used 17833K, committed 19072K, reserved 1048576K
}
Event: 644.606 GC heap after
{Heap after GC invocations=77 (full 0):
 garbage-first heap   total 315392K, used 167104K [0x0000000700000000, 0x0000000800000000)
  region size 2048K, 2 young (4096K), 2 survivors (4096K)
 Metaspace       used 132592K, committed 135104K, reserved 1179648K
  class space    used 17833K, committed 19072K, reserved 1048576K
}

Dll operation events (16 events):
Event: 0.062 Loaded shared library C:\Program Files\Java\jdk-21\bin\java.dll
Event: 0.232 Loaded shared library C:\Program Files\Java\jdk-21\bin\jsvml.dll
Event: 0.541 Loaded shared library C:\Program Files\Java\jdk-21\bin\zip.dll
Event: 0.560 Loaded shared library C:\Program Files\Java\jdk-21\bin\instrument.dll
Event: 0.578 Loaded shared library C:\Program Files\Java\jdk-21\bin\net.dll
Event: 0.590 Loaded shared library C:\Program Files\Java\jdk-21\bin\nio.dll
Event: 0.599 Loaded shared library C:\Program Files\Java\jdk-21\bin\zip.dll
Event: 3.314 Loaded shared library C:\Program Files\Java\jdk-21\bin\jimage.dll
Event: 5.798 Loaded shared library C:\Program Files\Java\jdk-21\bin\verify.dll
Event: 7.391 Loaded shared library C:\Users\Mosca\.gradle\native\1def1411415f61bf3af743bc5b6707747c0891f09f0c88961ee8f79bc544acac\windows-amd64\native-platform.dll
Event: 7.490 Loaded shared library C:\Users\Mosca\.gradle\native\0.2.7\x86_64-windows-gnu\gradle-fileevents.dll
Event: 20.572 Loaded shared library C:\Program Files\Java\jdk-21\bin\management.dll
Event: 20.579 Loaded shared library C:\Program Files\Java\jdk-21\bin\management_ext.dll
Event: 21.223 Loaded shared library C:\Program Files\Java\jdk-21\bin\extnet.dll
Event: 22.289 Loaded shared library C:\Program Files\Java\jdk-21\bin\sunmscapi.dll
Event: 435.029 Loaded shared library C:\Program Files\Java\jdk-21\bin\rmi.dll

Deoptimization events (20 events):
Event: 652.255 Thread 0x000001d21b9890d0 Uncommon trap: trap_request=0xffffffde fr.pc=0x000001d1c2f6b4c0 relative=0x0000000000000400
Event: 652.255 Thread 0x000001d21b9890d0 Uncommon trap: reason=class_check action=maybe_recompile pc=0x000001d1c2f6b4c0 method=com.android.tools.r8.internal.Df.a(Lcom/android/tools/r8/graph/M2;Lcom/android/tools/r8/graph/M2;)I @ 12 c2
Event: 652.255 Thread 0x000001d21b9890d0 DEOPT PACKING pc=0x000001d1c2f6b4c0 sp=0x00000055b74fca00
Event: 652.255 Thread 0x000001d21b9890d0 DEOPT UNPACKING pc=0x000001d1c1e646a2 sp=0x00000055b74fc9b8 mode 2
Event: 652.255 Thread 0x000001d21b9890d0 Uncommon trap: trap_request=0xffffffde fr.pc=0x000001d1c2f6b4c0 relative=0x0000000000000400
Event: 652.255 Thread 0x000001d21b9890d0 Uncommon trap: reason=class_check action=maybe_recompile pc=0x000001d1c2f6b4c0 method=com.android.tools.r8.internal.Df.a(Lcom/android/tools/r8/graph/M2;Lcom/android/tools/r8/graph/M2;)I @ 12 c2
Event: 652.255 Thread 0x000001d21b9890d0 DEOPT PACKING pc=0x000001d1c2f6b4c0 sp=0x00000055b74fca00
Event: 652.256 Thread 0x000001d21b9890d0 DEOPT UNPACKING pc=0x000001d1c1e646a2 sp=0x00000055b74fc9b8 mode 2
Event: 652.256 Thread 0x000001d21b9890d0 Uncommon trap: trap_request=0xffffffde fr.pc=0x000001d1c2f6b4c0 relative=0x0000000000000400
Event: 652.256 Thread 0x000001d21b9890d0 Uncommon trap: reason=class_check action=maybe_recompile pc=0x000001d1c2f6b4c0 method=com.android.tools.r8.internal.Df.a(Lcom/android/tools/r8/graph/M2;Lcom/android/tools/r8/graph/M2;)I @ 12 c2
Event: 652.256 Thread 0x000001d21b9890d0 DEOPT PACKING pc=0x000001d1c2f6b4c0 sp=0x00000055b74fca00
Event: 652.256 Thread 0x000001d21b9890d0 DEOPT UNPACKING pc=0x000001d1c1e646a2 sp=0x00000055b74fc9b8 mode 2
Event: 652.751 Thread 0x000001d21b4aa5f0 Uncommon trap: trap_request=0xffffff45 fr.pc=0x000001d1c2f3b1d8 relative=0x00000000000000b8
Event: 652.751 Thread 0x000001d21b4aa5f0 Uncommon trap: reason=unstable_if action=reinterpret pc=0x000001d1c2f3b1d8 method=com.android.tools.r8.graph.G3$e.b()Z @ 4 c2
Event: 652.751 Thread 0x000001d21b4aa5f0 DEOPT PACKING pc=0x000001d1c2f3b1d8 sp=0x00000055b4afd9c0
Event: 652.751 Thread 0x000001d21b4aa5f0 DEOPT UNPACKING pc=0x000001d1c1e646a2 sp=0x00000055b4afd800 mode 2
Event: 652.751 Thread 0x000001d21b4aa5f0 Uncommon trap: trap_request=0xffffff45 fr.pc=0x000001d1c2f3bf30 relative=0x0000000000000090
Event: 652.751 Thread 0x000001d21b4aa5f0 Uncommon trap: reason=unstable_if action=reinterpret pc=0x000001d1c2f3bf30 method=com.android.tools.r8.graph.G3$e.b()Z @ 4 c2
Event: 652.751 Thread 0x000001d21b4aa5f0 DEOPT PACKING pc=0x000001d1c2f3bf30 sp=0x00000055b4afd940
Event: 652.751 Thread 0x000001d21b4aa5f0 DEOPT UNPACKING pc=0x000001d1c1e646a2 sp=0x00000055b4afd7f8 mode 2

Classes loaded (20 events):
Event: 606.164 Loading class java/util/IdentityHashMap$IdentityHashMapSpliterator done
Event: 606.164 Loading class java/util/IdentityHashMap$EntrySpliterator done
Event: 606.178 Loading class java/util/stream/SortedOps$RefSortingSink
Event: 606.192 Loading class java/util/stream/SortedOps$RefSortingSink done
Event: 606.810 Loading class java/util/IdentityHashMap$ValueIterator
Event: 606.825 Loading class java/util/IdentityHashMap$ValueIterator done
Event: 608.058 Loading class java/util/SortedSet$1
Event: 608.063 Loading class java/util/SortedSet$1 done
Event: 608.098 Loading class java/util/stream/SliceOps
Event: 608.112 Loading class java/util/stream/SliceOps done
Event: 608.112 Loading class java/util/stream/SliceOps$1
Event: 608.119 Loading class java/util/stream/SliceOps$1 done
Event: 608.158 Loading class java/util/stream/SliceOps$1$1
Event: 608.160 Loading class java/util/stream/SliceOps$1$1 done
Event: 629.857 Loading class java/nio/ShortBuffer
Event: 630.289 Loading class java/nio/ShortBuffer done
Event: 637.051 Loading class sun/rmi/transport/DGCClient$EndpointEntry$CleanRequest
Event: 637.138 Loading class sun/rmi/transport/DGCClient$EndpointEntry$CleanRequest done
Event: 645.035 Loading class java/nio/ByteBufferAsShortBufferL
Event: 645.220 Loading class java/nio/ByteBufferAsShortBufferL done

Classes unloaded (3 events):
Event: 634.659 Thread 0x000001d1d0d3b550 Unloading class 0x000001d1d3104c00 'java/lang/invoke/LambdaForm$DMH+0x000001d1d3104c00'
Event: 634.660 Thread 0x000001d1d0d3b550 Unloading class 0x000001d1d3104800 'java/lang/invoke/LambdaForm$DMH+0x000001d1d3104800'
Event: 634.660 Thread 0x000001d1d0d3b550 Unloading class 0x000001d1d3104400 'java/lang/invoke/LambdaForm$DMH+0x000001d1d3104400'

Classes redefined (0 events):
No events

Internal exceptions (20 events):
Event: 604.514 Thread 0x000001d21b987d20 Exception <a 'java/lang/IncompatibleClassChangeError'{0x0000000710bb0040}: Found class java.lang.Object, but interface was expected> (0x0000000710bb0040) 
thrown [s\open\src\hotspot\share\interpreter\linkResolver.cpp, line 840]
Event: 604.515 Thread 0x000001d21b987d20 Exception <a 'java/lang/IncompatibleClassChangeError'{0x0000000710bb3ff8}: Found class java.lang.Object, but interface was expected> (0x0000000710bb3ff8) 
thrown [s\open\src\hotspot\share\interpreter\linkResolver.cpp, line 840]
Event: 605.478 Thread 0x000001d21b4aa5f0 Exception <a 'java/lang/NoSuchMethodError'{0x00000007100675b8}: 'void java.lang.invoke.DirectMethodHandle$Holder.invokeSpecial(java.lang.Object, java.lang.Object, int, java.lang.Object)'> (0x00000007100675b8) 
thrown [s\open\src\hotspot\share\interpreter\linkResolver.cpp, line 773]
Event: 605.478 Thread 0x000001d21b9890d0 Exception <a 'java/lang/NoSuchMethodError'{0x000000071055c258}: 'void java.lang.invoke.DirectMethodHandle$Holder.invokeSpecial(java.lang.Object, java.lang.Object, int, java.lang.Object)'> (0x000000071055c258) 
thrown [s\open\src\hotspot\share\interpreter\linkResolver.cpp, line 773]
Event: 605.478 Thread 0x000001d21b4b0ef0 Exception <a 'java/lang/NoSuchMethodError'{0x000000071054e698}: 'void java.lang.invoke.DirectMethodHandle$Holder.invokeSpecial(java.lang.Object, java.lang.Object, int, java.lang.Object)'> (0x000000071054e698) 
thrown [s\open\src\hotspot\share\interpreter\linkResolver.cpp, line 773]
Event: 605.478 Thread 0x000001d21b987d20 Exception <a 'java/lang/NoSuchMethodError'{0x00000007100d0390}: 'void java.lang.invoke.DirectMethodHandle$Holder.invokeSpecial(java.lang.Object, java.lang.Object, int, java.lang.Object)'> (0x00000007100d0390) 
thrown [s\open\src\hotspot\share\interpreter\linkResolver.cpp, line 773]
Event: 606.948 Thread 0x000001d21b4b0ef0 Exception <a 'java/lang/NoSuchMethodError'{0x000000070fbf86f8}: 'int java.lang.invoke.DirectMethodHandle$Holder.invokeSpecial(java.lang.Object, java.lang.Object, java.lang.Object, int, java.lang.Object)'> (0x000000070fbf86f8) 
thrown [s\open\src\hotspot\share\interpreter\linkResolver.cpp, line 773]
Event: 606.948 Thread 0x000001d21b987d20 Exception <a 'java/lang/NoSuchMethodError'{0x000000070f811bf8}: 'int java.lang.invoke.DirectMethodHandle$Holder.invokeSpecial(java.lang.Object, java.lang.Object, java.lang.Object, int, java.lang.Object)'> (0x000000070f811bf8) 
thrown [s\open\src\hotspot\share\interpreter\linkResolver.cpp, line 773]
Event: 606.948 Thread 0x000001d21b4aa5f0 Exception <a 'java/lang/NoSuchMethodError'{0x000000070fbe8228}: 'int java.lang.invoke.DirectMethodHandle$Holder.invokeSpecial(java.lang.Object, java.lang.Object, java.lang.Object, int, java.lang.Object)'> (0x000000070fbe8228) 
thrown [s\open\src\hotspot\share\interpreter\linkResolver.cpp, line 773]
Event: 606.948 Thread 0x000001d21b9890d0 Exception <a 'java/lang/NoSuchMethodError'{0x000000070fb95540}: 'int java.lang.invoke.DirectMethodHandle$Holder.invokeSpecial(java.lang.Object, java.lang.Object, java.lang.Object, int, java.lang.Object)'> (0x000000070fb95540) 
thrown [s\open\src\hotspot\share\interpreter\linkResolver.cpp, line 773]
Event: 608.072 Thread 0x000001d21b4aa5f0 Exception <a 'java/lang/NoSuchMethodError'{0x000000070f2a6930}: 'long java.lang.invoke.DirectMethodHandle$Holder.invokeStatic(java.lang.Object, java.lang.Object)'> (0x000000070f2a6930) 
thrown [s\open\src\hotspot\share\interpreter\linkResolver.cpp, line 773]
Event: 608.426 Thread 0x000001d21b4b0ef0 Exception <a 'java/lang/NoSuchMethodError'{0x000000070f05ff20}: 'int java.lang.invoke.DirectMethodHandle$Holder.invokeInterface(java.lang.Object, java.lang.Object, int)'> (0x000000070f05ff20) 
thrown [s\open\src\hotspot\share\interpreter\linkResolver.cpp, line 773]
Event: 611.079 Thread 0x000001d21b4aa5f0 Exception <a 'java/lang/NoSuchMethodError'{0x000000070e67aaf0}: 'void java.lang.invoke.DirectMethodHandle$Holder.invokeStatic(java.lang.Object, int)'> (0x000000070e67aaf0) 
thrown [s\open\src\hotspot\share\interpreter\linkResolver.cpp, line 773]
Event: 615.528 Thread 0x000001d21b4aa5f0 Exception <a 'java/lang/NoSuchMethodError'{0x000000070d331d90}: 'java.lang.Object java.lang.invoke.DirectMethodHandle$Holder.invokeInterface(java.lang.Object, java.lang.Object, int)'> (0x000000070d331d90) 
thrown [s\open\src\hotspot\share\interpreter\linkResolver.cpp, line 773]
Event: 619.860 Thread 0x000001d21b4b0ef0 Exception <a 'java/lang/IncompatibleClassChangeError'{0x000000070feb90e8}: Found class java.lang.Object, but interface was expected> (0x000000070feb90e8) 
thrown [s\open\src\hotspot\share\interpreter\linkResolver.cpp, line 840]
Event: 620.274 Thread 0x000001d21b987d20 Exception <a 'java/lang/NoSuchMethodError'{0x000000070fa74768}: 'void java.lang.invoke.DirectMethodHandle$Holder.invokeSpecial(java.lang.Object, java.lang.Object, java.lang.Object, int, java.lang.Object, java.lang.Object, java.lang.Object, java.lang.Object)'> (0x000000070fa74768) 
thrown [s\open\src\hotspot\share\interpreter\linkResolver.cpp, line 773]
Event: 620.323 Thread 0x000001d21b987d20 Exception <a 'java/lang/NoSuchMethodError'{0x000000070fa96050}: 'void java.lang.invoke.DirectMethodHandle$Holder.invokeStatic(java.lang.Object, java.lang.Object, java.lang.Object, java.lang.Object, java.lang.Object, java.lang.Object, java.lang.Object, java.lang.Object)'> (0x000000070fa96050) 
thrown [s\open\src\hotspot\share\interpreter\linkResolver.cpp, line 773]
Event: 625.359 Thread 0x000001d21b4b0ef0 Implicit null exception at 0x000001d1c2f11da4 to 0x000001d1c2f1209c
Event: 627.091 Thread 0x000001d21b987d20 Exception <a 'java/lang/IncompatibleClassChangeError'{0x000000070c9c14d0}: Found class java.lang.Object, but interface was expected> (0x000000070c9c14d0) 
thrown [s\open\src\hotspot\share\interpreter\linkResolver.cpp, line 840]
Event: 641.924 Thread 0x000001d21b4aa5f0 Implicit null exception at 0x000001d1c2e79a00 to 0x000001d1c2e79b50

ZGC Phase Switch (0 events):
No events

VM Operations (20 events):
Event: 634.644 Executing VM operation: G1PauseRemark
Event: 636.924 Executing VM operation: G1PauseRemark done
Event: 637.927 Executing VM operation: Cleanup
Event: 638.285 Executing VM operation: Cleanup done
Event: 639.287 Executing VM operation: Cleanup
Event: 639.404 Executing VM operation: Cleanup done
Event: 640.412 Executing VM operation: Cleanup
Event: 641.090 Executing VM operation: Cleanup done
Event: 643.090 Executing VM operation: Cleanup
Event: 643.505 Executing VM operation: Cleanup done
Event: 644.076 Executing VM operation: G1PauseCleanup
Event: 644.285 Executing VM operation: G1PauseCleanup done
Event: 644.320 Executing VM operation: G1CollectForAllocation (G1 Evacuation Pause)
Event: 644.666 Executing VM operation: G1CollectForAllocation (G1 Evacuation Pause) done
Event: 645.667 Executing VM operation: Cleanup
Event: 651.238 Executing VM operation: Cleanup done
Event: 651.244 Executing VM operation: HandshakeAllThreads (Deoptimize)
Event: 651.541 Executing VM operation: HandshakeAllThreads (Deoptimize) done
Event: 652.541 Executing VM operation: Cleanup
Event: 652.721 Executing VM operation: Cleanup done

Events (20 events):
Event: 636.856 Thread 0x000001d1d0d3b550 flushing nmethod 0x000001d1bb544690
Event: 636.856 Thread 0x000001d1d0d3b550 flushing nmethod 0x000001d1bb549010
Event: 636.856 Thread 0x000001d1d0d3b550 flushing nmethod 0x000001d1bb570790
Event: 636.857 Thread 0x000001d1d0d3b550 flushing nmethod 0x000001d1bb572a10
Event: 636.857 Thread 0x000001d1d0d3b550 flushing nmethod 0x000001d1bb646090
Event: 636.857 Thread 0x000001d1d0d3b550 flushing nmethod 0x000001d1bb68a510
Event: 636.857 Thread 0x000001d1d0d3b550 flushing nmethod 0x000001d1bb69ae90
Event: 636.857 Thread 0x000001d1d0d3b550 flushing nmethod 0x000001d1bb73c810
Event: 636.857 Thread 0x000001d1d0d3b550 flushing nmethod 0x000001d1bb73fb90
Event: 636.858 Thread 0x000001d1d0d3b550 flushing nmethod 0x000001d1bb74a090
Event: 636.858 Thread 0x000001d1d0d3b550 flushing nmethod 0x000001d1bb74a490
Event: 636.858 Thread 0x000001d1d0d3b550 flushing nmethod 0x000001d1bb77b910
Event: 636.858 Thread 0x000001d1d0d3b550 flushing nmethod 0x000001d1bb788c90
Event: 636.858 Thread 0x000001d1d0d3b550 flushing nmethod 0x000001d1bbb7a410
Event: 636.858 Thread 0x000001d1d0d3b550 flushing nmethod 0x000001d1bbc96890
Event: 636.858 Thread 0x000001d1d0d3b550 flushing nmethod 0x000001d1bbddc010
Event: 636.859 Thread 0x000001d1d0d3b550 flushing nmethod 0x000001d1bbfdf190
Event: 636.859 Thread 0x000001d1d0d3b550 flushing nmethod 0x000001d1bbff4b10
Event: 636.859 Thread 0x000001d1d0d3b550 flushing nmethod 0x000001d1bc1e5290
Event: 645.056 Thread 0x000001d21b4ab9a0 Thread exited: 0x000001d21b4ab9a0


Dynamic libraries:
0x00007ff6eac80000 - 0x00007ff6eac90000 	C:\Program Files\Java\jdk-21\bin\java.exe
0x00007ffe1ead0000 - 0x00007ffe1ecc8000 	C:\Windows\SYSTEM32\ntdll.dll
0x00007ffe1d150000 - 0x00007ffe1d212000 	C:\Windows\System32\KERNEL32.DLL
0x00007ffe1c290000 - 0x00007ffe1c587000 	C:\Windows\System32\KERNELBASE.dll
0x00007ffe1c6a0000 - 0x00007ffe1c7a0000 	C:\Windows\System32\ucrtbase.dll
0x00007ffe16550000 - 0x00007ffe16569000 	C:\Program Files\Java\jdk-21\bin\jli.dll
0x00007ffe0b250000 - 0x00007ffe0b26b000 	C:\Program Files\Java\jdk-21\bin\VCRUNTIME140.dll
0x00007ffe1e9d0000 - 0x00007ffe1ea81000 	C:\Windows\System32\ADVAPI32.dll
0x00007ffe1e930000 - 0x00007ffe1e9ce000 	C:\Windows\System32\msvcrt.dll
0x00007ffe1e3e0000 - 0x00007ffe1e47f000 	C:\Windows\System32\sechost.dll
0x00007ffe1dd70000 - 0x00007ffe1de96000 	C:\Windows\System32\RPCRT4.dll
0x00007ffe1c9a0000 - 0x00007ffe1c9c7000 	C:\Windows\System32\bcrypt.dll
0x00007ffe1e1e0000 - 0x00007ffe1e37d000 	C:\Windows\System32\USER32.dll
0x00007ffe1c5e0000 - 0x00007ffe1c602000 	C:\Windows\System32\win32u.dll
0x00007ffe1d220000 - 0x00007ffe1d24b000 	C:\Windows\System32\GDI32.dll
0x00007ffe1c9d0000 - 0x00007ffe1cae9000 	C:\Windows\System32\gdi32full.dll
0x00007ffe1c7a0000 - 0x00007ffe1c83d000 	C:\Windows\System32\msvcp_win.dll
0x00007ffe0b4a0000 - 0x00007ffe0b73a000 	C:\Windows\WinSxS\amd64_microsoft.windows.common-controls_6595b64144ccf1df_6.0.19041.5915_none_60b4b9d171f9c7c7\COMCTL32.dll
0x00007ffe15830000 - 0x00007ffe1583a000 	C:\Windows\SYSTEM32\VERSION.dll
0x00007ffe1dd40000 - 0x00007ffe1dd6f000 	C:\Windows\System32\IMM32.DLL
0x00007ffe15230000 - 0x00007ffe1523c000 	C:\Program Files\Java\jdk-21\bin\vcruntime140_1.dll
0x00007ffdf2f40000 - 0x00007ffdf2fce000 	C:\Program Files\Java\jdk-21\bin\msvcp140.dll
0x00007ffdd4ec0000 - 0x00007ffdd5bda000 	C:\Program Files\Java\jdk-21\bin\server\jvm.dll
0x00007ffe1dea0000 - 0x00007ffe1df0b000 	C:\Windows\System32\WS2_32.dll
0x00007ffe1bfc0000 - 0x00007ffe1c00b000 	C:\Windows\SYSTEM32\POWRPROF.dll
0x00007ffe0ab00000 - 0x00007ffe0ab27000 	C:\Windows\SYSTEM32\WINMM.dll
0x00007ffe1bfa0000 - 0x00007ffe1bfb2000 	C:\Windows\SYSTEM32\UMPDC.dll
0x00007ffe19fe0000 - 0x00007ffe19ff2000 	C:\Windows\SYSTEM32\kernel.appcore.dll
0x00007ffe0b040000 - 0x00007ffe0b04a000 	C:\Program Files\Java\jdk-21\bin\jimage.dll
0x00007ffe0a8f0000 - 0x00007ffe0aaf1000 	C:\Windows\SYSTEM32\DBGHELP.DLL
0x00007ffdfda40000 - 0x00007ffdfda74000 	C:\Windows\SYSTEM32\dbgcore.DLL
0x00007ffe1c610000 - 0x00007ffe1c692000 	C:\Windows\System32\bcryptPrimitives.dll
0x00007ffe197e0000 - 0x00007ffe197ef000 	C:\Program Files\Java\jdk-21\bin\instrument.dll
0x00007ffdffb40000 - 0x00007ffdffb5f000 	C:\Program Files\Java\jdk-21\bin\java.dll
0x00007ffe1d260000 - 0x00007ffe1d9ce000 	C:\Windows\System32\SHELL32.dll
0x00007ffe1a1e0000 - 0x00007ffe1a984000 	C:\Windows\SYSTEM32\windows.storage.dll
0x00007ffe1e5c0000 - 0x00007ffe1e913000 	C:\Windows\System32\combase.dll
0x00007ffe1bac0000 - 0x00007ffe1baeb000 	C:\Windows\SYSTEM32\Wldp.dll
0x00007ffe1d080000 - 0x00007ffe1d14d000 	C:\Windows\System32\OLEAUT32.dll
0x00007ffe1e000000 - 0x00007ffe1e0ad000 	C:\Windows\System32\SHCORE.dll
0x00007ffe1e500000 - 0x00007ffe1e55b000 	C:\Windows\System32\shlwapi.dll
0x00007ffe1c090000 - 0x00007ffe1c0b4000 	C:\Windows\SYSTEM32\profapi.dll
0x00007ffdec360000 - 0x00007ffdec437000 	C:\Program Files\Java\jdk-21\bin\jsvml.dll
0x00007ffdfeb50000 - 0x00007ffdfeb68000 	C:\Program Files\Java\jdk-21\bin\zip.dll
0x00007ffe0afa0000 - 0x00007ffe0afb0000 	C:\Program Files\Java\jdk-21\bin\net.dll
0x00007ffe12700000 - 0x00007ffe1280a000 	C:\Windows\SYSTEM32\WINHTTP.dll
0x00007ffe1b820000 - 0x00007ffe1b88a000 	C:\Windows\system32\mswsock.dll
0x00007ffdffb00000 - 0x00007ffdffb16000 	C:\Program Files\Java\jdk-21\bin\nio.dll
0x00007ffdfbbf0000 - 0x00007ffdfbc00000 	C:\Program Files\Java\jdk-21\bin\verify.dll
0x00007ffdeed00000 - 0x00007ffdeed27000 	C:\Users\Mosca\.gradle\native\1def1411415f61bf3af743bc5b6707747c0891f09f0c88961ee8f79bc544acac\windows-amd64\native-platform.dll
0x00007ffdfe930000 - 0x00007ffdfe9a8000 	C:\Users\Mosca\.gradle\native\0.2.7\x86_64-windows-gnu\gradle-fileevents.dll
0x00007ffe015d0000 - 0x00007ffe015da000 	C:\Program Files\Java\jdk-21\bin\management.dll
0x00007ffe005b0000 - 0x00007ffe005bb000 	C:\Program Files\Java\jdk-21\bin\management_ext.dll
0x00007ffe1d250000 - 0x00007ffe1d258000 	C:\Windows\System32\PSAPI.DLL
0x00007ffe1b500000 - 0x00007ffe1b53b000 	C:\Windows\SYSTEM32\IPHLPAPI.DLL
0x00007ffe1df10000 - 0x00007ffe1df18000 	C:\Windows\System32\NSI.dll
0x00007ffdfe9d0000 - 0x00007ffdfe9d9000 	C:\Program Files\Java\jdk-21\bin\extnet.dll
0x00007ffe1ba10000 - 0x00007ffe1ba28000 	C:\Windows\SYSTEM32\CRYPTSP.dll
0x00007ffe1b140000 - 0x00007ffe1b178000 	C:\Windows\system32\rsaenh.dll
0x00007ffe1c050000 - 0x00007ffe1c07e000 	C:\Windows\SYSTEM32\USERENV.dll
0x00007ffe1ba30000 - 0x00007ffe1ba3c000 	C:\Windows\SYSTEM32\CRYPTBASE.dll
0x00007ffdfea50000 - 0x00007ffdfea5e000 	C:\Program Files\Java\jdk-21\bin\sunmscapi.dll
0x00007ffe1c840000 - 0x00007ffe1c99d000 	C:\Windows\System32\CRYPT32.dll
0x00007ffe1bb30000 - 0x00007ffe1bb57000 	C:\Windows\SYSTEM32\ncrypt.dll
0x00007ffe1baf0000 - 0x00007ffe1bb2b000 	C:\Windows\SYSTEM32\NTASN1.dll
0x00007ffe15010000 - 0x00007ffe15017000 	C:\Windows\system32\wshunix.dll
0x00007ffdf96a0000 - 0x00007ffdf96b7000 	C:\Windows\system32\napinsp.dll
0x00007ffe04260000 - 0x00007ffe0427b000 	C:\Windows\system32\pnrpnsp.dll
0x00007ffe187c0000 - 0x00007ffe187dd000 	C:\Windows\system32\wshbth.dll
0x00007ffe168c0000 - 0x00007ffe168dd000 	C:\Windows\system32\NLAapi.dll
0x00007ffe1b540000 - 0x00007ffe1b60a000 	C:\Windows\SYSTEM32\DNSAPI.dll
0x00007ffe16a10000 - 0x00007ffe16a22000 	C:\Windows\System32\winrnr.dll
0x00007ffe0cfa0000 - 0x00007ffe0cfaa000 	C:\Windows\System32\rasadhlp.dll
0x00007ffe0cfe0000 - 0x00007ffe0d060000 	C:\Windows\System32\fwpuclnt.dll
0x00007ffe16930000 - 0x00007ffe16937000 	C:\Program Files\Java\jdk-21\bin\rmi.dll

dbghelp: loaded successfully - version: 4.0.5 - missing functions: none
symbol engine: initialized successfully - sym options: 0x614 - pdb path: .;C:\Program Files\Java\jdk-21\bin;C:\Windows\SYSTEM32;C:\Windows\WinSxS\amd64_microsoft.windows.common-controls_6595b64144ccf1df_6.0.19041.5915_none_60b4b9d171f9c7c7;C:\Program Files\Java\jdk-21\bin\server;C:\Users\Mosca\.gradle\native\1def1411415f61bf3af743bc5b6707747c0891f09f0c88961ee8f79bc544acac\windows-amd64;C:\Users\Mosca\.gradle\native\0.2.7\x86_64-windows-gnu

VM Arguments:
jvm_args: --add-opens=java.base/java.lang=ALL-UNNAMED --add-opens=java.base/java.lang.invoke=ALL-UNNAMED --add-opens=java.base/java.util=ALL-UNNAMED --add-opens=java.prefs/java.util.prefs=ALL-UNNAMED --add-exports=jdk.compiler/com.sun.tools.javac.api=ALL-UNNAMED --add-exports=jdk.compiler/com.sun.tools.javac.util=ALL-UNNAMED --add-opens=java.base/java.util=ALL-UNNAMED --add-opens=java.prefs/java.util.prefs=ALL-UNNAMED --add-opens=java.base/java.nio.charset=ALL-UNNAMED --add-opens=java.base/java.net=ALL-UNNAMED --add-opens=java.base/java.util.concurrent.atomic=ALL-UNNAMED --add-opens=java.xml/javax.xml.namespace=ALL-UNNAMED -XX:+HeapDumpOnOutOfMemoryError -Xmx4096m -Dfile.encoding=UTF-8 -Duser.country=CO -Duser.language=es -Duser.variant -javaagent:C:\Users\Mosca\.gradle\wrapper\dists\gradle-8.13-bin\5xuhj0ry160q40clulazy9h7d\gradle-8.13\lib\agents\gradle-instrumentation-agent-8.13.jar 
java_command: org.gradle.launcher.daemon.bootstrap.GradleDaemon 8.13
java_class_path (initial): C:\Users\Mosca\.gradle\wrapper\dists\gradle-8.13-bin\5xuhj0ry160q40clulazy9h7d\gradle-8.13\lib\gradle-daemon-main-8.13.jar
Launcher Type: SUN_STANDARD

[Global flags]
     intx CICompilerCount                          = 3                                         {product} {ergonomic}
     uint ConcGCThreads                            = 1                                         {product} {ergonomic}
     uint G1ConcRefinementThreads                  = 4                                         {product} {ergonomic}
   size_t G1HeapRegionSize                         = 2097152                                   {product} {ergonomic}
    uintx GCDrainStackTargetSize                   = 64                                        {product} {ergonomic}
     bool HeapDumpOnOutOfMemoryError               = true                                   {manageable} {command line}
   size_t InitialHeapSize                          = 67108864                                  {product} {ergonomic}
   size_t MarkStackSize                            = 4194304                                   {product} {ergonomic}
   size_t MaxHeapSize                              = 4294967296                                {product} {command line}
   size_t MaxNewSize                               = 2575302656                                {product} {ergonomic}
   size_t MinHeapDeltaBytes                        = 2097152                                   {product} {ergonomic}
   size_t MinHeapSize                              = 8388608                                   {product} {ergonomic}
    uintx NonNMethodCodeHeapSize                   = 5832780                                {pd product} {ergonomic}
    uintx NonProfiledCodeHeapSize                  = 122912730                              {pd product} {ergonomic}
    uintx ProfiledCodeHeapSize                     = 122912730                              {pd product} {ergonomic}
    uintx ReservedCodeCacheSize                    = 251658240                              {pd product} {ergonomic}
     bool SegmentedCodeCache                       = true                                      {product} {ergonomic}
   size_t SoftMaxHeapSize                          = 4294967296                             {manageable} {ergonomic}
     bool UseCompressedOops                        = true                           {product lp64_product} {ergonomic}
     bool UseG1GC                                  = true                                      {product} {ergonomic}
     bool UseLargePagesIndividualAllocation        = false                                  {pd product} {ergonomic}

Logging:
Log output configuration:
 #0: stdout all=warning uptime,level,tags foldmultilines=false
 #1: stderr all=off uptime,level,tags foldmultilines=false

Environment Variables:
CLASSPATH=C:\Users\Mosca\Documents\androidestudio\RestauranteAPP\\gradle\wrapper\gradle-wrapper.jar
PATH=C:\Program Files\Common Files\Oracle\Java\javapath;C:\Program Files (x86)\Common Files\Intel\Shared Libraries\redist\intel64\compiler;C:\Windows\system32;C:\Windows;C:\Windows\System32\Wbem;C:\Windows\System32\WindowsPowerShell\v1.0\;C:\Windows\System32\OpenSSH\;C:\Program Files\Git\cmd;C:\Users\Mosca\AppData\Local\Programs\Python\Python313\Scripts\;C:\Users\Mosca\AppData\Local\Programs\Python\Python313\;C:\Users\Mosca\AppData\Local\Microsoft\WindowsApps;C:\Users\Mosca\AppData\Local\Programs\Microsoft VS Code\bin;C:\Users\Mosca\AppData\Local\Programs\cursor\resources\app\bin
USERNAME=Mosca
LANG=en_US.UTF-8
OS=Windows_NT
PROCESSOR_IDENTIFIER=Intel64 Family 6 Model 78 Stepping 3, GenuineIntel
TMP=C:\Users\Mosca\AppData\Local\Temp
TEMP=C:\Users\Mosca\AppData\Local\Temp




Periodic native trim disabled

---------------  S Y S T E M  ---------------

OS:
 Windows 10 , 64 bit Build 19041 (10.0.19041.5915)
OS uptime: 2 days 2:56 hours

CPU: total 4 (initial active 4) (2 cores per cpu, 2 threads per core) family 6 model 78 stepping 3 microcode 0xcc, cx8, cmov, fxsr, ht, mmx, 3dnowpref, sse, sse2, sse3, ssse3, sse4.1, sse4.2, popcnt, lzcnt, tsc, tscinvbit, avx, avx2, aes, erms, clmul, bmi1, bmi2, adx, fma, vzeroupper, clflush, clflushopt, rdtscp, f16c
Processor Information for all 4 processors :
  Max Mhz: 1992, Current Mhz: 1992, Mhz Limit: 1992

Memory: 4k page, system-wide physical 3970M (245M free)
TotalPageFile size 16258M (AvailPageFile size 1M)
current process WorkingSet (physical memory assigned to process): 357M, peak: 465M
current process commit charge ("private bytes"): 702M, peak: 707M

vm_info: Java HotSpot(TM) 64-Bit Server VM (21.0.7+8-LTS-245) for windows-amd64 JRE (21.0.7+8-LTS-245), built on 2025-02-21T05:11:27Z by "mach5one" with MS VC++ 17.6 (VS2022)

END.
